<html>
<body>
<pre>
<h1>礦ision Build Log</h1>
<h2>Tool Versions:</h2>
IDE-Version: μVision V5.12.0.0
Copyright (C) 2014 ARM Ltd and ARM Germany GmbH. All rights reserved.
License Information: li Microsoft, Microsoft, LIC=JL2VE-5CF7G-I5ITC-7RXBX-GN90G-RXA7N
 
Tool Versions:
Toolchain:       MDK-ARM Standard  Version: 5.12.0.0
Toolchain Path:  C:\Keil_v5\ARM\ARMCC\Bin
C Compiler:      Armcc.exe V5.05 (build 41)
Assembler:       Armasm.exe V5.05 (build 41)
Linker/Locator:  ArmLink.exe V5.05 (build 41)
Library Manager: ArmAr.exe V5.05 (build 41)
Hex Converter:   FromElf.exe V5.05 (build 41)
CPU DLL:         SARMCM3.DLL V5.12.0.0
Dialog DLL:      DARMSTM.DLL V1.65.0.0
    Target DLL: Segger\JL2CM3.dll
Dialog DLL:      TARMSTM.DLL V1.64.0.0
 
<h2>Project:</h2>
C:\Users\Administrator\Desktop\MPU6050\User\stm32工程.uvproj
Project File Date:  07/24/2016

<h2>Output:</h2>
Build target 'Target 1'
"..\Obj\stm32工程.axf" - 0 Error(s), 0 Warning(s).
</pre>
</body>
</html>
is incompatible with parameter of type "u8 *"
                                                LCD_ShowString(30,80,210,24,24,xianshi);
main.c: 1 warning, 0 errors
compiling stm32f10x_it.c...
stm32f10x_it.c(307): warning:  #167-D: argument of type "char *" is incompatible with parameter of type "u8 *"
        LCD_ShowString(30,110,210,24,24,xianshi1);
stm32f10x_it.c: 1 warning, 0 errors
compiling usart.c...
compiling sys.c...
compiling adc.c...
compiling lcd.c...
linking...
Program Size: Code=32592 RO-data=6652 RW-data=48 ZI-data=1720  
FromELF: creating hex file...
"..\Obj\stm32工程.axf" - 0 Error(s), 2 Warning(s).
32f10x_dac.c...
compiling stm32f10x_dbgmcu.c...
compiling stm32f10x_dma.c...
compiling stm32f10x_exti.c...
compiling stm32f10x_flash.c...
compiling stm32f10x_fsmc.c...
compiling stm32f10x_gpio.c...
compiling stm32f10x_i2c.c...
compiling stm32f10x_iwdg.c...
compiling stm32f10x_pwr.c...
compiling stm32f10x_rcc.c...
compiling stm32f10x_rtc.c...
compiling stm32f10x_sdio.c...
compiling stm32f10x_spi.c...
compiling stm32f10x_tim.c...
compiling stm32f10x_usart.c...
compiling stm32f10x_wwdg.c...
compiling delay.c...
compiling usart.c...
compiling MY_time_Conf.c...
compiling sys.c...
compiling adc.c...
compiling lcd.c...
compiling LDC1000.c...
linking...
Program Size: Code=31992 RO-data=6652 RW-data=48 ZI-data=1720  
FromELF: creating hex file...
"..\Obj\stm32工程.axf" - 0 Error(s), 2 Warning(s).
TDO: 1, TMS: 0, TRES: 1, TRST: 1
Hardware-Breakpoints: 6
Software-Breakpoints: 8192
Watchpoints:          4
JTAG speed: 2000 kHz
 
Full Chip Erase Done.
Programming Done.
Verify OK.
Application running ...
