Component: ARM Compiler 5.05 (build 41) Tool: armlink [4d0eb9]

==============================================================================

Section Cross References

    main.o(i.main) refers to _printf_pad.o(.text) for _printf_pre_padding
    main.o(i.main) refers to _printf_percent.o(.ARM.Collect$$_printf_percent$$00000000) for _printf_percent
    main.o(i.main) refers to _printf_f.o(.ARM.Collect$$_printf_percent$$00000003) for _printf_f
    main.o(i.main) refers to printf1.o(x$fpl$printf1) for _printf_fp_dec
    main.o(i.main) refers to sys.o(i.RCC_Configuration) for RCC_Configuration
    main.o(i.main) refers to delay.o(i.delay_init) for delay_init
    main.o(i.main) refers to adc.o(i.ADC_Configuration) for ADC_Configuration
    main.o(i.main) refers to my_time_conf.o(i.Timer2_Init) for Timer2_Init
    main.o(i.main) refers to my_time_conf.o(i.TIM3_PWM_Init) for TIM3_PWM_Init
    main.o(i.main) refers to stm32f10x_tim.o(i.TIM_SetCompare1) for TIM_SetCompare1
    main.o(i.main) refers to stm32f10x_tim.o(i.TIM_SetCompare2) for TIM_SetCompare2
    main.o(i.main) refers to stm32f10x_tim.o(i.TIM_SetCompare3) for TIM_SetCompare3
    main.o(i.main) refers to stm32f10x_tim.o(i.TIM_SetCompare4) for TIM_SetCompare4
    main.o(i.main) refers to my_time_conf.o(i.TIM1_Configuration) for TIM1_Configuration
    main.o(i.main) refers to my_time_conf.o(i.TIM4_Configuration) for TIM4_Configuration
    main.o(i.main) refers to my_time_conf.o(i.TIM8_Configuration) for TIM8_Configuration
    main.o(i.main) refers to my_time_conf.o(i.TIM5_PWM_Init) for TIM5_PWM_Init
    main.o(i.main) refers to ldc1000.o(i.LDC_SPI_Init) for LDC_SPI_Init
    main.o(i.main) refers to ldc1000.o(i.LDC1000_init) for LDC1000_init
    main.o(i.main) refers to usart.o(i.USART1_Config) for USART1_Config
    main.o(i.main) refers to usart.o(i.USART2_Config) for USART2_Config
    main.o(i.main) refers to lcd.o(i.LCD_Init) for LCD_Init
    main.o(i.main) refers to delay.o(i.delay_ms) for delay_ms
    main.o(i.main) refers to lcd.o(i.LCD_ShowString) for LCD_ShowString
    main.o(i.main) refers to f2d.o(x$fpl$f2d) for __aeabi_f2d
    main.o(i.main) refers to noretval__2sprintf.o(.text) for __2sprintf
    main.o(i.main) refers to lcd.o(.data) for POINT_COLOR
    main.o(i.main) refers to main.o(.data) for cishu
    main.o(i.main) refers to main.o(.bss) for angle
    stm32f10x_it.o(i.TIM2_IRQHandler) refers to _printf_pad.o(.text) for _printf_pre_padding
    stm32f10x_it.o(i.TIM2_IRQHandler) refers to _printf_percent.o(.ARM.Collect$$_printf_percent$$00000000) for _printf_percent
    stm32f10x_it.o(i.TIM2_IRQHandler) refers to _printf_d.o(.ARM.Collect$$_printf_percent$$00000009) for _printf_d
    stm32f10x_it.o(i.TIM2_IRQHandler) refers to _printf_dec.o(.text) for _printf_int_dec
    stm32f10x_it.o(i.TIM2_IRQHandler) refers to _printf_x.o(.ARM.Collect$$_printf_percent$$0000000C) for _printf_x
    stm32f10x_it.o(i.TIM2_IRQHandler) refers to _printf_hex_int.o(.text) for _printf_longlong_hex
    stm32f10x_it.o(i.TIM2_IRQHandler) refers to stm32f10x_adc.o(i.ADC_SoftwareStartConvCmd) for ADC_SoftwareStartConvCmd
    stm32f10x_it.o(i.TIM2_IRQHandler) refers to stm32f10x_adc.o(i.ADC_GetFlagStatus) for ADC_GetFlagStatus
    stm32f10x_it.o(i.TIM2_IRQHandler) refers to stm32f10x_adc.o(i.ADC_GetConversionValue) for ADC_GetConversionValue
    stm32f10x_it.o(i.TIM2_IRQHandler) refers to noretval__2sprintf.o(.text) for __2sprintf
    stm32f10x_it.o(i.TIM2_IRQHandler) refers to lcd.o(i.LCD_ShowString) for LCD_ShowString
    stm32f10x_it.o(i.TIM2_IRQHandler) refers to ldc1000.o(i.LDC_RP) for LDC_RP
    stm32f10x_it.o(i.TIM2_IRQHandler) refers to stm32f10x_tim.o(i.TIM_ClearITPendingBit) for TIM_ClearITPendingBit
    stm32f10x_it.o(i.TIM2_IRQHandler) refers to adc.o(.data) for DATA_ADC
    stm32f10x_it.o(i.TIM2_IRQHandler) refers to ldc1000.o(.data) for Rp1
    stm32f10x_it.o(i.TIM2_IRQHandler) refers to main.o(.data) for cishu
    stm32f10x_it.o(i.USART1_IRQHandler) refers to stm32f10x_usart.o(i.USART_ClearITPendingBit) for USART_ClearITPendingBit
    stm32f10x_it.o(i.USART2_IRQHandler) refers to stm32f10x_usart.o(i.USART_ClearITPendingBit) for USART_ClearITPendingBit
    stm32f10x_it.o(i.USART3_IRQHandler) refers to stm32f10x_usart.o(i.USART_ClearITPendingBit) for USART_ClearITPendingBit
    system_stm32f10x.o(i.SetSysClock) refers to system_stm32f10x.o(i.SetSysClockTo72) for SetSysClockTo72
    system_stm32f10x.o(i.SystemCoreClockUpdate) refers to system_stm32f10x.o(.data) for SystemCoreClock
    system_stm32f10x.o(i.SystemInit) refers to system_stm32f10x.o(i.SetSysClock) for SetSysClock
    startup_stm32f10x_hd.o(STACK) refers (Special) to heapauxi.o(.text) for __use_two_region_memory
    startup_stm32f10x_hd.o(HEAP) refers (Special) to heapauxi.o(.text) for __use_two_region_memory
    startup_stm32f10x_hd.o(RESET) refers (Special) to heapauxi.o(.text) for __use_two_region_memory
[...]
    i.EXTI3_IRQHandler                       0x080016c2   Section        0  stm32f10x_it.o(i.EXTI3_IRQHandler)
    i.EXTI4_IRQHandler                       0x080016c4   Section        0  stm32f10x_it.o(i.EXTI4_IRQHandler)
    i.EXTI9_5_IRQHandler                     0x080016c6   Section        0  stm32f10x_it.o(i.EXTI9_5_IRQHandler)
    i.FLASH_IRQHandler                       0x080016c8   Section        0  stm32f10x_it.o(i.FLASH_IRQHandler)
    i.FLASH_PrefetchBufferCmd                0x080016cc   Section        0  stm32f10x_flash.o(i.FLASH_PrefetchBufferCmd)
    i.FLASH_SetLatency                       0x080016e8   Section        0  stm32f10x_flash.o(i.FLASH_SetLatency)
    i.FSMC_IRQHandler                        0x08001700   Section        0  stm32f10x_it.o(i.FSMC_IRQHandler)
    i.FSMC_NORSRAMCmd                        0x08001704   Section        0  stm32f10x_fsmc.o(i.FSMC_NORSRAMCmd)
    i.FSMC_NORSRAMInit                       0x08001738   Section        0  stm32f10x_fsmc.o(i.FSMC_NORSRAMInit)
    i.GPIO_Init                              0x0800181e   Section        0  stm32f10x_gpio.o(i.GPIO_Init)
    i.GPIO_PinRemapConfig                    0x08001934   Section        0  stm32f10x_gpio.o(i.GPIO_PinRemapConfig)
    i.GPIO_SetBits                           0x080019c4   Section        0  stm32f10x_gpio.o(i.GPIO_SetBits)
    i.HardFault_Handler                      0x080019c8   Section        0  stm32f10x_it.o(i.HardFault_Handler)
    i.I2C1_ER_IRQHandler                     0x080019cc   Section        0  stm32f10x_it.o(i.I2C1_ER_IRQHandler)
    i.I2C1_EV_IRQHandler                     0x080019ce   Section        0  stm32f10x_it.o(i.I2C1_EV_IRQHandler)
    i.I2C2_ER_IRQHandler                     0x080019d0   Section        0  stm32f10x_it.o(i.I2C2_ER_IRQHandler)
    i.I2C2_EV_IRQHandler                     0x080019d2   Section        0  stm32f10x_it.o(i.I2C2_EV_IRQHandler)
    i.LCD_Clear                              0x080019d4   Section        0  lcd.o(i.LCD_Clear)
    i.LCD_Display_Dir                        0x08001a40   Section        0  lcd.o(i.LCD_Display_Dir)
    i.LCD_Fast_DrawPoint                     0x08001c00   Section        0  lcd.o(i.LCD_Fast_DrawPoint)
    i.LCD_Init                               0x08001d7c   Section        0  lcd.o(i.LCD_Init)
    i.LCD_RD_DATA                            0x080054f0   Section        0  lcd.o(i.LCD_RD_DATA)
    i.LCD_ReadReg                            0x08005504   Section        0  lcd.o(i.LCD_ReadReg)
    i.LCD_SSD_BackLightSet                   0x0800551c   Section        0  lcd.o(i.LCD_SSD_BackLightSet)
    i.LCD_Scan_Dir                           0x08005570   Section        0  lcd.o(i.LCD_Scan_Dir)
    i.LCD_SetCursor                          0x0800585c   Section        0  lcd.o(i.LCD_SetCursor)
    i.LCD_ShowChar                           0x08005a04   Section        0  lcd.o(i.LCD_ShowChar)
    i.LCD_ShowString                         0x08005b2c   Section        0  lcd.o(i.LCD_ShowString)
    i.LCD_WR_DATA                            0x08005b94   Section        0  lcd.o(i.LCD_WR_DATA)
    i.LCD_WR_REG                             0x08005ba0   Section        0  lcd.o(i.LCD_WR_REG)
    i.LCD_WriteRAM_Prepare                   0x08005bac   Section        0  lcd.o(i.LCD_WriteRAM_Prepare)
    i.LCD_WriteReg                           0x08005bc0   Section        0  lcd.o(i.LCD_WriteReg)
    i.LDC1000_init                           0x08005bd0   Section        0  ldc1000.o(i.LDC1000_init)
    i.LDC_RP                                 0x08005c44   Section        0  ldc1000.o(i.LDC_RP)
    i.LDC_SPI_Init                           0x08005c74   Section        0  ldc1000.o(i.LDC_SPI_Init)
    i.MemManage_Handler                      0x08005d34   Section        0  stm32f10x_it.o(i.MemManage_Handler)
    i.NMI_Handler                            0x08005d38   Section        0  stm32f10x_it.o(i.NMI_Handler)
    i.NVIC_Init                              0x08005d3c   Section        0  misc.o(i.NVIC_Init)
    i.NVIC_PriorityGroupConfig               0x08005dac   Section        0  misc.o(i.NVIC_PriorityGroupConfig)
    i.PVD_IRQHandler                         0x08005dc0   Section        0  stm32f10x_it.o(i.PVD_IRQHandler)
    i.PendSV_Handler                         0x08005dc2   Section        0  stm32f10x_it.o(i.PendSV_Handler)
    i.RCC_ADCCLKConfig                       0x08005dc4   Section        0  stm32f10x_rcc.o(i.RCC_ADCCLKConfig)
    i.RCC_AHBPeriphClockCmd                  0x08005ddc   Section        0  stm32f10x_rcc.o(i.RCC_AHBPeriphClockCmd)
    i.RCC_APB1PeriphClockCmd                 0x08005dfc   Section        0  stm32f10x_rcc.o(i.RCC_APB1PeriphClockCmd)
    i.RCC_APB1PeriphResetCmd                 0x08005e1c   Section        0  stm32f10x_rcc.o(i.RCC_APB1PeriphResetCmd)
    i.RCC_APB2PeriphClockCmd                 0x08005e3c   Section        0  stm32f10x_rcc.o(i.RCC_APB2PeriphClockCmd)
    i.RCC_APB2PeriphResetCmd                 0x08005e5c   Section        0  stm32f10x_rcc.o(i.RCC_APB2PeriphResetCmd)
    i.RCC_Configuration                      0x08005e7c   Section        0  sys.o(i.RCC_Configuration)
    i.RCC_DeInit                             0x08005ee0   Section        0  stm32f10x_rcc.o(i.RCC_DeInit)
    i.RCC_GetClocksFreq                      0x08005f2c   Section        0  stm32f10x_rcc.o(i.RCC_GetClocksFreq)
    i.RCC_GetFlagStatus                      0x08006000   Section        0  stm32f10x_rcc.o(i.RCC_GetFlagStatus)
    i.RCC_GetSYSCLKSource                    0x0800603c   Section        0  stm32f10x_rcc.o(i.RCC_GetSYSCLKSource)
    i.RCC_HCLKConfig                         0x0800604c   Section        0  stm32f10x_rcc.o(i.RCC_HCLKConfig)
    i.RCC_HSEConfig                          0x08006064   Section        0  stm32f10x_rcc.o(i.RCC_HSEConfig)
    i.RCC_IRQHandler                         0x080060b0   Section        0  stm32f10x_it.o(i.RCC_IRQHandler)
    i.RCC_PCLK1Config                        0x080060b4   Section        0  stm32f10x_rcc.o(i.RCC_PCLK1Config)
    i.RCC_PCLK2Config                        0x080060cc   Section        0  stm32f10x_rcc.o(i.RCC_PCLK2Config)
    i.RCC_PLLCmd                             0x080060e4   Section        0  stm32f10x_rcc.o(i.RCC_PLLCmd)
    i.RCC_PLLConfig                          0x080060f0   Section        0  stm32f10x_rcc.o(i.RCC_PLLConfig)
    i.RCC_SYSCLKConfig                       0x0800610c   Section        0  stm32f10x_rcc.o(i.RCC_SYSCLKConfig)
    i.RCC_WaitForHSEStartUp                  0x08006124   Section        0  stm32f10x_rcc.o(i.RCC_WaitForHSEStartUp)
    i.RTCAlarm_IRQHandler                    0x0800615c   Section        0  stm32f10x_it.o(i.RTCAlarm_IRQHandler)
    i.RTC_IRQHandler                         0x0800615e   Section        0  stm32f10x_it.o(i.RTC_IRQHandler)
    i.SDIO_IRQHandler                        0x08006160   Section        0  stm32f10x_it.o(i.SDIO_IRQHandler)
    i.SPI1_IRQHandler                        0x08006162   Section        0  stm32f10x_it.o(i.SPI1_IRQHandler)
    i.SPI1_ReadWriteByte                     0x08006164   Section        0  ldc1000.o(i.SPI1_ReadWriteByte)
    i.SPI2_IRQHandler                        0x080061b8   Section        0  stm32f10x_it.o(i.SPI2_IRQHandler)
    i.SPI3_IRQHandler                        0x080061ba   Section        0  stm32f10x_it.o(i.SPI3_IRQHandler)
    i.SPI_Cmd                                0x080061bc   Section        0  stm32f10x_spi.o(i.SPI_Cmd)
    i.SPI_I2S_GetFlagStatus                  0x080061d4   Section        0  stm32f10x_spi.o(i.SPI_I2S_GetFlagStatus)
    i.SPI_I2S_ReceiveData                    0x080061e6   Section        0  stm32f10x_spi.o(i.SPI_I2S_ReceiveData)
    i.SPI_I2S_SendData                       0x080061ec   Section        0  stm32f10x_spi.o(i.SPI_I2S_SendData)
    i.SPI_Init                               0x080061f0   Section        0  stm32f10x_spi.o(i.SPI_Init)
    i.SVC_Handler                            0x0800622c   Section        0  stm32f10x_it.o(i.SVC_Handler)
    i.SetSysClock                            0x0800622e   Section        0  system_stm32f10x.o(i.SetSysClock)
    SetSysClock                              0x0800622f   Thumb Code     8  system_stm32f10x.o(i.SetSysClock)
    i.SetSysClockTo72                        0x08006238   Section        0  system_stm32f10x.o(i.SetSysClockTo72)
    SetSysClockTo72                          0x08006239   Thumb Code   214  system_stm32f10x.o(i.SetSysClockTo72)
    i.SysTick_Handler                        0x08006318   Section        0  stm32f10x_it.o(i.SysTick_Handler)
    i.SystemInit                             0x0800631c   Section        0  system_stm32f10x.o(i.SystemInit)
    i.TAMPER_IRQHandler                      0x0800637c   Section        0  stm32f10x_it.o(i.TAMPER_IRQHandler)
    i.TIM1_BRK_IRQHandler                    0x0800637e   Section        0  stm32f10x_it.o(i.TIM1_BRK_IRQHandler)
    i.TIM1_CC_IRQHandler                     0x08006380   Section        0  stm32f10x_it.o(i.TIM1_CC_IRQHandler)
    i.TIM1_Configuration                     0x08006384   Section        0  my_time_conf.o(i.TIM1_Configuration)
    i.TIM1_TRG_COM_IRQHandler                0x08006418   Section        0  stm32f10x_it.o(i.TIM1_TRG_COM_IRQHandler)
    i.TIM1_UP_IRQHandler                     0x0800641a   Section        0  stm32f10x_it.o(i.TIM1_UP_IRQHandler)
    i.TIM2_IRQHandler                        0x0800641c   Section        0  stm32f10x_it.o(i.TIM2_IRQHandler)
    i.TIM3_IRQHandler                        0x080064d4   Section        0  stm32f10x_it.o(i.TIM3_IRQHandler)
    i.TIM3_PWM_Init                          0x080064d8   Section        0  my_time_conf.o(i.TIM3_PWM_Init)
    i.TIM4_Configuration                     0x080065f8   Section        0  my_time_conf.o(i.TIM4_Configuration)
    i.TIM4_IRQHandler                        0x08006680   Section        0  stm32f10x_it.o(i.TIM4_IRQHandler)
    i.TIM5_IRQHandler                        0x08006682   Section        0  stm32f10x_it.o(i.TIM5_IRQHandler)
    i.TIM5_PWM_Init                          0x08006684   Section        0  my_time_conf.o(i.TIM5_PWM_Init)
    i.TIM6_IRQHandler                        0x08006718   Section        0  stm32f10x_it.o(i.TIM6_IRQHandler)
    i.TIM7_IRQHandler                        0x0800671a   Section        0  stm32f10x_it.o(i.TIM7_IRQHandler)
    i.TIM8_BRK_IRQHandler                    0x0800671c   Section        0  stm32f10x_it.o(i.TIM8_BRK_IRQHandler)
    i.TIM8_CC_IRQHandler                     0x0800671e   Section        0  stm32f10x_it.o(i.TIM8_CC_IRQHandler)
    i.TIM8_Configuration                     0x08006720   Section        0  my_time_conf.o(i.TIM8_Configuration)
    i.TIM8_TRG_COM_IRQHandler                0x080067a0   Section        0  stm32f10x_it.o(i.TIM8_TRG_COM_IRQHandler)
    i.TIM8_UP_IRQHandler                     0x080067a2   Section        0  stm32f10x_it.o(i.TIM8_UP_IRQHandler)
    i.TIM_ClearITPendingBit                  0x080067a4   Section        0  stm32f10x_tim.o(i.TIM_ClearITPendingBit)
    i.TIM_Cmd                                0x080067aa   Section        0  stm32f10x_tim.o(i.TIM_Cmd)
    i.TIM_DeInit                             0x080067c4   Section        0  stm32f10x_tim.o(i.TIM_DeInit)
    i.TIM_ETRClockMode1Config                0x080069ac   Section        0  stm32f10x_tim.o(i.TIM_ETRClockMode1Config)
    i.TIM_ETRConfig                          0x080069e2   Section        0  stm32f10x_tim.o(i.TIM_ETRConfig)
    i.TIM_ITConfig                           0x080069fe   Section        0  stm32f10x_tim.o(i.TIM_ITConfig)
    i.TIM_ITRxExternalClockConfig            0x08006a10   Section        0  stm32f10x_tim.o(i.TIM_ITRxExternalClockConfig)
    i.TIM_OC1Init                            0x08006a28   Section        0  stm32f10x_tim.o(i.TIM_OC1Init)
    i.TIM_OC1PreloadConfig                   0x08006ac0   Section        0  stm32f10x_tim.o(i.TIM_OC1PreloadConfig)
    i.TIM_OC2Init                            0x08006ad4   Section        0  stm32f10x_tim.o(i.TIM_OC2Init)
    i.TIM_OC2PreloadConfig                   0x08006b78   Section        0  stm32f10x_tim.o(i.TIM_OC2PreloadConfig)
    i.TIM_OC3Init                            0x08006b94   Section        0  stm32f10x_tim.o(i.TIM_OC3Init)
    i.TIM_OC3PreloadConfig                   0x08006c34   Section        0  stm32f10x_tim.o(i.TIM_OC3PreloadConfig)
    i.TIM_OC4Init                            0x08006c48   Section        0  stm32f10x_tim.o(i.TIM_OC4Init)
    i.TIM_OC4PreloadConfig                   0x08006cc4   Section        0  stm32f10x_tim.o(i.TIM_OC4PreloadConfig)
    i.TIM_SelectInputTrigger                 0x08006cde   Section        0  stm32f10x_tim.o(i.TIM_SelectInputTrigger)
    i.TIM_SetCompare1                        0x08006cf0   Section        0  stm32f10x_tim.o(i.TIM_SetCompare1)
    i.TIM_SetCompare2                        0x08006cf4   Section        0  stm32f10x_tim.o(i.TIM_SetCompare2)
    i.TIM_SetCompare3                        0x08006cf8   Section        0  stm32f10x_tim.o(i.TIM_SetCompare3)
    i.TIM_SetCompare4                        0x08006cfc   Section        0  stm32f10x_tim.o(i.TIM_SetCompare4)
    i.TIM_SetCounter                         0x08006d02   Section        0  stm32f10x_tim.o(i.TIM_SetCounter)
    i.TIM_TimeBaseInit                       0x08006d08   Section        0  stm32f10x_tim.o(i.TIM_TimeBaseInit)
    i.Timer2_Init                            0x08006dac   Section        0  my_time_conf.o(i.Timer2_Init)
    i.USART1_Config                          0x08006e10   Section        0  usart.o(i.USART1_Config)
    i.USART1_IRQHandler                      0x08006eac   Section        0  stm32f10x_it.o(i.USART1_IRQHandler)
    i.USART2_Config                          0x08006ec0   Section        0  usart.o(i.USART2_Config)
    i.USART2_IRQHandler                      0x08006f74   Section        0  stm32f10x_it.o(i.USART2_IRQHandler)
    i.USART3_IRQHandler                      0x08006f88   Section        0  stm32f10x_it.o(i.USART3_IRQHandler)
    i.USART_ClearFlag                        0x08006f9c   Section        0  stm32f10x_usart.o(i.USART_ClearFlag)
    i.USART_ClearITPendingBit                0x08006fae   Section        0  stm32f10x_usart.o(i.USART_ClearITPendingBit)
    i.USART_Cmd                              0x08006fcc   Section        0  stm32f10x_usart.o(i.USART_Cmd)
    i.USART_DeInit                           0x08006fe4   Section        0  stm32f10x_usart.o(i.USART_DeInit)
    i.USART_ITConfig                         0x08007080   Section        0  stm32f10x_usart.o(i.USART_ITConfig)
    i.USART_Init                             0x080070cc   Section        0  stm32f10x_usart.o(i.USART_Init)
    i.USBWakeUp_IRQHandler                   0x080071a4   Section        0  stm32f10x_it.o(i.USBWakeUp_IRQHandler)
    i.UsageFault_Handler                     0x080071a6   Section        0  stm32f10x_it.o(i.UsageFault_Handler)
    i.WWDG_IRQHandler                        0x080071aa   Section        0  stm32f10x_it.o(i.WWDG_IRQHandler)
    i.__ARM_fpclassify                       0x080071ac   Section        0  fpclassify.o(i.__ARM_fpclassify)
    i._is_digit                              0x080071d4   Section        0  __printf_wp.o(i._is_digit)
    i._sys_exit                              0x080071e2   Section        0  usart.o(i._sys_exit)
    i.delay_init                             0x080071e8   Section        0  delay.o(i.delay_init)
    i.delay_ms                               0x08007228   Section        0  delay.o(i.delay_ms)
    i.delay_us                               0x08007264   Section        0  delay.o(i.delay_us)
    i.fputc                                  0x080072a0   Section        0  usart.o(i.fputc)
    i.main                                   0x080072bc   Section        0  main.o(i.main)
    i.spi_readByte                           0x080073d4   Section        0  ldc1000.o(i.spi_readByte)
    i.spi_writeByte                          0x08007400   Section        0  ldc1000.o(i.spi_writeByte)
    locale$$code                             0x08007428   Section       44  lc_numeric_c.o(locale$$code)
    x$fpl$dfixu                              0x08007454   Section       90  dfixu.o(x$fpl$dfixu)
    x$fpl$dfltu                              0x080074ae   Section       38  dflt_clz.o(x$fpl$dfltu)
    x$fpl$dmul                               0x080074d4   Section      340  dmul.o(x$fpl$dmul)
    x$fpl$dnaninf                            0x08007628   Section      156  dnaninf.o(x$fpl$dnaninf)
    x$fpl$dretinf                            0x080076c4   Section       12  dretinf.o(x$fpl$dretinf)
    x$fpl$f2d                                0x080076d0   Section       86  f2d.o(x$fpl$f2d)
    x$fpl$fnaninf                            0x08007726   Section      140  fnaninf.o(x$fpl$fnaninf)
    x$fpl$printf1                            0x080077b2   Section        4  printf1.o(x$fpl$printf1)
    .constdata                               0x080077b6   Section     6080  lcd.o(.constdata)
    x$fpl$usenofp                            0x080077b6   Section        0  usenofp.o(x$fpl$usenofp)
    .constdata                               0x08008f76   Section       40  _printf_hex_int.o(.constdata)
    uc_hextab                                0x08008f76   Data          20  _printf_hex_int.o(.constdata)
    lc_hextab                                0x08008f8a   Data          20  _printf_hex_int.o(.constdata)
    .constdata                               0x08008f9e   Section       17  __printf_flags_wp.o(.constdata)
    maptable                                 0x08008f9e   Data          17  __printf_flags_wp.o(.constdata)
    .constdata                               0x08008fb0   Section      148  bigflt0.o(.constdata)
    tenpwrs_x                                0x08008fb0   Data          60  bigflt0.o(.constdata)
    tenpwrs_i                                0x08008fec   Data          64  bigflt0.o(.constdata)
    locale$$data                             0x08009064   Section       28  lc_numeric_c.o(locale$$data)
    __lcnum_c_name                           0x08009068   Data           2  lc_numeric_c.o(locale$$data)
    __lcnum_c_start                          0x08009070   Data           0  lc_numeric_c.o(locale$$data)
    __lcnum_c_point                          0x0800907c   Data           0  lc_numeric_c.o(locale$$data)
    __lcnum_c_thousands                      0x0800907e   Data           0  lc_numeric_c.o(locale$$data)
    __lcnum_c_grouping                       0x0800907f   Data           0  lc_numeric_c.o(locale$$data)
    __lcnum_c_end                            0x08009080   Data           0  lc_numeric_c.o(locale$$data)
    .data                                    0x20000000   Section        6  main.o(.data)
    .data                                    0x20000006   Section       20  stm32f10x_rcc.o(.data)
    APBAHBPrescTable                         0x20000006   Data          16  stm32f10x_rcc.o(.data)
    ADCPrescTable                            0x20000016   Data           4  stm32f10x_rcc.o(.data)
    .data                                    0x2000001a   Section        4  delay.o(.data)
    fac_us                                   0x2000001a   Data           1  delay.o(.data)
    fac_ms                                   0x2000001c   Data           2  delay.o(.data)
    .data                                    0x20000020   Section        4  usart.o(.data)
    .data                                    0x20000024   Section        2  adc.o(.data)
    .data                                    0x20000026   Section        4  lcd.o(.data)
    .data                                    0x2000002c   Section       16  ldc1000.o(.data)
    .bss                                     0x2000003c   Section       36  main.o(.bss)
    .bss                                     0x20000060   Section       14  lcd.o(.bss)
    .bss                                     0x20000070   Section       96  libspace.o(.bss)
    HEAP                                     0x200000d0   Section      512  startup_stm32f10x_hd.o(HEAP)
    Heap_Mem                                 0x200000d0   Data         512  startup_stm32f10x_hd.o(HEAP)
    STACK                                    0x200002d0   Section     1024  startup_stm32f10x_hd.o(STACK)
    Stack_Mem                                0x200002d0   Data        1024  startup_stm32f10x_hd.o(STACK)
    __initial_sp                             0x200006d0   Data           0  startup_stm32f10x_hd.o(STACK)

    Global Symbols

    Symbol Name                              Value     Ov Type        Size  Object(Section)

    BuildAttributes$$THM_ISAv4$P$D$K$B$S$PE$A:L22UL41UL21$X:L11$S22US41US21$IEEE1$IW$USESV6$~STKCKD$USESV7$~SHL$OTIME$ROPI$IEEEJ$EBA8$UX$STANDARDLIB$REQ8$PRES8$EABIv2 0x00000000   Number         0  anon$$obj.o ABSOLUTE
    __ARM_use_no_argv                        0x00000000   Number         0  main.o ABSOLUTE
    _printf_flags                            0x00000000   Number         0  printf_stubs.o ABSOLUTE
    _printf_return_value                     0x00000000   Number         0  printf_stubs.o ABSOLUTE
    _printf_sizespec                         0x00000000   Number         0  printf_stubs.o ABSOLUTE
    _printf_widthprec                        0x00000000   Number         0  printf_stubs.o ABSOLUTE
    __ARM_exceptions_init                     - Undefined Weak Reference
    __alloca_initialize                       - Undefined Weak Reference
    __arm_preinit_                            - Undefined Weak Reference
    __cpp_initialize__aeabi_                  - Undefined Weak Reference
    __cxa_finalize                            - Undefined Weak Reference
    __sigvec_lookup                           - Undefined Weak Reference
    _atexit_init                              - Undefined Weak Reference
    _call_atexit_fns                          - Undefined Weak Reference
    _clock_init                               - Undefined Weak Reference
    _fp_trap_init                             - Undefined Weak Reference
    _fp_trap_shutdown                         - Undefined Weak Reference
    _get_lc_collate                           - Undefined Weak Reference
    _get_lc_ctype                             - Undefined Weak Reference
    _get_lc_monetary                          - Undefined Weak Reference
    _get_lc_time                              - Undefined Weak Reference
    _getenv_init                              - Undefined Weak Reference
    _handle_redirection                       - Undefined Weak Reference
    _init_alloc                               - Undefined Weak Reference
    _init_user_alloc                          - Undefined Weak Reference
    _initio                                   - Undefined Weak Reference
    _mutex_acquire                            - Undefined Weak Reference
    _mutex_release                            - Undefined Weak Reference
    _printf_truncate_signed                   - Undefined Weak Reference
    _printf_truncate_unsigned                 - Undefined Weak Reference
    _rand_init                                - Undefined Weak Reference
    _signal_finish                            - Undefined Weak Reference
    _signal_init                              - Undefined Weak Reference
    _terminate_alloc                          - Undefined Weak Reference
    _terminate_user_alloc                     - Undefined Weak Reference
    _terminateio                              - Undefined Weak Reference
    __Vectors_Size                           0x00000130   Number         0  startup_stm32f10x_hd.o ABSOLUTE
    __Vectors                                0x08000000   Data           4  startup_stm32f10x_hd.o(RESET)
    __Vectors_End                            0x08000130   Data           0  startup_stm32f10x_hd.o(RESET)
    __main                                   0x08000131   Thumb Code     8  __main.o(!!!main)
    __scatterload                            0x08000139   Thumb Code     0  __scatter.o(!!!scatter)
    __scatterload_rt2                        0x08000139   Thumb Code    44  __scatter.o(!!!scatter)
    __scatterload_rt2_thumb_only             0x08000139   Thumb Code     0  __scatter.o(!!!scatter)
    __scatterload_null                       0x08000147   Thumb Code     0  __scatter.o(!!!scatter)
    __scatterload_copy                       0x0800016d   Thumb Code    26  __scatter_copy.o(!!handler_copy)
    __scatterload_zeroinit                   0x08000189   Thumb Code    28  __scatter_zi.o(!!handler_zi)
    _printf_f                                0x080001a5   Thumb Code     0  _printf_f.o(.ARM.Collect$$_printf_percent$$00000003)
    _printf_percent                          0x080001a5   Thumb Code     0  _printf_percent.o(.ARM.Collect$$_printf_percent$$00000000)
    _printf_d                                0x080001ab   Thumb Code     0  _printf_d.o(.ARM.Collect$$_printf_percent$$00000009)
    _printf_x                                0x080001b1   Thumb Code     0  _printf_x.o(.ARM.Collect$$_printf_percent$$0000000C)
    _printf_percent_end                      0x080001b7   Thumb Code     0  _printf_percent_end.o(.ARM.Collect$$_printf_percent$$00000017)
    __rt_lib_init                            0x080001bb   Thumb Code     0  libinit.o(.ARM.Collect$$libinit$$00000000)
    __rt_lib_init_fp_1                       0x080001bd   Thumb Code     0  libinit2.o(.ARM.Collect$$libinit$$00000002)
    __rt_lib_init_heap_1                     0x080001bd   Thumb Code     0  libinit2.o(.ARM.Collect$$libinit$$0000000A)
    __rt_lib_init_lc_common                  0x080001bd   Thumb Code     0  libinit2.o(.ARM.Collect$$libinit$$0000000F)
    __rt_lib_init_preinit_1                  0x080001bd   Thumb Code     0  libinit2.o(.ARM.Collect$$libinit$$00000004)
    __rt_lib_init_rand_1                     0x080001bd   Thumb Code     0  libinit2.o(.ARM.Collect$$libinit$$0000000E)
    __rt_lib_init_user_alloc_1               0x080001bd   Thumb Code     0  libinit2.o(.ARM.Collect$$libinit$$0000000C)
    __rt_lib_init_lc_collate_1               0x080001c3   Thumb Code     0  libinit2.o(.ARM.Collect$$libinit$$00000011)
    __rt_lib_init_lc_ctype_1                 0x080001c3   Thumb Code     0  libinit2.o(.ARM.Collect$$libinit$$00000013)
    __rt_lib_init_lc_monetary_1              0x080001c3   Thumb Code     0  libinit2.o(.ARM.Collect$$libinit$$00000015)
    __rt_lib_init_lc_numeric_2               0x080001c3   Thumb Code     0  libinit2.o(.ARM.Collect$$libinit$$00000016)
    __rt_lib_init_alloca_1                   0x080001cd   Thumb Code     0  libinit2.o(.ARM.Collect$$libinit$$0000002E)
    __rt_lib_init_argv_1                     0x080001cd   Thumb Code     0  libinit2.o(.ARM.Collect$$libinit$$0000002C)
    __rt_lib_init_atexit_1                   0x080001cd   Thumb Code     0  libinit2.o(.ARM.Collect$$libinit$$0000001B)
    __rt_lib_init_clock_1                    0x080001cd   Thumb Code     0  libinit2.o(.ARM.Collect$$libinit$$00000021)
    __rt_lib_init_cpp_1                      0x080001cd   Thumb Code     0  libinit2.o(.ARM.Collect$$libinit$$00000032)
    __rt_lib_init_exceptions_1               0x080001cd   Thumb Code     0  libinit2.o(.ARM.Collect$$libinit$$00000030)
    __rt_lib_init_fp_trap_1                  0x080001cd   Thumb Code     0  libinit2.o(.ARM.Collect$$libinit$$0000001F)
    __rt_lib_init_getenv_1                   0x080001cd   Thumb Code     0  libinit2.o(.ARM.Collect$$libinit$$00000023)
    __rt_lib_init_lc_numeric_1               0x080001cd   Thumb Code     0  libinit2.o(.ARM.Collect$$libinit$$00000017)
    __rt_lib_init_lc_time_1                  0x080001cd   Thumb Code     0  libinit2.o(.ARM.Collect$$libinit$$00000019)
    __rt_lib_init_return                     0x080001cd   Thumb Code     0  libinit2.o(.ARM.Collect$$libinit$$00000033)
    __rt_lib_init_signal_1                   0x080001cd   Thumb Code     0  libinit2.o(.ARM.Collect$$libinit$$0000001D)
    __rt_lib_init_stdio_1                    0x080001cd   Thumb Code     0  libinit2.o(.ARM.Collect$$libinit$$00000025)
    __rt_lib_shutdown                        0x080001cf   Thumb Code     0  libshutdown.o(.ARM.Collect$$libshutdown$$00000000)
    __rt_lib_shutdown_fp_trap_1              0x080001d1   Thumb Code     0  libshutdown2.o(.ARM.Collect$$libshutdown$$00000006)
    __rt_lib_shutdown_heap_1                 0x080001d1   Thumb Code     0  libshutdown2.o(.ARM.Collect$$libshutdown$$0000000E)
    __rt_lib_shutdown_return                 0x080001d1   Thumb Code     0  libshutdown2.o(.ARM.Collect$$libshutdown$$0000000F)
    __rt_lib_shutdown_signal_1               0x080001d1   Thumb Code     0  libshutdown2.o(.ARM.Collect$$libshutdown$$00000009)
    __rt_lib_shutdown_stdio_1                0x080001d1   Thumb Code     0  libshutdown2.o(.ARM.Collect$$libshutdown$$00000003)
    __rt_lib_shutdown_user_alloc_1           0x080001d1   Thumb Code     0  libshutdown2.o(.ARM.Collect$$libshutdown$$0000000B)
    __rt_entry                               0x080001d3   Thumb Code     0  __rtentry.o(.ARM.Collect$$rtentry$$00000000)
    __rt_entry_presh_1                       0x080001d3   Thumb Code     0  __rtentry2.o(.ARM.Collect$$rtentry$$00000002)
    __rt_entry_sh                            0x080001d3   Thumb Code     0  __rtentry4.o(.ARM.Collect$$rtentry$$00000004)
    __rt_entry_li                            0x080001d9   Thumb Code     0  __rtentry2.o(.ARM.Collect$$rtentry$$0000000A)
    __rt_entry_postsh_1                      0x080001d9   Thumb Code     0  __rtentry2.o(.ARM.Collect$$rtentry$$00000009)
    __rt_entry_main                          0x080001dd   Thumb Code     0  __rtentry2.o(.ARM.Collect$$rtentry$$0000000D)
    __rt_entry_postli_1                      0x080001dd   Thumb Code     0  __rtentry2.o(.ARM.Collect$$rtentry$$0000000C)
    __rt_exit                                0x080001e5   Thumb Code     0  rtexit.o(.ARM.Collect$$rtexit$$00000000)
    __rt_exit_ls                             0x080001e7   Thumb Code     0  rtexit2.o(.ARM.Collect$$rtexit$$00000003)
    __rt_exit_prels_1                        0x080001e7   Thumb Code     0  rtexit2.o(.ARM.Collect$$rtexit$$00000002)
    __rt_exit_exit                           0x080001eb   Thumb Code     0  rtexit2.o(.ARM.Collect$$rtexit$$00000004)
    Reset_Handler                            0x080001f1   Thumb Code     8  startup_stm32f10x_hd.o(.text)
    CAN1_RX1_IRQHandler                      0x0800020b   Thumb Code     0  startup_stm32f10x_hd.o(.text)
    CAN1_SCE_IRQHandler                      0x0800020b   Thumb Code     0  startup_stm32f10x_hd.o(.text)
    UART4_IRQHandler                         0x0800020b   Thumb Code     0  startup_stm32f10x_hd.o(.text)
    UART5_IRQHandler                         0x0800020b   Thumb Code     0  startup_stm32f10x_hd.o(.text)
    USB_HP_CAN1_TX_IRQHandler                0x0800020b   Thumb Code     0  startup_stm32f10x_hd.o(.text)
    USB_LP_CAN1_RX0_IRQHandler               0x0800020b   Thumb Code     0  startup_stm32f10x_hd.o(.text)
    __user_initial_stackheap                 0x0800020d   Thumb Code     0  startup_stm32f10x_hd.o(.text)
    __use_no_semihosting                     0x08000231   Thumb Code     2  use_no_semi_2.o(.text)
    __2printf                                0x08000235   Thumb Code    20  noretval__2printf.o(.text)
    __2sprintf                               0x0800024d   Thumb Code    34  noretval__2sprintf.o(.text)
    _printf_pre_padding                      0x08000275   Thumb Code    44  _printf_pad.o(.text)
    _printf_post_padding                     0x080002a1   Thumb Code    34  _printf_pad.o(.text)
    _printf_int_dec                          0x080002c5   Thumb Code   104  _printf_dec.o(.text)
    _printf_int_hex                          0x0800033d   Thumb Code    84  _printf_hex_int.o(.text)
    _printf_longlong_hex                     0x0800033d   Thumb Code     0  _printf_hex_int.o(.text)
    __printf                                 0x08000395   Thumb Code   308  __printf_flags_wp.o(.text)
    __use_two_region_memory                  0x080004cd   Thumb Code     2  heapauxi.o(.text)
    __rt_heap_escrow$2region                 0x080004cf   Thumb Code     2  heapauxi.o(.text)
    __rt_heap_expand$2region                 0x080004d1   Thumb Code     2  heapauxi.o(.text)
    __I$use$semihosting                      0x080004d3   Thumb Code     0  use_no_semi.o(.text)
    __use_no_semihosting_swi                 0x080004d3   Thumb Code     2  use_no_semi.o(.text)
    _printf_int_common                       0x080004d5   Thumb Code   178  _printf_intcommon.o(.text)
    __lib_sel_fp_printf                      0x08000587   Thumb Code     2  _printf_fp_dec.o(.text)
    _printf_fp_dec_real                      0x08000735   Thumb Code   620  _printf_fp_dec.o(.text)
    _printf_char_common                      0x080009ab   Thumb Code    32  _printf_char_common.o(.text)
    _sputc                                   0x080009d1   Thumb Code    10  _sputc.o(.text)
    _printf_char_file                        0x080009dd   Thumb Code    32  _printf_char_file.o(.text)
    __rt_locale                              0x08000a01   Thumb Code     8  rt_locale_intlibspace.o(.text)
    _ll_udiv10                               0x08000a09   Thumb Code   138  lludiv10.o(.text)
    _printf_fp_infnan                        0x08000a95   Thumb Code   112  _printf_fp_infnan.o(.text)
    _btod_etento                             0x08000b15   Thumb Code   216  bigflt0.o(.text)
    ferror                                   0x08000bf1   Thumb Code     8  ferror.o(.text)
    __user_libspace                          0x08000bf9   Thumb Code     8  libspace.o(.text)
    __user_perproc_libspace                  0x08000bf9   Thumb Code     0  libspace.o(.text)
    __user_perthread_libspace                0x08000bf9   Thumb Code     0  libspace.o(.text)
    __user_setup_stackheap                   0x08000c01   Thumb Code    74  sys_stackheap_outer.o(.text)
    exit                                     0x08000c4b   Thumb Code    12  exit.o(.text)
    strcmp                                   0x08000c59   Thumb Code   128  strcmpv7m.o(.text)
    _btod_d2e                                0x08000cd9   Thumb Code    62  btod.o(CL$$btod_d2e)
    _d2e_denorm_low                          0x08000d17   Thumb Code    70  btod.o(CL$$btod_d2e_denorm_low)
    _d2e_norm_op1                            0x08000d5d   Thumb Code    96  btod.o(CL$$btod_d2e_norm_op1)
    __btod_div_common                        0x08000dbd   Thumb Code   696  btod.o(CL$$btod_div_common)
    _e2e                                     0x080010f5   Thumb Code   198  btod.o(CL$$btod_e2e)
    _btod_ediv                               0x080011bb   Thumb Code    40  btod.o(CL$$btod_ediv)
    _btod_emul                               0x080011e3   Thumb Code    40  btod.o(CL$$btod_emul)
    __btod_mult_common                       0x0800120b   Thumb Code   580  btod.o(CL$$btod_mult_common)
    ADC1_2_IRQHandler                        0x0800144f   Thumb Code     2  stm32f10x_it.o(i.ADC1_2_IRQHandler)
    ADC3_IRQHandler                          0x08001451   Thumb Code     2  stm32f10x_it.o(i.ADC3_IRQHandler)
    ADC_Cmd                                  0x08001453   Thumb Code    22  stm32f10x_adc.o(i.ADC_Cmd)
    ADC_Configuration                        0x08001469   Thumb Code   164  adc.o(i.ADC_Configuration)
    ADC_DMACmd                               0x08001515   Thumb Code    22  stm32f10x_adc.o(i.ADC_DMACmd)
    ADC_GetCalibrationStatus                 0x0800152b   Thumb Code    20  stm32f10x_adc.o(i.ADC_GetCalibrationStatus)
    ADC_GetConversionValue                   0x0800153f   Thumb Code     8  stm32f10x_adc.o(i.ADC_GetConversionValue)
    ADC_GetFlagStatus                        0x08001547   Thumb Code    18  stm32f10x_adc.o(i.ADC_GetFlagStatus)
    ADC_GetResetCalibrationStatus            0x08001559   Thumb Code    20  stm32f10x_adc.o(i.ADC_GetResetCalibrationStatus)
    ADC_Init                                 0x0800156d   Thumb Code    70  stm32f10x_adc.o(i.ADC_Init)
    ADC_RegularChannelConfig                 0x080015bd   Thumb Code   184  stm32f10x_adc.o(i.ADC_RegularChannelConfig)
    ADC_ResetCalibration                     0x08001675   Thumb Code    10  stm32f10x_adc.o(i.ADC_ResetCalibration)
    ADC_SoftwareStartConvCmd                 0x0800167f   Thumb Code    22  stm32f10x_adc.o(i.ADC_SoftwareStartConvCmd)
    ADC_StartCalibration                     0x08001695   Thumb Code    10  stm32f10x_adc.o(i.ADC_StartCalibration)
    BusFault_Handler                         0x0800169f   Thumb Code     4  stm32f10x_it.o(i.BusFault_Handler)
    DMA1_Channel1_IRQHandler                 0x080016a3   Thumb Code     2  stm32f10x_it.o(i.DMA1_Channel1_IRQHandler)
    DMA1_Channel2_IRQHandler                 0x080016a5   Thumb Code     2  stm32f10x_it.o(i.DMA1_Channel2_IRQHandler)
    DMA1_Channel3_IRQHandler                 0x080016a7   Thumb Code     2  stm32f10x_it.o(i.DMA1_Channel3_IRQHandler)
    DMA1_Channel4_IRQHandler                 0x080016a9   Thumb Code     2  stm32f10x_it.o(i.DMA1_Channel4_IRQHandler)
    DMA1_Channel5_IRQHandler                 0x080016ab   Thumb Code     2  stm32f10x_it.o(i.DMA1_Channel5_IRQHandler)
    DMA1_Channel6_IRQHandler                 0x080016ad   Thumb Code     2  stm32f10x_it.o(i.DMA1_Channel6_IRQHandler)
    DMA1_Channel7_IRQHandler                 0x080016af   Thumb Code     2  stm32f10x_it.o(i.DMA1_Channel7_IRQHandler)
    DMA2_Channel1_IRQHandler                 0x080016b1   Thumb Code     2  stm32f10x_it.o(i.DMA2_Channel1_IRQHandler)
    DMA2_Channel2_IRQHandler                 0x080016b3   Thumb Code     2  stm32f10x_it.o(i.DMA2_Channel2_IRQHandler)
    DMA2_Channel3_IRQHandler                 0x080016b5   Thumb Code     2  stm32f10x_it.o(i.DMA2_Channel3_IRQHandler)
    DMA2_Channel4_5_IRQHandler               0x080016b7   Thumb Code     2  stm32f10x_it.o(i.DMA2_Channel4_5_IRQHandler)
    DebugMon_Handler                         0x080016b9   Thumb Code     2  stm32f10x_it.o(i.DebugMon_Handler)
    EXTI0_IRQHandler                         0x080016bb   Thumb Code     2  stm32f10x_it.o(i.EXTI0_IRQHandler)
    EXTI15_10_IRQHandler                     0x080016bd   Thumb Code     2  stm32f10x_it.o(i.EXTI15_10_IRQHandler)
    EXTI1_IRQHandler                         0x080016bf   Thumb Code     2  stm32f10x_it.o(i.EXTI1_IRQHandler)
    EXTI2_IRQHandler                         0x080016c1   Thumb Code     2  stm32f10x_it.o(i.EXTI2_IRQHandler)
    EXTI3_IRQHandler                         0x080016c3   Thumb Code     2  stm32f10x_it.o(i.EXTI3_IRQHandler)
    EXTI4_IRQHandler                         0x080016c5   Thumb Code     2  stm32f10x_it.o(i.EXTI4_IRQHandler)
    EXTI9_5_IRQHandler                       0x080016c7   Thumb Code     2  stm32f10x_it.o(i.EXTI9_5_IRQHandler)
    FLASH_IRQHandler                         0x080016c9   Thumb Code     2  stm32f10x_it.o(i.FLASH_IRQHandler)
    FLASH_PrefetchBufferCmd                  0x080016cd   Thumb Code    22  stm32f10x_flash.o(i.FLASH_PrefetchBufferCmd)
    FLASH_SetLatency                         0x080016e9   Thumb Code    18  stm32f10x_flash.o(i.FLASH_SetLatency)
    FSMC_IRQHandler                          0x08001701   Thumb Code     2  stm32f10x_it.o(i.FSMC_IRQHandler)
    FSMC_NORSRAMCmd                          0x08001705   Thumb Code    46  stm32f10x_fsmc.o(i.FSMC_NORSRAMCmd)
    FSMC_NORSRAMInit                         0x08001739   Thumb Code   230  stm32f10x_fsmc.o(i.FSMC_NORSRAMInit)
    GPIO_Init                                0x0800181f   Thumb Code   278  stm32f10x_gpio.o(i.GPIO_Init)
    GPIO_PinRemapConfig                      0x08001935   Thumb Code   138  stm32f10x_gpio.o(i.GPIO_PinRemapConfig)
    GPIO_SetBits                             0x080019c5   Thumb Code     4  stm32f10x_gpio.o(i.GPIO_SetBits)
    HardFault_Handler                        0x080019c9   Thumb Code     4  stm32f10x_it.o(i.HardFault_Handler)
    I2C1_ER_IRQHandler                       0x080019cd   Thumb Code     2  stm32f10x_it.o(i.I2C1_ER_IRQHandler)
    I2C1_EV_IRQHandler                       0x080019cf   Thumb Code     2  stm32f10x_it.o(i.I2C1_EV_IRQHandler)
    I2C2_ER_IRQHandler                       0x080019d1   Thumb Code     2  stm32f10x_it.o(i.I2C2_ER_IRQHandler)
    I2C2_EV_IRQHandler                       0x080019d3   Thumb Code     2  stm32f10x_it.o(i.I2C2_EV_IRQHandler)
    LCD_Clear                                0x080019d5   Thumb Code   100  lcd.o(i.LCD_Clear)
    LCD_Display_Dir                          0x08001a41   Thumb Code   444  lcd.o(i.LCD_Display_Dir)
    LCD_Fast_DrawPoint                       0x08001c01   Thumb Code   370  lcd.o(i.LCD_Fast_DrawPoint)
    LCD_Init                                 0x08001d7d   Thumb Code 14186  lcd.o(i.LCD_Init)
    LCD_RD_DATA                              0x080054f1   Thumb Code    14  lcd.o(i.LCD_RD_DATA)
    LCD_ReadReg                              0x08005505   Thumb Code    22  lcd.o(i.LCD_ReadReg)
    LCD_SSD_BackLightSet                     0x0800551d   Thumb Code    80  lcd.o(i.LCD_SSD_BackLightSet)
    LCD_Scan_Dir                             0x08005571   Thumb Code   744  lcd.o(i.LCD_Scan_Dir)
    LCD_SetCursor                            0x0800585d   Thumb Code   418  lcd.o(i.LCD_SetCursor)
    LCD_ShowChar                             0x08005a05   Thumb Code   272  lcd.o(i.LCD_ShowChar)
    LCD_ShowString                           0x08005b2d   Thumb Code   102  lcd.o(i.LCD_ShowString)
    LCD_WR_DATA                              0x08005b95   Thumb Code     6  lcd.o(i.LCD_WR_DATA)
    LCD_WR_REG                               0x08005ba1   Thumb Code     6  lcd.o(i.LCD_WR_REG)
    LCD_WriteRAM_Prepare                     0x08005bad   Thumb Code    10  lcd.o(i.LCD_WriteRAM_Prepare)
    LCD_WriteReg                             0x08005bc1   Thumb Code    10  lcd.o(i.LCD_WriteReg)
    LDC1000_init                             0x08005bd1   Thumb Code   114  ldc1000.o(i.LDC1000_init)
    LDC_RP                                   0x08005c45   Thumb Code    38  ldc1000.o(i.LDC_RP)
    LDC_SPI_Init                             0x08005c75   Thumb Code   180  ldc1000.o(i.LDC_SPI_Init)
    MemManage_Handler                        0x08005d35   Thumb Code     4  stm32f10x_it.o(i.MemManage_Handler)
    NMI_Handler                              0x08005d39   Thumb Code     2  stm32f10x_it.o(i.NMI_Handler)
    NVIC_Init                                0x08005d3d   Thumb Code   100  misc.o(i.NVIC_Init)
    NVIC_PriorityGroupConfig                 0x08005dad   Thumb Code    10  misc.o(i.NVIC_PriorityGroupConfig)
    PVD_IRQHandler                           0x08005dc1   Thumb Code     2  stm32f10x_it.o(i.PVD_IRQHandler)
    PendSV_Handler                           0x08005dc3   Thumb Code     2  stm32f10x_it.o(i.PendSV_Handler)
    RCC_ADCCLKConfig                         0x08005dc5   Thumb Code    18  stm32f10x_rcc.o(i.RCC_ADCCLKConfig)
    RCC_AHBPeriphClockCmd                    0x08005ddd   Thumb Code    26  stm32f10x_rcc.o(i.RCC_AHBPeriphClockCmd)
    RCC_APB1PeriphClockCmd                   0x08005dfd   Thumb Code    26  stm32f10x_rcc.o(i.RCC_APB1PeriphClockCmd)
    RCC_APB1PeriphResetCmd                   0x08005e1d   Thumb Code    26  stm32f10x_rcc.o(i.RCC_APB1PeriphResetCmd)
    RCC_APB2PeriphClockCmd                   0x08005e3d   Thumb Code    26  stm32f10x_rcc.o(i.RCC_APB2PeriphClockCmd)
    RCC_APB2PeriphResetCmd                   0x08005e5d   Thumb Code    26  stm32f10x_rcc.o(i.RCC_APB2PeriphResetCmd)
    RCC_Configuration                        0x08005e7d   Thumb Code   100  sys.o(i.RCC_Configuration)
    RCC_DeInit                               0x08005ee1   Thumb Code    64  stm32f10x_rcc.o(i.RCC_DeInit)
    RCC_GetClocksFreq                        0x08005f2d   Thumb Code   192  stm32f10x_rcc.o(i.RCC_GetClocksFreq)
    RCC_GetFlagStatus                        0x08006001   Thumb Code    56  stm32f10x_rcc.o(i.RCC_GetFlagStatus)
    RCC_GetSYSCLKSource                      0x0800603d   Thumb Code    10  stm32f10x_rcc.o(i.RCC_GetSYSCLKSource)
    RCC_HCLKConfig                           0x0800604d   Thumb Code    18  stm32f10x_rcc.o(i.RCC_HCLKConfig)
    RCC_HSEConfig                            0x08006065   Thumb Code    70  stm32f10x_rcc.o(i.RCC_HSEConfig)
    RCC_IRQHandler                           0x080060b1   Thumb Code     2  stm32f10x_it.o(i.RCC_IRQHandler)
    RCC_PCLK1Config                          0x080060b5   Thumb Code    18  stm32f10x_rcc.o(i.RCC_PCLK1Config)
    RCC_PCLK2Config                          0x080060cd   Thumb Code    20  stm32f10x_rcc.o(i.RCC_PCLK2Config)
    RCC_PLLCmd                               0x080060e5   Thumb Code     6  stm32f10x_rcc.o(i.RCC_PLLCmd)
    RCC_PLLConfig                            0x080060f1   Thumb Code    24  stm32f10x_rcc.o(i.RCC_PLLConfig)
    RCC_SYSCLKConfig                         0x0800610d   Thumb Code    18  stm32f10x_rcc.o(i.RCC_SYSCLKConfig)
    RCC_WaitForHSEStartUp                    0x08006125   Thumb Code    56  stm32f10x_rcc.o(i.RCC_WaitForHSEStartUp)
    RTCAlarm_IRQHandler                      0x0800615d   Thumb Code     2  stm32f10x_it.o(i.RTCAlarm_IRQHandler)
    RTC_IRQHandler                           0x0800615f   Thumb Code     2  stm32f10x_it.o(i.RTC_IRQHandler)
    SDIO_IRQHandler                          0x08006161   Thumb Code     2  stm32f10x_it.o(i.SDIO_IRQHandler)
    SPI1_IRQHandler                          0x08006163   Thumb Code     2  stm32f10x_it.o(i.SPI1_IRQHandler)
    SPI1_ReadWriteByte                       0x08006165   Thumb Code    78  ldc1000.o(i.SPI1_ReadWriteByte)
    SPI2_IRQHandler                          0x080061b9   Thumb Code     2  stm32f10x_it.o(i.SPI2_IRQHandler)
    SPI3_IRQHandler                          0x080061bb   Thumb Code     2  stm32f10x_it.o(i.SPI3_IRQHandler)
    SPI_Cmd                                  0x080061bd   Thumb Code    24  stm32f10x_spi.o(i.SPI_Cmd)
    SPI_I2S_GetFlagStatus                    0x080061d5   Thumb Code    18  stm32f10x_spi.o(i.SPI_I2S_GetFlagStatus)
    SPI_I2S_ReceiveData                      0x080061e7   Thumb Code     6  stm32f10x_spi.o(i.SPI_I2S_ReceiveData)
    SPI_I2S_SendData                         0x080061ed   Thumb Code     4  stm32f10x_spi.o(i.SPI_I2S_SendData)
    SPI_Init                                 0x080061f1   Thumb Code    60  stm32f10x_spi.o(i.SPI_Init)
    SVC_Handler                              0x0800622d   Thumb Code     2  stm32f10x_it.o(i.SVC_Handler)
    SysTick_Handler                          0x08006319   Thumb Code     2  stm32f10x_it.o(i.SysTick_Handler)
    SystemInit                               0x0800631d   Thumb Code    78  system_stm32f10x.o(i.SystemInit)
    TAMPER_IRQHandler                        0x0800637d   Thumb Code     2  stm32f10x_it.o(i.TAMPER_IRQHandler)
    TIM1_BRK_IRQHandler                      0x0800637f   Thumb Code     2  stm32f10x_it.o(i.TIM1_BRK_IRQHandler)
    TIM1_CC_IRQHandler                       0x08006381   Thumb Code     2  stm32f10x_it.o(i.TIM1_CC_IRQHandler)
    TIM1_Configuration                       0x08006385   Thumb Code   140  my_time_conf.o(i.TIM1_Configuration)
    TIM1_TRG_COM_IRQHandler                  0x08006419   Thumb Code     2  stm32f10x_it.o(i.TIM1_TRG_COM_IRQHandler)
    TIM1_UP_IRQHandler                       0x0800641b   Thumb Code     2  stm32f10x_it.o(i.TIM1_UP_IRQHandler)
    TIM2_IRQHandler                          0x0800641d   Thumb Code   138  stm32f10x_it.o(i.TIM2_IRQHandler)
    TIM3_IRQHandler                          0x080064d5   Thumb Code     2  stm32f10x_it.o(i.TIM3_IRQHandler)
    TIM3_PWM_Init                            0x080064d9   Thumb Code   274  my_time_conf.o(i.TIM3_PWM_Init)
    TIM4_Configuration                       0x080065f9   Thumb Code   126  my_time_conf.o(i.TIM4_Configuration)
    TIM4_IRQHandler                          0x08006681   Thumb Code     2  stm32f10x_it.o(i.TIM4_IRQHandler)
    TIM5_IRQHandler                          0x08006683   Thumb Code     2  stm32f10x_it.o(i.TIM5_IRQHandler)
    TIM5_PWM_Init                            0x08006685   Thumb Code   138  my_time_conf.o(i.TIM5_PWM_Init)
    TIM6_IRQHandler                          0x08006719   Thumb Code     2  stm32f10x_it.o(i.TIM6_IRQHandler)
    TIM7_IRQHandler                          0x0800671b   Thumb Code     2  stm32f10x_it.o(i.TIM7_IRQHandler)
    TIM8_BRK_IRQHandler                      0x0800671d   Thumb Code     2  stm32f10x_it.o(i.TIM8_BRK_IRQHandler)
    TIM8_CC_IRQHandler                       0x0800671f   Thumb Code     2  stm32f10x_it.o(i.TIM8_CC_IRQHandler)
    TIM8_Configuration                       0x08006721   Thumb Code   118  my_time_conf.o(i.TIM8_Configuration)
    TIM8_TRG_COM_IRQHandler                  0x080067a1   Thumb Code     2  stm32f10x_it.o(i.TIM8_TRG_COM_IRQHandler)
    TIM8_UP_IRQHandler                       0x080067a3   Thumb Code     2  stm32f10x_it.o(i.TIM8_UP_IRQHandler)
    TIM_ClearITPendingBit                    0x080067a5   Thumb Code     6  stm32f10x_tim.o(i.TIM_ClearITPendingBit)
    TIM_Cmd                                  0x080067ab   Thumb Code    24  stm32f10x_tim.o(i.TIM_Cmd)
    TIM_DeInit                               0x080067c5   Thumb Code   424  stm32f10x_tim.o(i.TIM_DeInit)
    TIM_ETRClockMode1Config                  0x080069ad   Thumb Code    54  stm32f10x_tim.o(i.TIM_ETRClockMode1Config)
    TIM_ETRConfig                            0x080069e3   Thumb Code    28  stm32f10x_tim.o(i.TIM_ETRConfig)
    TIM_ITConfig                             0x080069ff   Thumb Code    18  stm32f10x_tim.o(i.TIM_ITConfig)
    TIM_ITRxExternalClockConfig              0x08006a11   Thumb Code    24  stm32f10x_tim.o(i.TIM_ITRxExternalClockConfig)
    TIM_OC1Init                              0x08006a29   Thumb Code   132  stm32f10x_tim.o(i.TIM_OC1Init)
    TIM_OC1PreloadConfig                     0x08006ac1   Thumb Code    18  stm32f10x_tim.o(i.TIM_OC1PreloadConfig)
    TIM_OC2Init                              0x08006ad5   Thumb Code   154  stm32f10x_tim.o(i.TIM_OC2Init)
    TIM_OC2PreloadConfig                     0x08006b79   Thumb Code    26  stm32f10x_tim.o(i.TIM_OC2PreloadConfig)
    TIM_OC3Init                              0x08006b95   Thumb Code   150  stm32f10x_tim.o(i.TIM_OC3Init)
    TIM_OC3PreloadConfig                     0x08006c35   Thumb Code    18  stm32f10x_tim.o(i.TIM_OC3PreloadConfig)
    TIM_OC4Init                              0x08006c49   Thumb Code   114  stm32f10x_tim.o(i.TIM_OC4Init)
    TIM_OC4PreloadConfig                     0x08006cc5   Thumb Code    26  stm32f10x_tim.o(i.TIM_OC4PreloadConfig)
    TIM_SelectInputTrigger                   0x08006cdf   Thumb Code    18  stm32f10x_tim.o(i.TIM_SelectInputTrigger)
    TIM_SetCompare1                          0x08006cf1   Thumb Code     4  stm32f10x_tim.o(i.TIM_SetCompare1)
    TIM_SetCompare2                          0x08006cf5   Thumb Code     4  stm32f10x_tim.o(i.TIM_SetCompare2)
    TIM_SetCompare3                          0x08006cf9   Thumb Code     4  stm32f10x_tim.o(i.TIM_SetCompare3)
    TIM_SetCompare4                          0x08006cfd   Thumb Code     6  stm32f10x_tim.o(i.TIM_SetCompare4)
    TIM_SetCounter                           0x08006d03   Thumb Code     4  stm32f10x_tim.o(i.TIM_SetCounter)
    TIM_TimeBaseInit                         0x08006d09   Thumb Code   122  stm32f10x_tim.o(i.TIM_TimeBaseInit)
    Timer2_Init                              0x08006dad   Thumb Code   100  my_time_conf.o(i.Timer2_Init)
    USART1_Config                            0x08006e11   Thumb Code   146  usart.o(i.USART1_Config)
    USART1_IRQHandler                        0x08006ead   Thumb Code    14  stm32f10x_it.o(i.USART1_IRQHandler)
    USART2_Config                            0x08006ec1   Thumb Code   172  usart.o(i.USART2_Config)
    USART2_IRQHandler                        0x08006f75   Thumb Code    14  stm32f10x_it.o(i.USART2_IRQHandler)
    USART3_IRQHandler                        0x08006f89   Thumb Code    14  stm32f10x_it.o(i.USART3_IRQHandler)
    USART_ClearFlag                          0x08006f9d   Thumb Code    18  stm32f10x_usart.o(i.USART_ClearFlag)
    USART_ClearITPendingBit                  0x08006faf   Thumb Code    30  stm32f10x_usart.o(i.USART_ClearITPendingBit)
    USART_Cmd                                0x08006fcd   Thumb Code    24  stm32f10x_usart.o(i.USART_Cmd)
    USART_DeInit                             0x08006fe5   Thumb Code   134  stm32f10x_usart.o(i.USART_DeInit)
    USART_ITConfig                           0x08007081   Thumb Code    74  stm32f10x_usart.o(i.USART_ITConfig)
    USART_Init                               0x080070cd   Thumb Code   210  stm32f10x_usart.o(i.USART_Init)
    USBWakeUp_IRQHandler                     0x080071a5   Thumb Code     2  stm32f10x_it.o(i.USBWakeUp_IRQHandler)
    UsageFault_Handler                       0x080071a7   Thumb Code     4  stm32f10x_it.o(i.UsageFault_Handler)
    WWDG_IRQHandler                          0x080071ab   Thumb Code     2  stm32f10x_it.o(i.WWDG_IRQHandler)
    __ARM_fpclassify                         0x080071ad   Thumb Code    40  fpclassify.o(i.__ARM_fpclassify)
    _is_digit                                0x080071d5   Thumb Code    14  __printf_wp.o(i._is_digit)
    _sys_exit                                0x080071e3   Thumb Code     6  usart.o(i._sys_exit)
    delay_init                               0x080071e9   Thumb Code    56  delay.o(i.delay_init)
    delay_ms                                 0x08007229   Thumb Code    56  delay.o(i.delay_ms)
    delay_us                                 0x08007265   Thumb Code    56  delay.o(i.delay_us)
    fputc                                    0x080072a1   Thumb Code    24  usart.o(i.fputc)
    main                                     0x080072bd   Thumb Code   222  main.o(i.main)
    spi_readByte                             0x080073d5   Thumb Code    38  ldc1000.o(i.spi_readByte)
    spi_writeByte                            0x08007401   Thumb Code    36  ldc1000.o(i.spi_writeByte)
    _get_lc_numeric                          0x08007429   Thumb Code    44  lc_numeric_c.o(locale$$code)
    __aeabi_d2uiz                            0x08007455   Thumb Code     0  dfixu.o(x$fpl$dfixu)
    _dfixu                                   0x08007455   Thumb Code    90  dfixu.o(x$fpl$dfixu)
    __aeabi_ui2d                             0x080074af   Thumb Code     0  dflt_clz.o(x$fpl$dfltu)
    _dfltu                                   0x080074af   Thumb Code    38  dflt_clz.o(x$fpl$dfltu)
    __aeabi_dmul                             0x080074d5   Thumb Code     0  dmul.o(x$fpl$dmul)
    _dmul                                    0x080074d5   Thumb Code   332  dmul.o(x$fpl$dmul)
    __fpl_dnaninf                            0x08007629   Thumb Code   156  dnaninf.o(x$fpl$dnaninf)
    __fpl_dretinf                            0x080076c5   Thumb Code    12  dretinf.o(x$fpl$dretinf)
    __aeabi_f2d                              0x080076d1   Thumb Code     0  f2d.o(x$fpl$f2d)
    _f2d                                     0x080076d1   Thumb Code    86  f2d.o(x$fpl$f2d)
    __fpl_fnaninf                            0x08007727   Thumb Code   140  fnaninf.o(x$fpl$fnaninf)
    _printf_fp_dec                           0x080077b3   Thumb Code     4  printf1.o(x$fpl$printf1)
    __I$use$fp                               0x080077b6   Number         0  usenofp.o(x$fpl$usenofp)
    asc2_1206                                0x080077b6   Data        1140  lcd.o(.constdata)
    asc2_1608                                0x08007c2a   Data        1520  lcd.o(.constdata)
    asc2_2412                                0x0800821a   Data        3420  lcd.o(.constdata)
    Region$$Table$$Base                      0x08009044   Number         0  anon$$obj.o(Region$$Table)
    Region$$Table$$Limit                     0x08009064   Number         0  anon$$obj.o(Region$$Table)
    T                                        0x20000000   Data           4  main.o(.data)
    cishu                                    0x20000004   Data           1  main.o(.data)
    cishu1                                   0x20000005   Data           1  main.o(.data)
    __stdout                                 0x20000020   Data           4  usart.o(.data)
    DATA_ADC                                 0x20000024   Data           2  adc.o(.data)
    POINT_COLOR                              0x20000026   Data           2  lcd.o(.data)
    BACK_COLOR                               0x20000028   Data           2  lcd.o(.data)
    proximtyData                             0x2000002c   Data           2  ldc1000.o(.data)
    proximtyData1                            0x2000002e   Data           3  ldc1000.o(.data)
    Rp1                                      0x20000032   Data           2  ldc1000.o(.data)
    Fr                                       0x20000034   Data           4  ldc1000.o(.data)
    Rp2                                      0x20000038   Data           4  ldc1000.o(.data)
    a                                        0x2000003c   Data          12  main.o(.bss)
    w                                        0x20000048   Data          12  main.o(.bss)
    angle                                    0x20000054   Data          12  main.o(.bss)
    lcddev                                   0x20000060   Data          14  lcd.o(.bss)
    __libspace_start                         0x20000070   Data          96  libspace.o(.bss)
    __temporary_stack_top$libspace           0x200000d0   Data           0  libspace.o(.bss)



==============================================================================

Memory Map of the image

  Image Entry point : 0x08000131

  Load Region LR_IROM1 (Base: 0x08000000, Size: 0x000090bc, Max: 0x00080000, ABSOLUTE)

    Execution Region ER_IROM1 (Base: 0x08000000, Size: 0x00009080, Max: 0x00080000, ABSOLUTE)

    Base Addr    Size         Type   Attr      Idx    E Section Name        Object

    0x08000000   0x00000130   Data   RO          603    RESET               startup_stm32f10x_hd.o
    0x08000130   0x00000008   Code   RO         4166  * !!!main             c_w.l(__main.o)
    0x08000138   0x00000034   Code   RO         4429    !!!scatter          c_w.l(__scatter.o)
    0x0800016c   0x0000001a   Code   RO         4431    !!handler_copy      c_w.l(__scatter_copy.o)
    0x08000186   0x00000002   PAD
    0x08000188   0x0000001c   Code   RO         4433    !!handler_zi        c_w.l(__scatter_zi.o)
    0x080001a4   0x00000000   Code   RO         4163    .ARM.Collect$$_printf_percent$$00000000  c_w.l(_printf_percent.o)
    0x080001a4   0x00000006   Code   RO         4162    .ARM.Collect$$_printf_percent$$00000003  c_w.l(_printf_f.o)
    0x080001aa   0x00000006   Code   RO         4161    .ARM.Collect$$_printf_percent$$00000009  c_w.l(_printf_d.o)
    0x080001b0   0x00000006   Code   RO         4160    .ARM.Collect$$_printf_percent$$0000000C  c_w.l(_printf_x.o)
    0x080001b6   0x00000004   Code   RO         4219    .ARM.Collect$$_printf_percent$$00000017  c_w.l(_printf_percent_end.o)
    0x080001ba   0x00000002   Code   RO         4307    .ARM.Collect$$libinit$$00000000  c_w.l(libinit.o)
    0x080001bc   0x00000000   Code   RO         4309    .ARM.Collect$$libinit$$00000002  c_w.l(libinit2.o)
    0x080001bc   0x00000000   Code   RO         4311    .ARM.Collect$$libinit$$00000004  c_w.l(libinit2.o)
    0x080001bc   0x00000000   Code   RO         4314    .ARM.Collect$$libinit$$0000000A  c_w.l(libinit2.o)
    0x080001bc   0x00000000   Code   RO         4316    .ARM.Collect$$libinit$$0000000C  c_w.l(libinit2.o)
    0x080001bc   0x00000000   Code   RO         4318    .ARM.Collect$$libinit$$0000000E  c_w.l(libinit2.o)
    0x080001bc   0x00000006   Code   RO         4319    .ARM.Collect$$libinit$$0000000F  c_w.l(libinit2.o)
    0x080001c2   0x00000000   Code   RO         4321    .ARM.Collect$$libinit$$00000011  c_w.l(libinit2.o)
    0x080001c2   0x00000000   Code   RO         4323    .ARM.Collect$$libinit$$00000013  c_w.l(libinit2.o)
    0x080001c2   0x00000000   Code   RO         4325    .ARM.Collect$$libinit$$00000015  c_w.l(libinit2.o)
    0x080001c2   0x0000000a   Code   RO         4326    .ARM.Collect$$libinit$$00000016  c_w.l(libinit2.o)
    0x080001cc   0x00000000   Code   RO         4327    .ARM.Collect$$libinit$$00000017  c_w.l(libinit2.o)
    0x080001cc   0x00000000   Code   RO         4329    .ARM.Collect$$libinit$$00000019  c_w.l(libinit2.o)
    0x080001cc   0x00000000   Code   RO         4331    .ARM.Collect$$libinit$$0000001B  c_w.l(libinit2.o)
    0x080001cc   0x00000000   Code   RO         4333    .ARM.Collect$$libinit$$0000001D  c_w.l(libinit2.o)
    0x080001cc   0x00000000   Code   RO         4335    .ARM.Collect$$libinit$$0000001F  c_w.l(libinit2.o)
    0x080001cc   0x00000000   Code   RO         4337    .ARM.Collect$$libinit$$00000021  c_w.l(libinit2.o)
    0x080001cc   0x00000000   Code   RO         4339    .ARM.Collect$$libinit$$00000023  c_w.l(libinit2.o)
    0x080001cc   0x00000000   Code   RO         4341    .ARM.Collect$$libinit$$00000025  c_w.l(libinit2.o)
    0x080001cc   0x00000000   Code   RO         4345    .ARM.Collect$$libinit$$0000002C  c_w.l(libinit2.o)
    0x080001cc   0x00000000   Code   RO         4347    .ARM.Collect$$libinit$$0000002E  c_w.l(libinit2.o)
    0x080001cc   0x00000000   Code   RO         4349    .ARM.Collect$$libinit$$00000030  c_w.l(libinit2.o)
    0x080001cc   0x00000000   Code   RO         4351    .ARM.Collect$$libinit$$00000032  c_w.l(libinit2.o)
    0x080001cc   0x00000002   Code   RO         4352    .ARM.Collect$$libinit$$00000033  c_w.l(libinit2.o)
    0x080001ce   0x00000002   Code   RO         4380    .ARM.Collect$$libshutdown$$00000000  c_w.l(libshutdown.o)
    0x080001d0   0x00000000   Code   RO         4390    .ARM.Collect$$libshutdown$$00000003  c_w.l(libshutdown2.o)
    0x080001d0   0x00000000   Code   RO         4393    .ARM.Collect$$libshutdown$$00000006  c_w.l(libshutdown2.o)
    0x080001d0   0x00000000   Code   RO         4396    .ARM.Collect$$libshutdown$$00000009  c_w.l(libshutdown2.o)
    0x080001d0   0x00000000   Code   RO         4398    .ARM.Collect$$libshutdown$$0000000B  c_w.l(libshutdown2.o)
    0x080001d0   0x00000000   Code   RO         4401    .ARM.Collect$$libshutdown$$0000000E  c_w.l(libshutdown2.o)
    0x080001d0   0x00000002   Code   RO         4402    .ARM.Collect$$libshutdown$$0000000F  c_w.l(libshutdown2.o)
    0x080001d2   0x00000000   Code   RO         4208    .ARM.Collect$$rtentry$$00000000  c_w.l(__rtentry.o)
    0x080001d2   0x00000000   Code   RO         4232    .ARM.Collect$$rtentry$$00000002  c_w.l(__rtentry2.o)
    0x080001d2   0x00000006   Code   RO         4244    .ARM.Collect$$rtentry$$00000004  c_w.l(__rtentry4.o)
    0x080001d8   0x00000000   Code   RO         4234    .ARM.Collect$$rtentry$$00000009  c_w.l(__rtentry2.o)
    0x080001d8   0x00000004   Code   RO         4235    .ARM.Collect$$rtentry$$0000000A  c_w.l(__rtentry2.o)
    0x080001dc   0x00000000   Code   RO         4237    .ARM.Collect$$rtentry$$0000000C  c_w.l(__rtentry2.o)
    0x080001dc   0x00000008   Code   RO         4238    .ARM.Collect$$rtentry$$0000000D  c_w.l(__rtentry2.o)
    0x080001e4   0x00000002   Code   RO         4353    .ARM.Collect$$rtexit$$00000000  c_w.l(rtexit.o)
    0x080001e6   0x00000000   Code   RO         4360    .ARM.Collect$$rtexit$$00000002  c_w.l(rtexit2.o)
    0x080001e6   0x00000004   Code   RO         4361    .ARM.Collect$$rtexit$$00000003  c_w.l(rtexit2.o)
    0x080001ea   0x00000006   Code   RO         4362    .ARM.Collect$$rtexit$$00000004  c_w.l(rtexit2.o)
    0x080001f0   0x00000040   Code   RO          604    .text               startup_stm32f10x_hd.o
    0x08000230   0x00000002   Code   RO         4103    .text               c_w.l(use_no_semi_2.o)
    0x08000232   0x00000002   PAD
    0x08000234   0x00000018   Code   RO         4109    .text               c_w.l(noretval__2printf.o)
    0x0800024c   0x00000028   Code   RO         4111    .text               c_w.l(noretval__2sprintf.o)
    0x08000274   0x0000004e   Code   RO         4115    .text               c_w.l(_printf_pad.o)
    0x080002c2   0x00000002   PAD
    0x080002c4   0x00000078   Code   RO         4117    .text               c_w.l(_printf_dec.o)
    0x0800033c   0x00000058   Code   RO         4122    .text               c_w.l(_printf_hex_int.o)
    0x08000394   0x00000138   Code   RO         4152    .text               c_w.l(__printf_flags_wp.o)
    0x080004cc   0x00000006   Code   RO         4164    .text               c_w.l(heapauxi.o)
    0x080004d2   0x00000002   Code   RO         4206    .text               c_w.l(use_no_semi.o)
    0x080004d4   0x000000b2   Code   RO         4209    .text               c_w.l(_printf_intcommon.o)
    0x08000586   0x0000041a   Code   RO         4211    .text               c_w.l(_printf_fp_dec.o)
    0x080009a0   0x00000030   Code   RO         4213    .text               c_w.l(_printf_char_common.o)
    0x080009d0   0x0000000a   Code   RO         4215    .text               c_w.l(_sputc.o)
    0x080009da   0x00000002   PAD
    0x080009dc   0x00000024   Code   RO         4217    .text               c_w.l(_printf_char_file.o)
    0x08000a00   0x00000008   Code   RO         4249    .text               c_w.l(rt_locale_intlibspace.o)
    0x08000a08   0x0000008a   Code   RO         4251    .text               c_w.l(lludiv10.o)
    0x08000a92   0x00000002   PAD
    0x08000a94   0x00000080   Code   RO         4253    .text               c_w.l(_printf_fp_infnan.o)
    0x08000b14   0x000000dc   Code   RO         4257    .text               c_w.l(bigflt0.o)
    0x08000bf0   0x00000008   Code   RO         4282    .text               c_w.l(ferror.o)
    0x08000bf8   0x00000008   Code   RO         4293    .text               c_w.l(libspace.o)
    0x08000c00   0x0000004a   Code   RO         4296    .text               c_w.l(sys_stackheap_outer.o)
    0x08000c4a   0x0000000c   Code   RO         4298    .text               c_w.l(exit.o)
    0x08000c56   0x00000002   PAD
    0x08000c58   0x00000080   Code   RO         4300    .text               c_w.l(strcmpv7m.o)
    0x08000cd8   0x0000003e   Code   RO         4260    CL$$btod_d2e        c_w.l(btod.o)
    0x08000d16   0x00000046   Code   RO         4262    CL$$btod_d2e_denorm_low  c_w.l(btod.o)
    0x08000d5c   0x00000060   Code   RO         4261    CL$$btod_d2e_norm_op1  c_w.l(btod.o)
    0x08000dbc   0x00000338   Code   RO         4270    CL$$btod_div_common  c_w.l(btod.o)
    0x080010f4   0x000000c6   Code   RO         4267    CL$$btod_e2e        c_w.l(btod.o)
    0x080011ba   0x00000028   Code   RO         4264    CL$$btod_ediv       c_w.l(btod.o)
    0x080011e2   0x00000028   Code   RO         4263    CL$$btod_emul       c_w.l(btod.o)
    0x0800120a   0x00000244   Code   RO         4269    CL$$btod_mult_common  c_w.l(btod.o)
    0x0800144e   0x00000002   Code   RO          148    i.ADC1_2_IRQHandler  stm32f10x_it.o
    0x08001450   0x00000002   Code   RO          149    i.ADC3_IRQHandler   stm32f10x_it.o
    0x08001452   0x00000016   Code   RO          687    i.ADC_Cmd           stm32f10x_adc.o
    0x08001468   0x000000ac   Code   RO         3763    i.ADC_Configuration  adc.o
    0x08001514   0x00000016   Code   RO          688    i.ADC_DMACmd        stm32f10x_adc.o
    0x0800152a   0x00000014   Code   RO          695    i.ADC_GetCalibrationStatus  stm32f10x_adc.o
    0x0800153e   0x00000008   Code   RO          696    i.ADC_GetConversionValue  stm32f10x_adc.o
    0x08001546   0x00000012   Code   RO          698    i.ADC_GetFlagStatus  stm32f10x_adc.o
    0x08001558   0x00000014   Code   RO          701    i.ADC_GetResetCalibrationStatus  stm32f10x_adc.o
    0x0800156c   0x00000050   Code   RO          705    i.ADC_Init          stm32f10x_adc.o
    0x080015bc   0x000000b8   Code   RO          709    i.ADC_RegularChannelConfig  stm32f10x_adc.o
    0x08001674   0x0000000a   Code   RO          710    i.ADC_ResetCalibration  stm32f10x_adc.o
    0x0800167e   0x00000016   Code   RO          712    i.ADC_SoftwareStartConvCmd  stm32f10x_adc.o
    0x08001694   0x0000000a   Code   RO          714    i.ADC_StartCalibration  stm32f10x_adc.o
    0x0800169e   0x00000004   Code   RO          150    i.BusFault_Handler  stm32f10x_it.o
    0x080016a2   0x00000002   Code   RO          153    i.DMA1_Channel1_IRQHandler  stm32f10x_it.o
    0x080016a4   0x00000002   Code   RO          154    i.DMA1_Channel2_IRQHandler  stm32f10x_it.o
    0x080016a6   0x00000002   Code   RO          155    i.DMA1_Channel3_IRQHandler  stm32f10x_it.o
    0x080016a8   0x00000002   Code   RO          156    i.DMA1_Channel4_IRQHandler  stm32f10x_it.o
    0x080016aa   0x00000002   Code   RO          157    i.DMA1_Channel5_IRQHandler  stm32f10x_it.o
    0x080016ac   0x00000002   Code   RO          158    i.DMA1_Channel6_IRQHandler  stm32f10x_it.o
    0x080016ae   0x00000002   Code   RO          159    i.DMA1_Channel7_IRQHandler  stm32f10x_it.o
    0x080016b0   0x00000002   Code   RO          160    i.DMA2_Channel1_IRQHandler  stm32f10x_it.o
    0x080016b2   0x00000002   Code   RO          161    i.DMA2_Channel2_IRQHandler  stm32f10x_it.o
    0x080016b4   0x00000002   Code   RO          162    i.DMA2_Channel3_IRQHandler  stm32f10x_it.o
    0x080016b6   0x00000002   Code   RO          163    i.DMA2_Channel4_5_IRQHandler  stm32f10x_it.o
    0x080016b8   0x00000002   Code   RO          164    i.DebugMon_Handler  stm32f10x_it.o
    0x080016ba   0x00000002   Code   RO          165    i.EXTI0_IRQHandler  stm32f10x_it.o
    0x080016bc   0x00000002   Code   RO          166    i.EXTI15_10_IRQHandler  stm32f10x_it.o
    0x080016be   0x00000002   Code   RO          167    i.EXTI1_IRQHandler  stm32f10x_it.o
    0x080016c0   0x00000002   Code   RO          168    i.EXTI2_IRQHandler  stm32f10x_it.o
    0x080016c2   0x00000002   Code   RO          169    i.EXTI3_IRQHandler  stm32f10x_it.o
    0x080016c4   0x00000002   Code   RO          170    i.EXTI4_IRQHandler  stm32f10x_it.o
    0x080016c6   0x00000002   Code   RO          171    i.EXTI9_5_IRQHandler  stm32f10x_it.o
    0x080016c8   0x00000002   Code   RO          172    i.FLASH_IRQHandler  stm32f10x_it.o
    0x080016ca   0x00000002   PAD
    0x080016cc   0x0000001c   Code   RO         1513    i.FLASH_PrefetchBufferCmd  stm32f10x_flash.o
    0x080016e8   0x00000018   Code   RO         1518    i.FLASH_SetLatency  stm32f10x_flash.o
    0x08001700   0x00000002   Code   RO          173    i.FSMC_IRQHandler   stm32f10x_it.o
    0x08001702   0x00000002   PAD
    0x08001704   0x00000034   Code   RO         1681    i.FSMC_NORSRAMCmd   stm32f10x_fsmc.o
    0x08001738   0x000000e6   Code   RO         1683    i.FSMC_NORSRAMInit  stm32f10x_fsmc.o
    0x0800181e   0x00000116   Code   RO         1796    i.GPIO_Init         stm32f10x_gpio.o
    0x08001934   0x00000090   Code   RO         1798    i.GPIO_PinRemapConfig  stm32f10x_gpio.o
    0x080019c4   0x00000004   Code   RO         1804    i.GPIO_SetBits      stm32f10x_gpio.o
    0x080019c8   0x00000004   Code   RO          174    i.HardFault_Handler  stm32f10x_it.o
    0x080019cc   0x00000002   Code   RO          175    i.I2C1_ER_IRQHandler  stm32f10x_it.o
    0x080019ce   0x00000002   Code   RO          176    i.I2C1_EV_IRQHandler  stm32f10x_it.o
    0x080019d0   0x00000002   Code   RO          177    i.I2C2_ER_IRQHandler  stm32f10x_it.o
    0x080019d2   0x00000002   Code   RO          178    i.I2C2_EV_IRQHandler  stm32f10x_it.o
    0x080019d4   0x0000006c   Code   RO         3782    i.LCD_Clear         lcd.o
    0x08001a40   0x000001c0   Code   RO         3786    i.LCD_Display_Dir   lcd.o
    0x08001c00   0x0000017c   Code   RO         3795    i.LCD_Fast_DrawPoint  lcd.o
    0x08001d7c   0x00003774   Code   RO         3797    i.LCD_Init          lcd.o
    0x080054f0   0x00000014   Code   RO         3799    i.LCD_RD_DATA       lcd.o
    0x08005504   0x00000016   Code   RO         3801    i.LCD_ReadReg       lcd.o
    0x0800551a   0x00000002   PAD
    0x0800551c   0x00000054   Code   RO         3802    i.LCD_SSD_BackLightSet  lcd.o
    0x08005570   0x000002ec   Code   RO         3803    i.LCD_Scan_Dir      lcd.o
    0x0800585c   0x000001a8   Code   RO         3804    i.LCD_SetCursor     lcd.o
    0x08005a04   0x00000128   Code   RO         3806    i.LCD_ShowChar      lcd.o
    0x08005b2c   0x00000066   Code   RO         3808    i.LCD_ShowString    lcd.o
    0x08005b92   0x00000002   PAD
    0x08005b94   0x0000000c   Code   RO         3810    i.LCD_WR_DATA       lcd.o
    0x08005ba0   0x0000000c   Code   RO         3811    i.LCD_WR_REG        lcd.o
    0x08005bac   0x00000014   Code   RO         3813    i.LCD_WriteRAM_Prepare  lcd.o
    0x08005bc0   0x00000010   Code   RO         3814    i.LCD_WriteReg      lcd.o
    0x08005bd0   0x00000072   Code   RO         4008    i.LDC1000_init      ldc1000.o
    0x08005c42   0x00000002   PAD
    0x08005c44   0x00000030   Code   RO         4009    i.LDC_RP            ldc1000.o
    0x08005c74   0x000000c0   Code   RO         4010    i.LDC_SPI_Init      ldc1000.o
    0x08005d34   0x00000004   Code   RO          179    i.MemManage_Handler  stm32f10x_it.o
    0x08005d38   0x00000002   Code   RO          180    i.NMI_Handler       stm32f10x_it.o
    0x08005d3a   0x00000002   PAD
    0x08005d3c   0x00000070   Code   RO          619    i.NVIC_Init         misc.o
    0x08005dac   0x00000014   Code   RO          620    i.NVIC_PriorityGroupConfig  misc.o
    0x08005dc0   0x00000002   Code   RO          181    i.PVD_IRQHandler    stm32f10x_it.o
    0x08005dc2   0x00000002   Code   RO          182    i.PendSV_Handler    stm32f10x_it.o
    0x08005dc4   0x00000018   Code   RO         2210    i.RCC_ADCCLKConfig  stm32f10x_rcc.o
    0x08005ddc   0x00000020   Code   RO         2211    i.RCC_AHBPeriphClockCmd  stm32f10x_rcc.o
    0x08005dfc   0x00000020   Code   RO         2212    i.RCC_APB1PeriphClockCmd  stm32f10x_rcc.o
    0x08005e1c   0x00000020   Code   RO         2213    i.RCC_APB1PeriphResetCmd  stm32f10x_rcc.o
    0x08005e3c   0x00000020   Code   RO         2214    i.RCC_APB2PeriphClockCmd  stm32f10x_rcc.o
    0x08005e5c   0x00000020   Code   RO         2215    i.RCC_APB2PeriphResetCmd  stm32f10x_rcc.o
    0x08005e7c   0x00000064   Code   RO         3751    i.RCC_Configuration  sys.o
    0x08005ee0   0x0000004c   Code   RO         2221    i.RCC_DeInit        stm32f10x_rcc.o
    0x08005f2c   0x000000d4   Code   RO         2222    i.RCC_GetClocksFreq  stm32f10x_rcc.o
    0x08006000   0x0000003c   Code   RO         2223    i.RCC_GetFlagStatus  stm32f10x_rcc.o
    0x0800603c   0x00000010   Code   RO         2225    i.RCC_GetSYSCLKSource  stm32f10x_rcc.o
    0x0800604c   0x00000018   Code   RO         2226    i.RCC_HCLKConfig    stm32f10x_rcc.o
    0x08006064   0x0000004c   Code   RO         2227    i.RCC_HSEConfig     stm32f10x_rcc.o
    0x080060b0   0x00000002   Code   RO          183    i.RCC_IRQHandler    stm32f10x_it.o
    0x080060b2   0x00000002   PAD
    0x080060b4   0x00000018   Code   RO         2233    i.RCC_PCLK1Config   stm32f10x_rcc.o
    0x080060cc   0x00000018   Code   RO         2234    i.RCC_PCLK2Config   stm32f10x_rcc.o
    0x080060e4   0x0000000c   Code   RO         2235    i.RCC_PLLCmd        stm32f10x_rcc.o
    0x080060f0   0x0000001c   Code   RO         2236    i.RCC_PLLConfig     stm32f10x_rcc.o
    0x0800610c   0x00000018   Code   RO         2239    i.RCC_SYSCLKConfig  stm32f10x_rcc.o
    0x08006124   0x00000038   Code   RO         2241    i.RCC_WaitForHSEStartUp  stm32f10x_rcc.o
    0x0800615c   0x00000002   Code   RO          184    i.RTCAlarm_IRQHandler  stm32f10x_it.o
    0x0800615e   0x00000002   Code   RO          185    i.RTC_IRQHandler    stm32f10x_it.o
    0x08006160   0x00000002   Code   RO          186    i.SDIO_IRQHandler   stm32f10x_it.o
    0x08006162   0x00000002   Code   RO          187    i.SPI1_IRQHandler   stm32f10x_it.o
    0x08006164   0x00000054   Code   RO         4011    i.SPI1_ReadWriteByte  ldc1000.o
    0x080061b8   0x00000002   Code   RO          188    i.SPI2_IRQHandler   stm32f10x_it.o
    0x080061ba   0x00000002   Code   RO          189    i.SPI3_IRQHandler   stm32f10x_it.o
    0x080061bc   0x00000018   Code   RO         2691    i.SPI_Cmd           stm32f10x_spi.o
    0x080061d4   0x00000012   Code   RO         2699    i.SPI_I2S_GetFlagStatus  stm32f10x_spi.o
    0x080061e6   0x00000006   Code   RO         2702    i.SPI_I2S_ReceiveData  stm32f10x_spi.o
    0x080061ec   0x00000004   Code   RO         2703    i.SPI_I2S_SendData  stm32f10x_spi.o
    0x080061f0   0x0000003c   Code   RO         2704    i.SPI_Init          stm32f10x_spi.o
    0x0800622c   0x00000002   Code   RO          190    i.SVC_Handler       stm32f10x_it.o
    0x0800622e   0x00000008   Code   RO          567    i.SetSysClock       system_stm32f10x.o
    0x08006236   0x00000002   PAD
    0x08006238   0x000000e0   Code   RO          568    i.SetSysClockTo72   system_stm32f10x.o
    0x08006318   0x00000002   Code   RO          191    i.SysTick_Handler   stm32f10x_it.o
    0x0800631a   0x00000002   PAD
    0x0800631c   0x00000060   Code   RO          570    i.SystemInit        system_stm32f10x.o
    0x0800637c   0x00000002   Code   RO          192    i.TAMPER_IRQHandler  stm32f10x_it.o
    0x0800637e   0x00000002   Code   RO          193    i.TIM1_BRK_IRQHandler  stm32f10x_it.o
    0x08006380   0x00000002   Code   RO          194    i.TIM1_CC_IRQHandler  stm32f10x_it.o
    0x08006382   0x00000002   PAD
    0x08006384   0x00000094   Code   RO         3703    i.TIM1_Configuration  my_time_conf.o
    0x08006418   0x00000002   Code   RO          195    i.TIM1_TRG_COM_IRQHandler  stm32f10x_it.o
    0x0800641a   0x00000002   Code   RO          196    i.TIM1_UP_IRQHandler  stm32f10x_it.o
    0x0800641c   0x000000b8   Code   RO          197    i.TIM2_IRQHandler   stm32f10x_it.o
    0x080064d4   0x00000002   Code   RO          198    i.TIM3_IRQHandler   stm32f10x_it.o
    0x080064d6   0x00000002   PAD
    0x080064d8   0x00000120   Code   RO         3704    i.TIM3_PWM_Init     my_time_conf.o
    0x080065f8   0x00000088   Code   RO         3705    i.TIM4_Configuration  my_time_conf.o
    0x08006680   0x00000002   Code   RO          199    i.TIM4_IRQHandler   stm32f10x_it.o
    0x08006682   0x00000002   Code   RO          200    i.TIM5_IRQHandler   stm32f10x_it.o
    0x08006684   0x00000094   Code   RO         3706    i.TIM5_PWM_Init     my_time_conf.o
    0x08006718   0x00000002   Code   RO          201    i.TIM6_IRQHandler   stm32f10x_it.o
    0x0800671a   0x00000002   Code   RO          202    i.TIM7_IRQHandler   stm32f10x_it.o
    0x0800671c   0x00000002   Code   RO          203    i.TIM8_BRK_IRQHandler  stm32f10x_it.o
    0x0800671e   0x00000002   Code   RO          204    i.TIM8_CC_IRQHandler  stm32f10x_it.o
    0x08006720   0x00000080   Code   RO         3707    i.TIM8_Configuration  my_time_conf.o
    0x080067a0   0x00000002   Code   RO          205    i.TIM8_TRG_COM_IRQHandler  stm32f10x_it.o
    0x080067a2   0x00000002   Code   RO          206    i.TIM8_UP_IRQHandler  stm32f10x_it.o
    0x080067a4   0x00000006   Code   RO         2841    i.TIM_ClearITPendingBit  stm32f10x_tim.o
    0x080067aa   0x00000018   Code   RO         2846    i.TIM_Cmd           stm32f10x_tim.o
    0x080067c2   0x00000002   PAD
    0x080067c4   0x000001e8   Code   RO         2851    i.TIM_DeInit        stm32f10x_tim.o
    0x080069ac   0x00000036   Code   RO         2852    i.TIM_ETRClockMode1Config  stm32f10x_tim.o
    0x080069e2   0x0000001c   Code   RO         2854    i.TIM_ETRConfig     stm32f10x_tim.o
    0x080069fe   0x00000012   Code   RO         2871    i.TIM_ITConfig      stm32f10x_tim.o
    0x08006a10   0x00000018   Code   RO         2872    i.TIM_ITRxExternalClockConfig  stm32f10x_tim.o
    0x08006a28   0x00000098   Code   RO         2875    i.TIM_OC1Init       stm32f10x_tim.o
    0x08006ac0   0x00000012   Code   RO         2878    i.TIM_OC1PreloadConfig  stm32f10x_tim.o
    0x08006ad2   0x00000002   PAD
    0x08006ad4   0x000000a4   Code   RO         2880    i.TIM_OC2Init       stm32f10x_tim.o
    0x08006b78   0x0000001a   Code   RO         2883    i.TIM_OC2PreloadConfig  stm32f10x_tim.o
    0x08006b92   0x00000002   PAD
    0x08006b94   0x000000a0   Code   RO         2885    i.TIM_OC3Init       stm32f10x_tim.o
    0x08006c34   0x00000012   Code   RO         2888    i.TIM_OC3PreloadConfig  stm32f10x_tim.o
    0x08006c46   0x00000002   PAD
    0x08006c48   0x0000007c   Code   RO         2890    i.TIM_OC4Init       stm32f10x_tim.o
    0x08006cc4   0x0000001a   Code   RO         2892    i.TIM_OC4PreloadConfig  stm32f10x_tim.o
    0x08006cde   0x00000012   Code   RO         2899    i.TIM_SelectInputTrigger  stm32f10x_tim.o
    0x08006cf0   0x00000004   Code   RO         2907    i.TIM_SetCompare1   stm32f10x_tim.o
    0x08006cf4   0x00000004   Code   RO         2908    i.TIM_SetCompare2   stm32f10x_tim.o
    0x08006cf8   0x00000004   Code   RO         2909    i.TIM_SetCompare3   stm32f10x_tim.o
    0x08006cfc   0x00000006   Code   RO         2910    i.TIM_SetCompare4   stm32f10x_tim.o
    0x08006d02   0x00000004   Code   RO         2911    i.TIM_SetCounter    stm32f10x_tim.o
    0x08006d06   0x00000002   PAD
    0x08006d08   0x000000a4   Code   RO         2917    i.TIM_TimeBaseInit  stm32f10x_tim.o
    0x08006dac   0x00000064   Code   RO         3708    i.Timer2_Init       my_time_conf.o
    0x08006e10   0x0000009c   Code   RO         3638    i.USART1_Config     usart.o
    0x08006eac   0x00000014   Code   RO          207    i.USART1_IRQHandler  stm32f10x_it.o
    0x08006ec0   0x000000b4   Code   RO         3639    i.USART2_Config     usart.o
    0x08006f74   0x00000014   Code   RO          208    i.USART2_IRQHandler  stm32f10x_it.o
    0x08006f88   0x00000014   Code   RO          209    i.USART3_IRQHandler  stm32f10x_it.o
    0x08006f9c   0x00000012   Code   RO         3378    i.USART_ClearFlag   stm32f10x_usart.o
    0x08006fae   0x0000001e   Code   RO         3379    i.USART_ClearITPendingBit  stm32f10x_usart.o
    0x08006fcc   0x00000018   Code   RO         3382    i.USART_Cmd         stm32f10x_usart.o
    0x08006fe4   0x0000009c   Code   RO         3384    i.USART_DeInit      stm32f10x_usart.o
    0x08007080   0x0000004a   Code   RO         3388    i.USART_ITConfig    stm32f10x_usart.o
    0x080070ca   0x00000002   PAD
    0x080070cc   0x000000d8   Code   RO         3389    i.USART_Init        stm32f10x_usart.o
    0x080071a4   0x00000002   Code   RO          210    i.USBWakeUp_IRQHandler  stm32f10x_it.o
    0x080071a6   0x00000004   Code   RO          213    i.UsageFault_Handler  stm32f10x_it.o
    0x080071aa   0x00000002   Code   RO          214    i.WWDG_IRQHandler   stm32f10x_it.o
    0x080071ac   0x00000028   Code   RO         4291    i.__ARM_fpclassify  m_ws.l(fpclassify.o)
    0x080071d4   0x0000000e   Code   RO         4150    i._is_digit         c_w.l(__printf_wp.o)
    0x080071e2   0x00000006   Code   RO         3641    i._sys_exit         usart.o
    0x080071e8   0x00000040   Code   RO         3612    i.delay_init        delay.o
    0x08007228   0x0000003c   Code   RO         3613    i.delay_ms          delay.o
    0x08007264   0x0000003c   Code   RO         3614    i.delay_us          delay.o
    0x080072a0   0x0000001c   Code   RO         3642    i.fputc             usart.o
    0x080072bc   0x00000118   Code   RO            1    i.main              main.o
    0x080073d4   0x0000002c   Code   RO         4013    i.spi_readByte      ldc1000.o
    0x08007400   0x00000028   Code   RO         4014    i.spi_writeByte     ldc1000.o
    0x08007428   0x0000002c   Code   RO         4287    locale$$code        c_w.l(lc_numeric_c.o)
    0x08007454   0x0000005a   Code   RO         4168    x$fpl$dfixu         fz_ws.l(dfixu.o)
    0x080074ae   0x00000026   Code   RO         4172    x$fpl$dfltu         fz_ws.l(dflt_clz.o)
    0x080074d4   0x00000154   Code   RO         4178    x$fpl$dmul          fz_ws.l(dmul.o)
    0x08007628   0x0000009c   Code   RO         4220    x$fpl$dnaninf       fz_ws.l(dnaninf.o)
    0x080076c4   0x0000000c   Code   RO         4222    x$fpl$dretinf       fz_ws.l(dretinf.o)
    0x080076d0   0x00000056   Code   RO         4180    x$fpl$f2d           fz_ws.l(f2d.o)
    0x08007726   0x0000008c   Code   RO         4226    x$fpl$fnaninf       fz_ws.l(fnaninf.o)
    0x080077b2   0x00000004   Code   RO         4204    x$fpl$printf1       fz_ws.l(printf1.o)
    0x080077b6   0x00000000   Code   RO         4230    x$fpl$usenofp       fz_ws.l(usenofp.o)
    0x080077b6   0x000017c0   Data   RO         3817    .constdata          lcd.o
    0x08008f76   0x00000028   Data   RO         4123    .constdata          c_w.l(_printf_hex_int.o)
    0x08008f9e   0x00000011   Data   RO         4153    .constdata          c_w.l(__printf_flags_wp.o)
    0x08008faf   0x00000001   PAD
    0x08008fb0   0x00000094   Data   RO         4258    .constdata          c_w.l(bigflt0.o)
    0x08009044   0x00000020   Data   RO         4427    Region$$Table       anon$$obj.o
    0x08009064   0x0000001c   Data   RO         4286    locale$$data        c_w.l(lc_numeric_c.o)


    Execution Region RW_IRAM1 (Base: 0x20000000, Size: 0x000006d0, Max: 0x00010000, ABSOLUTE)

    Base Addr    Size         Type   Attr      Idx    E Section Name        Object

    0x20000000   0x00000006   Data   RW            3    .data               main.o
    0x20000006   0x00000014   Data   RW         2242    .data               stm32f10x_rcc.o
    0x2000001a   0x00000004   Data   RW         3615    .data               delay.o
    0x2000001e   0x00000002   PAD
    0x20000020   0x00000004   Data   RW         3644    .data               usart.o
    0x20000024   0x00000002   Data   RW         3764    .data               adc.o
    0x20000026   0x00000004   Data   RW         3818    .data               lcd.o
    0x2000002a   0x00000002   PAD
    0x2000002c   0x00000010   Data   RW         4015    .data               ldc1000.o
    0x2000003c   0x00000024   Zero   RW            2    .bss                main.o
    0x20000060   0x0000000e   Zero   RW         3816    .bss                lcd.o
    0x2000006e   0x00000002   PAD
    0x20000070   0x00000060   Zero   RW         4294    .bss                c_w.l(libspace.o)
    0x200000d0   0x00000200   Zero   RW          602    HEAP                startup_stm32f10x_hd.o
    0x200002d0   0x00000400   Zero   RW          601    STACK               startup_stm32f10x_hd.o


==============================================================================

Image component sizes


      Code (inc. data)   RO Data    RW Data    ZI Data      Debug   Object Name

       172          8          0          2          0        823   adc.o
       184         16          0          4          0       1639   delay.o
     16888        184       6080          4         14      19743   lcd.o
       522         38          0         16          0       4019   ldc1000.o
       280         58          0          6         36     267321   main.o
       132         22          0          0          0     215159   misc.o
       948         52          0          0          0       4157   my_time_conf.o
        64         26        304          0       1536        804   startup_stm32f10x_hd.o
       416         10          0          0          0       8066   stm32f10x_adc.o
        52         12          0          0          0       1017   stm32f10x_flash.o
       282          6          0          0          0       1705   stm32f10x_fsmc.o
       426          6          0          0          0       3161   stm32f10x_gpio.o
       370         64          0          0          0      25121   stm32f10x_it.o
       816        116          0         20          0      12011   stm32f10x_rcc.o
       112          0          0          0          0       3598   stm32f10x_spi.o
      1534        156          0          0          0      13323   stm32f10x_tim.o
       518         28          0          0          0       5197   stm32f10x_usart.o
       100          0          0          0          0        548   sys.o
       328         28          0          0          0       1713   system_stm32f10x.o
       370         22          0          4          0       4006   usart.o

    ----------------------------------------------------------------------
     24548        852       6416         60       1588     593131   Object Totals
         0          0         32          0          0          0   (incl. Generated)
        34          0          0          4          2          0   (incl. Padding)

    ----------------------------------------------------------------------

      Code (inc. data)   RO Data    RW Data    ZI Data      Debug   Library Member Name

         8          0          0          0          0         68   __main.o
       312          4         17          0          0         92   __printf_flags_wp.o
        14          0          0          0          0         68   __printf_wp.o
         0          0          0          0          0          0   __rtentry.o
        12          0          0          0          0          0   __rtentry2.o
         6          0          0          0          0          0   __rtentry4.o
        52          8          0          0          0          0   __scatter.o
        26          0          0          0          0          0   __scatter_copy.o
        28          0          0          0          0          0   __scatter_zi.o
        48          6          0          0          0         96   _printf_char_common.o
        36          4          0          0          0         80   _printf_char_file.o
         6          0          0          0          0          0   _printf_d.o
       120         16          0          0          0         92   _printf_dec.o
         6          0          0          0          0          0   _printf_f.o
      1050          0          0          0          0        216   _printf_fp_dec.o
       128         16          0          0          0         84   _printf_fp_infnan.o
        88          4         40          0          0         88   _printf_hex_int.o
       178          0          0          0          0         88   _printf_intcommon.o
        78          0          0          0          0        108   _printf_pad.o
         0          0          0          0          0          0   _printf_percent.o
         4          0          0          0          0          0   _printf_percent_end.o
         6          0          0          0          0          0   _printf_x.o
        10          0          0          0          0         68   _sputc.o
       220          4        148          0          0         96   bigflt0.o
      1910        128          0          0          0        672   btod.o
        12          0          0          0          0         72   exit.o
         8          0          0          0          0         68   ferror.o
         6          0          0          0          0        152   heapauxi.o
        44         10         28          0          0         76   lc_numeric_c.o
         2          0          0          0          0          0   libinit.o
        18          0          0          0          0          0   libinit2.o
         2          0          0          0          0          0   libshutdown.o
         2          0          0          0          0          0   libshutdown2.o
         8          4          0          0         96         68   libspace.o
       138          0          0          0          0         80   lludiv10.o
        24          4          0          0          0         84   noretval__2printf.o
        40          6          0          0          0         84   noretval__2sprintf.o
         8          4          0          0          0         68   rt_locale_intlibspace.o
         2          0          0          0          0          0   rtexit.o
        10          0          0          0          0          0   rtexit2.o
       128          0          0          0          0         68   strcmpv7m.o
        74          0          0          0          0         80   sys_stackheap_outer.o
         2          0          0          0          0         68   use_no_semi.o
         2          0          0          0          0         68   use_no_semi_2.o
        90          4          0          0          0         92   dfixu.o
        38          0          0          0          0         68   dflt_clz.o
       340         12          0          0          0        104   dmul.o
       156          4          0          0          0         92   dnaninf.o
        12          0          0          0          0         68   dretinf.o
        86          4          0          0          0         84   f2d.o
       140          4          0          0          0         84   fnaninf.o
         4          0          0          0          0         68   printf1.o
         0          0          0          0          0          0   usenofp.o
        40          0          0          0          0         68   fpclassify.o

    ----------------------------------------------------------------------
      5794        246        234          0         96       3680   Library Totals
        12          0          1          0          0          0   (incl. Padding)

    ----------------------------------------------------------------------

      Code (inc. data)   RO Data    RW Data    ZI Data      Debug   Library Name

      4876        218        233          0         96       2952   c_w.l
       866         28          0          0          0        660   fz_ws.l
        40          0          0          0          0         68   m_ws.l

    ----------------------------------------------------------------------
      5794        246        234          0         96       3680   Library Totals

    ----------------------------------------------------------------------

==============================================================================


      Code (inc. data)   RO Data    RW Data    ZI Data      Debug   

     30342       1098       6650         60       1684     585991   Grand Totals
     30342       1098       6650         60       1684     585991   ELF Image Totals
     30342       1098       6650         60          0          0   ROM Totals

==============================================================================

    Total RO  Size (Code + RO Data)                36992 (  36.13kB)
    Total RW  Size (RW Data + ZI Data)              1744 (   1.70kB)
    Total ROM Size (Code + RO Data + RW Data)      37052 (  36.18kB)

==============================================================================

