Component: ARM Compiler 5.05 (build 41) Tool: armlink [4d0eb9]

==============================================================================

Section Cross References

    main.o(i.main) refers to sys.o(i.RCC_Configuration) for RCC_Configuration
    main.o(i.main) refers to delay.o(i.delay_init) for delay_init
    main.o(i.main) refers to adc.o(i.ADC_Configuration) for ADC_Configuration
    main.o(i.main) refers to my_time_conf.o(i.Timer2_Init) for Timer2_Init
    main.o(i.main) refers to my_time_conf.o(i.TIM3_PWM_Init) for TIM3_PWM_Init
    main.o(i.main) refers to stm32f10x_tim.o(i.TIM_SetCompare1) for TIM_SetCompare1
    main.o(i.main) refers to stm32f10x_tim.o(i.TIM_SetCompare2) for TIM_SetCompare2
    main.o(i.main) refers to stm32f10x_tim.o(i.TIM_SetCompare3) for TIM_SetCompare3
    main.o(i.main) refers to stm32f10x_tim.o(i.TIM_SetCompare4) for TIM_SetCompare4
    main.o(i.main) refers to my_time_conf.o(i.TIM1_Configuration) for TIM1_Configuration
    main.o(i.main) refers to my_time_conf.o(i.TIM4_Configuration) for TIM4_Configuration
    main.o(i.main) refers to my_time_conf.o(i.TIM8_Configuration) for TIM8_Configuration
    main.o(i.main) refers to my_time_conf.o(i.TIM5_PWM_Init) for TIM5_PWM_Init
    main.o(i.main) refers to ldc1000.o(i.LDC_SPI_Init) for LDC_SPI_Init
    main.o(i.main) refers to ldc1000.o(i.LDC1000_init) for LDC1000_init
    main.o(i.main) refers to usart.o(i.USART1_Config) for USART1_Config
    main.o(i.main) refers to usart.o(i.USART2_Config) for USART2_Config
    main.o(i.main) refers to lcd.o(i.LCD_Init) for LCD_Init
    main.o(i.main) refers to delay.o(i.delay_ms) for delay_ms
    main.o(i.main) refers to lcd.o(i.LCD_ShowString) for LCD_ShowString
    main.o(i.main) refers to lcd.o(.data) for POINT_COLOR
    stm32f10x_it.o(i.TIM2_IRQHandler) refers to _printf_pad.o(.text) for _printf_pre_padding
    stm32f10x_it.o(i.TIM2_IRQHandler) refers to _printf_percent.o(.ARM.Collect$$_printf_percent$$00000000) for _printf_percent
    stm32f10x_it.o(i.TIM2_IRQHandler) refers to _printf_d.o(.ARM.Collect$$_printf_percent$$00000009) for _printf_d
    stm32f10x_it.o(i.TIM2_IRQHandler) refers to _printf_dec.o(.text) for _printf_int_dec
    stm32f10x_it.o(i.TIM2_IRQHandler) refers to stm32f10x_adc.o(i.ADC_SoftwareStartConvCmd) for ADC_SoftwareStartConvCmd
    stm32f10x_it.o(i.TIM2_IRQHandler) refers to stm32f10x_adc.o(i.ADC_GetFlagStatus) for ADC_GetFlagStatus
    stm32f10x_it.o(i.TIM2_IRQHandler) refers to stm32f10x_adc.o(i.ADC_GetConversionValue) for ADC_GetConversionValue
    stm32f10x_it.o(i.TIM2_IRQHandler) refers to pid.o(i.pid) for pid
    stm32f10x_it.o(i.TIM2_IRQHandler) refers to dianji.o(i.dianji1_con) for dianji1_con
    stm32f10x_it.o(i.TIM2_IRQHandler) refers to dianji.o(i.dianji2_con) for dianji2_con
    stm32f10x_it.o(i.TIM2_IRQHandler) refers to ldc1000.o(i.LDC_RP) for LDC_RP
    stm32f10x_it.o(i.TIM2_IRQHandler) refers to noretval__2sprintf.o(.text) for __2sprintf
    stm32f10x_it.o(i.TIM2_IRQHandler) refers to lcd.o(i.LCD_ShowString) for LCD_ShowString
    stm32f10x_it.o(i.TIM2_IRQHandler) refers to stm32f10x_tim.o(i.TIM_ClearITPendingBit) for TIM_ClearITPendingBit
    stm32f10x_it.o(i.TIM2_IRQHandler) refers to adc.o(.data) for DATA_ADC
    stm32f10x_it.o(i.TIM2_IRQHandler) refers to ldc1000.o(.data) for Rp1
    stm32f10x_it.o(i.TIM2_IRQHandler) refers to stm32f10x_it.o(.data) for time_z
    stm32f10x_it.o(i.TIM2_IRQHandler) refers to main.o(.data) for cishu
    stm32f10x_it.o(i.USART1_IRQHandler) refers to stm32f10x_usart.o(i.USART_ClearITPendingBit) for USART_ClearITPendingBit
    stm32f10x_it.o(i.USART2_IRQHandler) refers to stm32f10x_usart.o(i.USART_ClearITPendingBit) for USART_ClearITPendingBit
    stm32f10x_it.o(i.USART3_IRQHandler) refers to stm32f10x_usart.o(i.USART_ClearITPendingBit) for USART_ClearITPendingBit
    system_stm32f10x.o(i.SetSysClock) refers to system_stm32f10x.o(i.SetSysClockTo72) for SetSysClockTo72
    system_stm32f10x.o(i.SystemCoreClockUpdate) refers to system_stm32f10x.o(.data) for SystemCoreClock
    system_stm32f10x.o(i.SystemInit) refers to system_stm32f10x.o(i.SetSysClock) for SetSysClock
    startup_stm32f10x_hd.o(STACK) refers (Special) to heapauxi.o(.text) for __use_two_region_memory
    startup_stm32f10x_hd.o(HEAP) refers (Special) to heapauxi.o(.text) for __use_two_region_memory
    startup_stm32f10x_hd.o(RESET) refers (Special) to heapauxi.o(.text) for __use_two_region_memory
    startup_stm32f10x_hd.o(RESET) refers to startup_stm32f10x_hd.o(STACK) for __initial_sp
    startup_stm32f10x_hd.o(RESET) refers to startup_stm32f10x_hd.o(.text) for Reset_Handler
    startup_stm32f10x_hd.o(RESET) refers to stm32f10x_it.o(i.NMI_Handler) for NMI_Handler
    startup_stm32f10x_hd.o(RESET) refers to stm32f10x_it.o(i.HardFault_Handler) for HardFault_Handler
    startup_stm32f10x_hd.o(RESET) refers to stm32f10x_it.o(i.MemManage_Handler) for MemManage_Handler
[...]
    .ARM.Collect$$_printf_percent$$00000017  0x080001b0   Section        4  _printf_percent_end.o(.ARM.Collect$$_printf_percent$$00000017)
    .ARM.Collect$$libinit$$00000000          0x080001b4   Section        2  libinit.o(.ARM.Collect$$libinit$$00000000)
    .ARM.Collect$$libinit$$00000002          0x080001b6   Section        0  libinit2.o(.ARM.Collect$$libinit$$00000002)
    .ARM.Collect$$libinit$$00000004          0x080001b6   Section        0  libinit2.o(.ARM.Collect$$libinit$$00000004)
    .ARM.Collect$$libinit$$0000000A          0x080001b6   Section        0  libinit2.o(.ARM.Collect$$libinit$$0000000A)
    .ARM.Collect$$libinit$$0000000C          0x080001b6   Section        0  libinit2.o(.ARM.Collect$$libinit$$0000000C)
    .ARM.Collect$$libinit$$0000000E          0x080001b6   Section        0  libinit2.o(.ARM.Collect$$libinit$$0000000E)
    .ARM.Collect$$libinit$$00000011          0x080001b6   Section        0  libinit2.o(.ARM.Collect$$libinit$$00000011)
    .ARM.Collect$$libinit$$00000013          0x080001b6   Section        0  libinit2.o(.ARM.Collect$$libinit$$00000013)
    .ARM.Collect$$libinit$$00000015          0x080001b6   Section        0  libinit2.o(.ARM.Collect$$libinit$$00000015)
    .ARM.Collect$$libinit$$00000017          0x080001b6   Section        0  libinit2.o(.ARM.Collect$$libinit$$00000017)
    .ARM.Collect$$libinit$$00000019          0x080001b6   Section        0  libinit2.o(.ARM.Collect$$libinit$$00000019)
    .ARM.Collect$$libinit$$0000001B          0x080001b6   Section        0  libinit2.o(.ARM.Collect$$libinit$$0000001B)
    .ARM.Collect$$libinit$$0000001D          0x080001b6   Section        0  libinit2.o(.ARM.Collect$$libinit$$0000001D)
    .ARM.Collect$$libinit$$0000001F          0x080001b6   Section        0  libinit2.o(.ARM.Collect$$libinit$$0000001F)
    .ARM.Collect$$libinit$$00000021          0x080001b6   Section        0  libinit2.o(.ARM.Collect$$libinit$$00000021)
    .ARM.Collect$$libinit$$00000023          0x080001b6   Section        0  libinit2.o(.ARM.Collect$$libinit$$00000023)
    .ARM.Collect$$libinit$$00000025          0x080001b6   Section        0  libinit2.o(.ARM.Collect$$libinit$$00000025)
    .ARM.Collect$$libinit$$0000002C          0x080001b6   Section        0  libinit2.o(.ARM.Collect$$libinit$$0000002C)
    .ARM.Collect$$libinit$$0000002E          0x080001b6   Section        0  libinit2.o(.ARM.Collect$$libinit$$0000002E)
    .ARM.Collect$$libinit$$00000030          0x080001b6   Section        0  libinit2.o(.ARM.Collect$$libinit$$00000030)
    .ARM.Collect$$libinit$$00000032          0x080001b6   Section        0  libinit2.o(.ARM.Collect$$libinit$$00000032)
    .ARM.Collect$$libinit$$00000033          0x080001b6   Section        2  libinit2.o(.ARM.Collect$$libinit$$00000033)
    .ARM.Collect$$libshutdown$$00000000      0x080001b8   Section        2  libshutdown.o(.ARM.Collect$$libshutdown$$00000000)
    .ARM.Collect$$libshutdown$$00000003      0x080001ba   Section        0  libshutdown2.o(.ARM.Collect$$libshutdown$$00000003)
    .ARM.Collect$$libshutdown$$00000006      0x080001ba   Section        0  libshutdown2.o(.ARM.Collect$$libshutdown$$00000006)
    .ARM.Collect$$libshutdown$$00000009      0x080001ba   Section        0  libshutdown2.o(.ARM.Collect$$libshutdown$$00000009)
    .ARM.Collect$$libshutdown$$0000000B      0x080001ba   Section        0  libshutdown2.o(.ARM.Collect$$libshutdown$$0000000B)
    .ARM.Collect$$libshutdown$$0000000E      0x080001ba   Section        0  libshutdown2.o(.ARM.Collect$$libshutdown$$0000000E)
    .ARM.Collect$$libshutdown$$0000000F      0x080001ba   Section        2  libshutdown2.o(.ARM.Collect$$libshutdown$$0000000F)
    .ARM.Collect$$rtentry$$00000000          0x080001bc   Section        0  __rtentry.o(.ARM.Collect$$rtentry$$00000000)
    .ARM.Collect$$rtentry$$00000002          0x080001bc   Section        0  __rtentry2.o(.ARM.Collect$$rtentry$$00000002)
    .ARM.Collect$$rtentry$$00000004          0x080001bc   Section        6  __rtentry4.o(.ARM.Collect$$rtentry$$00000004)
    .ARM.Collect$$rtentry$$00000009          0x080001c2   Section        0  __rtentry2.o(.ARM.Collect$$rtentry$$00000009)
    .ARM.Collect$$rtentry$$0000000A          0x080001c2   Section        4  __rtentry2.o(.ARM.Collect$$rtentry$$0000000A)
    .ARM.Collect$$rtentry$$0000000C          0x080001c6   Section        0  __rtentry2.o(.ARM.Collect$$rtentry$$0000000C)
    .ARM.Collect$$rtentry$$0000000D          0x080001c6   Section        8  __rtentry2.o(.ARM.Collect$$rtentry$$0000000D)
    .ARM.Collect$$rtexit$$00000000           0x080001ce   Section        2  rtexit.o(.ARM.Collect$$rtexit$$00000000)
    .ARM.Collect$$rtexit$$00000002           0x080001d0   Section        0  rtexit2.o(.ARM.Collect$$rtexit$$00000002)
    .ARM.Collect$$rtexit$$00000003           0x080001d0   Section        4  rtexit2.o(.ARM.Collect$$rtexit$$00000003)
    .ARM.Collect$$rtexit$$00000004           0x080001d4   Section        6  rtexit2.o(.ARM.Collect$$rtexit$$00000004)
    .text                                    0x080001dc   Section       64  startup_stm32f10x_hd.o(.text)
    .text                                    0x0800021c   Section        2  use_no_semi_2.o(.text)
    .text                                    0x08000220   Section        0  noretval__2printf.o(.text)
    .text                                    0x08000238   Section        0  noretval__2sprintf.o(.text)
    .text                                    0x08000260   Section        0  _printf_pad.o(.text)
    .text                                    0x080002b0   Section        0  _printf_dec.o(.text)
    .text                                    0x08000328   Section        0  _printf_hex_int.o(.text)
    .text                                    0x08000380   Section        0  __printf_flags_wp.o(.text)
    .text                                    0x080004b8   Section        0  heapauxi.o(.text)
    .text                                    0x080004be   Section        2  use_no_semi.o(.text)
    .text                                    0x080004c0   Section        0  _printf_intcommon.o(.text)
    .text                                    0x08000574   Section        0  _printf_char_common.o(.text)
    _printf_input_char                       0x08000575   Thumb Code    10  _printf_char_common.o(.text)
    .text                                    0x080005a4   Section        0  _sputc.o(.text)
    .text                                    0x080005b0   Section        0  _printf_char_file.o(.text)
    .text                                    0x080005d4   Section        0  ferror.o(.text)
    .text                                    0x080005dc   Section       74  sys_stackheap_outer.o(.text)
    .text                                    0x08000626   Section        0  exit.o(.text)
    .text                                    0x08000634   Section        8  libspace.o(.text)
    i.ADC_Cmd                                0x0800063c   Section        0  stm32f10x_adc.o(i.ADC_Cmd)
    i.ADC_Configuration                      0x08000654   Section        0  adc.o(i.ADC_Configuration)
    i.ADC_DMACmd                             0x08000700   Section        0  stm32f10x_adc.o(i.ADC_DMACmd)
    i.ADC_GetCalibrationStatus               0x08000716   Section        0  stm32f10x_adc.o(i.ADC_GetCalibrationStatus)
    i.ADC_GetConversionValue                 0x0800072a   Section        0  stm32f10x_adc.o(i.ADC_GetConversionValue)
    i.ADC_GetFlagStatus                      0x08000732   Section        0  stm32f10x_adc.o(i.ADC_GetFlagStatus)
    i.ADC_GetResetCalibrationStatus          0x08000744   Section        0  stm32f10x_adc.o(i.ADC_GetResetCalibrationStatus)
    i.ADC_Init                               0x08000758   Section        0  stm32f10x_adc.o(i.ADC_Init)
    i.ADC_RegularChannelConfig               0x080007a8   Section        0  stm32f10x_adc.o(i.ADC_RegularChannelConfig)
    i.ADC_ResetCalibration                   0x08000860   Section        0  stm32f10x_adc.o(i.ADC_ResetCalibration)
    i.ADC_SoftwareStartConvCmd               0x0800086a   Section        0  stm32f10x_adc.o(i.ADC_SoftwareStartConvCmd)
    i.ADC_StartCalibration                   0x08000880   Section        0  stm32f10x_adc.o(i.ADC_StartCalibration)
    i.BusFault_Handler                       0x0800088a   Section        0  stm32f10x_it.o(i.BusFault_Handler)
    i.DebugMon_Handler                       0x0800088e   Section        0  stm32f10x_it.o(i.DebugMon_Handler)
    i.FLASH_PrefetchBufferCmd                0x08000890   Section        0  stm32f10x_flash.o(i.FLASH_PrefetchBufferCmd)
    i.FLASH_SetLatency                       0x080008ac   Section        0  stm32f10x_flash.o(i.FLASH_SetLatency)
    i.FSMC_NORSRAMCmd                        0x080008c4   Section        0  stm32f10x_fsmc.o(i.FSMC_NORSRAMCmd)
    i.FSMC_NORSRAMInit                       0x080008f8   Section        0  stm32f10x_fsmc.o(i.FSMC_NORSRAMInit)
    i.GPIO_Init                              0x080009de   Section        0  stm32f10x_gpio.o(i.GPIO_Init)
    i.GPIO_PinRemapConfig                    0x08000af4   Section        0  stm32f10x_gpio.o(i.GPIO_PinRemapConfig)
    i.GPIO_SetBits                           0x08000b84   Section        0  stm32f10x_gpio.o(i.GPIO_SetBits)
    i.HardFault_Handler                      0x08000b88   Section        0  stm32f10x_it.o(i.HardFault_Handler)
    i.LCD_Clear                              0x08000b8c   Section        0  lcd.o(i.LCD_Clear)
    i.LCD_Display_Dir                        0x08000bf8   Section        0  lcd.o(i.LCD_Display_Dir)
    i.LCD_Fast_DrawPoint                     0x08000db8   Section        0  lcd.o(i.LCD_Fast_DrawPoint)
    i.LCD_Init                               0x08000f34   Section        0  lcd.o(i.LCD_Init)
    i.LCD_RD_DATA                            0x080046a8   Section        0  lcd.o(i.LCD_RD_DATA)
    i.LCD_ReadReg                            0x080046bc   Section        0  lcd.o(i.LCD_ReadReg)
    i.LCD_SSD_BackLightSet                   0x080046d4   Section        0  lcd.o(i.LCD_SSD_BackLightSet)
    i.LCD_Scan_Dir                           0x08004728   Section        0  lcd.o(i.LCD_Scan_Dir)
    i.LCD_SetCursor                          0x08004a14   Section        0  lcd.o(i.LCD_SetCursor)
    i.LCD_ShowChar                           0x08004bbc   Section        0  lcd.o(i.LCD_ShowChar)
    i.LCD_ShowString                         0x08004ce4   Section        0  lcd.o(i.LCD_ShowString)
    i.LCD_WR_DATA                            0x08004d4c   Section        0  lcd.o(i.LCD_WR_DATA)
    i.LCD_WR_REG                             0x08004d58   Section        0  lcd.o(i.LCD_WR_REG)
    i.LCD_WriteRAM_Prepare                   0x08004d64   Section        0  lcd.o(i.LCD_WriteRAM_Prepare)
    i.LCD_WriteReg                           0x08004d78   Section        0  lcd.o(i.LCD_WriteReg)
    i.LDC1000_init                           0x08004d88   Section        0  ldc1000.o(i.LDC1000_init)
    i.LDC_RP                                 0x08004dfc   Section        0  ldc1000.o(i.LDC_RP)
    i.LDC_SPI_Init                           0x08004e2c   Section        0  ldc1000.o(i.LDC_SPI_Init)
    i.MemManage_Handler                      0x08004eec   Section        0  stm32f10x_it.o(i.MemManage_Handler)
    i.NMI_Handler                            0x08004ef0   Section        0  stm32f10x_it.o(i.NMI_Handler)
    i.NVIC_Init                              0x08004ef4   Section        0  misc.o(i.NVIC_Init)
    i.NVIC_PriorityGroupConfig               0x08004f64   Section        0  misc.o(i.NVIC_PriorityGroupConfig)
    i.PendSV_Handler                         0x08004f78   Section        0  stm32f10x_it.o(i.PendSV_Handler)
    i.RCC_ADCCLKConfig                       0x08004f7c   Section        0  stm32f10x_rcc.o(i.RCC_ADCCLKConfig)
    i.RCC_AHBPeriphClockCmd                  0x08004f94   Section        0  stm32f10x_rcc.o(i.RCC_AHBPeriphClockCmd)
    i.RCC_APB1PeriphClockCmd                 0x08004fb4   Section        0  stm32f10x_rcc.o(i.RCC_APB1PeriphClockCmd)
    i.RCC_APB1PeriphResetCmd                 0x08004fd4   Section        0  stm32f10x_rcc.o(i.RCC_APB1PeriphResetCmd)
    i.RCC_APB2PeriphClockCmd                 0x08004ff4   Section        0  stm32f10x_rcc.o(i.RCC_APB2PeriphClockCmd)
    i.RCC_APB2PeriphResetCmd                 0x08005014   Section        0  stm32f10x_rcc.o(i.RCC_APB2PeriphResetCmd)
    i.RCC_Configuration                      0x08005034   Section        0  sys.o(i.RCC_Configuration)
    i.RCC_DeInit                             0x08005098   Section        0  stm32f10x_rcc.o(i.RCC_DeInit)
    i.RCC_GetClocksFreq                      0x080050e4   Section        0  stm32f10x_rcc.o(i.RCC_GetClocksFreq)
    i.RCC_GetFlagStatus                      0x080051b8   Section        0  stm32f10x_rcc.o(i.RCC_GetFlagStatus)
    i.RCC_GetSYSCLKSource                    0x080051f4   Section        0  stm32f10x_rcc.o(i.RCC_GetSYSCLKSource)
    i.RCC_HCLKConfig                         0x08005204   Section        0  stm32f10x_rcc.o(i.RCC_HCLKConfig)
    i.RCC_HSEConfig                          0x0800521c   Section        0  stm32f10x_rcc.o(i.RCC_HSEConfig)
    i.RCC_PCLK1Config                        0x08005268   Section        0  stm32f10x_rcc.o(i.RCC_PCLK1Config)
    i.RCC_PCLK2Config                        0x08005280   Section        0  stm32f10x_rcc.o(i.RCC_PCLK2Config)
    i.RCC_PLLCmd                             0x08005298   Section        0  stm32f10x_rcc.o(i.RCC_PLLCmd)
    i.RCC_PLLConfig                          0x080052a4   Section        0  stm32f10x_rcc.o(i.RCC_PLLConfig)
    i.RCC_SYSCLKConfig                       0x080052c0   Section        0  stm32f10x_rcc.o(i.RCC_SYSCLKConfig)
    i.RCC_WaitForHSEStartUp                  0x080052d8   Section        0  stm32f10x_rcc.o(i.RCC_WaitForHSEStartUp)
    i.SPI1_ReadWriteByte                     0x08005310   Section        0  ldc1000.o(i.SPI1_ReadWriteByte)
    i.SPI_Cmd                                0x08005364   Section        0  stm32f10x_spi.o(i.SPI_Cmd)
    i.SPI_I2S_GetFlagStatus                  0x0800537c   Section        0  stm32f10x_spi.o(i.SPI_I2S_GetFlagStatus)
    i.SPI_I2S_ReceiveData                    0x0800538e   Section        0  stm32f10x_spi.o(i.SPI_I2S_ReceiveData)
    i.SPI_I2S_SendData                       0x08005394   Section        0  stm32f10x_spi.o(i.SPI_I2S_SendData)
    i.SPI_Init                               0x08005398   Section        0  stm32f10x_spi.o(i.SPI_Init)
    i.SVC_Handler                            0x080053d4   Section        0  stm32f10x_it.o(i.SVC_Handler)
    i.SetSysClock                            0x080053d6   Section        0  system_stm32f10x.o(i.SetSysClock)
    SetSysClock                              0x080053d7   Thumb Code     8  system_stm32f10x.o(i.SetSysClock)
    i.SetSysClockTo72                        0x080053e0   Section        0  system_stm32f10x.o(i.SetSysClockTo72)
    SetSysClockTo72                          0x080053e1   Thumb Code   214  system_stm32f10x.o(i.SetSysClockTo72)
    i.SystemInit                             0x080054c0   Section        0  system_stm32f10x.o(i.SystemInit)
    i.TIM1_Configuration                     0x08005520   Section        0  my_time_conf.o(i.TIM1_Configuration)
    i.TIM2_IRQHandler                        0x080055d8   Section        0  stm32f10x_it.o(i.TIM2_IRQHandler)
    i.TIM3_IRQHandler                        0x08005700   Section        0  stm32f10x_it.o(i.TIM3_IRQHandler)
    i.TIM3_PWM_Init                          0x08005704   Section        0  my_time_conf.o(i.TIM3_PWM_Init)
    i.TIM4_Configuration                     0x08005824   Section        0  my_time_conf.o(i.TIM4_Configuration)
    i.TIM4_IRQHandler                        0x080058ac   Section        0  stm32f10x_it.o(i.TIM4_IRQHandler)
    i.TIM5_PWM_Init                          0x080058b0   Section        0  my_time_conf.o(i.TIM5_PWM_Init)
    i.TIM8_Configuration                     0x08005944   Section        0  my_time_conf.o(i.TIM8_Configuration)
    i.TIM_ARRPreloadConfig                   0x080059c4   Section        0  stm32f10x_tim.o(i.TIM_ARRPreloadConfig)
    i.TIM_ClearITPendingBit                  0x080059dc   Section        0  stm32f10x_tim.o(i.TIM_ClearITPendingBit)
    i.TIM_Cmd                                0x080059e2   Section        0  stm32f10x_tim.o(i.TIM_Cmd)
    i.TIM_CtrlPWMOutputs                     0x080059fa   Section        0  stm32f10x_tim.o(i.TIM_CtrlPWMOutputs)
    i.TIM_DeInit                             0x08005a18   Section        0  stm32f10x_tim.o(i.TIM_DeInit)
    i.TIM_ETRClockMode1Config                0x08005c00   Section        0  stm32f10x_tim.o(i.TIM_ETRClockMode1Config)
    i.TIM_ETRConfig                          0x08005c36   Section        0  stm32f10x_tim.o(i.TIM_ETRConfig)
    i.TIM_ITConfig                           0x08005c52   Section        0  stm32f10x_tim.o(i.TIM_ITConfig)
    i.TIM_ITRxExternalClockConfig            0x08005c64   Section        0  stm32f10x_tim.o(i.TIM_ITRxExternalClockConfig)
    i.TIM_OC1Init                            0x08005c7c   Section        0  stm32f10x_tim.o(i.TIM_OC1Init)
    i.TIM_OC1PreloadConfig                   0x08005d14   Section        0  stm32f10x_tim.o(i.TIM_OC1PreloadConfig)
    i.TIM_OC2Init                            0x08005d28   Section        0  stm32f10x_tim.o(i.TIM_OC2Init)
    i.TIM_OC2PreloadConfig                   0x08005dcc   Section        0  stm32f10x_tim.o(i.TIM_OC2PreloadConfig)
    i.TIM_OC3Init                            0x08005de8   Section        0  stm32f10x_tim.o(i.TIM_OC3Init)
    i.TIM_OC3PreloadConfig                   0x08005e88   Section        0  stm32f10x_tim.o(i.TIM_OC3PreloadConfig)
    i.TIM_OC4Init                            0x08005e9c   Section        0  stm32f10x_tim.o(i.TIM_OC4Init)
    i.TIM_OC4PreloadConfig                   0x08005f18   Section        0  stm32f10x_tim.o(i.TIM_OC4PreloadConfig)
    i.TIM_SelectInputTrigger                 0x08005f32   Section        0  stm32f10x_tim.o(i.TIM_SelectInputTrigger)
    i.TIM_SetCompare1                        0x08005f44   Section        0  stm32f10x_tim.o(i.TIM_SetCompare1)
    i.TIM_SetCompare2                        0x08005f48   Section        0  stm32f10x_tim.o(i.TIM_SetCompare2)
    i.TIM_SetCompare3                        0x08005f4c   Section        0  stm32f10x_tim.o(i.TIM_SetCompare3)
    i.TIM_SetCompare4                        0x08005f50   Section        0  stm32f10x_tim.o(i.TIM_SetCompare4)
    i.TIM_SetCounter                         0x08005f56   Section        0  stm32f10x_tim.o(i.TIM_SetCounter)
    i.TIM_TimeBaseInit                       0x08005f5c   Section        0  stm32f10x_tim.o(i.TIM_TimeBaseInit)
    i.Timer2_Init                            0x08006000   Section        0  my_time_conf.o(i.Timer2_Init)
    i.USART1_Config                          0x08006064   Section        0  usart.o(i.USART1_Config)
    i.USART1_IRQHandler                      0x08006100   Section        0  stm32f10x_it.o(i.USART1_IRQHandler)
    i.USART2_Config                          0x08006114   Section        0  usart.o(i.USART2_Config)
    i.USART2_IRQHandler                      0x080061c8   Section        0  stm32f10x_it.o(i.USART2_IRQHandler)
    i.USART3_IRQHandler                      0x080061dc   Section        0  stm32f10x_it.o(i.USART3_IRQHandler)
    i.USART_ClearFlag                        0x080061f0   Section        0  stm32f10x_usart.o(i.USART_ClearFlag)
    i.USART_ClearITPendingBit                0x08006202   Section        0  stm32f10x_usart.o(i.USART_ClearITPendingBit)
    i.USART_Cmd                              0x08006220   Section        0  stm32f10x_usart.o(i.USART_Cmd)
    i.USART_DeInit                           0x08006238   Section        0  stm32f10x_usart.o(i.USART_DeInit)
    i.USART_ITConfig                         0x080062d4   Section        0  stm32f10x_usart.o(i.USART_ITConfig)
    i.USART_Init                             0x08006320   Section        0  stm32f10x_usart.o(i.USART_Init)
    i.UsageFault_Handler                     0x080063f8   Section        0  stm32f10x_it.o(i.UsageFault_Handler)
    i._is_digit                              0x080063fc   Section        0  __printf_wp.o(i._is_digit)
    i._sys_exit                              0x0800640a   Section        0  usart.o(i._sys_exit)
    i.delay_init                             0x08006410   Section        0  delay.o(i.delay_init)
    i.delay_ms                               0x08006450   Section        0  delay.o(i.delay_ms)
    i.delay_us                               0x0800648c   Section        0  delay.o(i.delay_us)
    i.dianji1_con                            0x080064c8   Section        0  dianji.o(i.dianji1_con)
    i.dianji2_con                            0x08006518   Section        0  dianji.o(i.dianji2_con)
    i.fputc                                  0x08006568   Section        0  usart.o(i.fputc)
    i.main                                   0x08006584   Section        0  main.o(i.main)
    i.pid                                    0x08006644   Section        0  pid.o(i.pid)
    i.spi_readByte                           0x0800675c   Section        0  ldc1000.o(i.spi_readByte)
    i.spi_writeByte                          0x08006788   Section        0  ldc1000.o(i.spi_writeByte)
    x$fpl$dfixu                              0x080067b0   Section       90  dfixu.o(x$fpl$dfixu)
    x$fpl$dfltu                              0x0800680a   Section       38  dflt_clz.o(x$fpl$dfltu)
    x$fpl$dmul                               0x08006830   Section      340  dmul.o(x$fpl$dmul)
    x$fpl$dnaninf                            0x08006984   Section      156  dnaninf.o(x$fpl$dnaninf)
    x$fpl$dretinf                            0x08006a20   Section       12  dretinf.o(x$fpl$dretinf)
    x$fpl$fadd                               0x08006a2c   Section      196  faddsub_clz.o(x$fpl$fadd)
    _fadd1                                   0x08006a3b   Thumb Code     0  faddsub_clz.o(x$fpl$fadd)
    x$fpl$fcmpinf                            0x08006af0   Section       24  fcmpi.o(x$fpl$fcmpinf)
    x$fpl$ffix                               0x08006b08   Section       54  ffix.o(x$fpl$ffix)
    x$fpl$ffltu                              0x08006b40   Section       38  fflt_clz.o(x$fpl$ffltu)
    x$fpl$fleqf                              0x08006b68   Section      104  fleqf.o(x$fpl$fleqf)
    x$fpl$fmul                               0x08006bd0   Section      258  fmul.o(x$fpl$fmul)
    x$fpl$fnaninf                            0x08006cd2   Section      140  fnaninf.o(x$fpl$fnaninf)
    x$fpl$fretinf                            0x08006d5e   Section       10  fretinf.o(x$fpl$fretinf)
    x$fpl$frleqf                             0x08006d68   Section       98  frleqf.o(x$fpl$frleqf)
    x$fpl$frsb                               0x08006dca   Section       20  faddsub_clz.o(x$fpl$frsb)
    x$fpl$fsub                               0x08006de0   Section      234  faddsub_clz.o(x$fpl$fsub)
    _fsub1                                   0x08006def   Thumb Code     0  faddsub_clz.o(x$fpl$fsub)
    .constdata                               0x08006eca   Section     6080  lcd.o(.constdata)
    x$fpl$usenofp                            0x08006eca   Section        0  usenofp.o(x$fpl$usenofp)
    .constdata                               0x0800868a   Section       40  _printf_hex_int.o(.constdata)
    uc_hextab                                0x0800868a   Data          20  _printf_hex_int.o(.constdata)
    lc_hextab                                0x0800869e   Data          20  _printf_hex_int.o(.constdata)
    .constdata                               0x080086b2   Section       17  __printf_flags_wp.o(.constdata)
    maptable                                 0x080086b2   Data          17  __printf_flags_wp.o(.constdata)
    .data                                    0x20000000   Section        8  main.o(.data)
    .data                                    0x20000008   Section        8  stm32f10x_it.o(.data)
    .data                                    0x20000010   Section       20  stm32f10x_rcc.o(.data)
    APBAHBPrescTable                         0x20000010   Data          16  stm32f10x_rcc.o(.data)
    ADCPrescTable                            0x20000020   Data           4  stm32f10x_rcc.o(.data)
    .data                                    0x20000024   Section        4  delay.o(.data)
    fac_us                                   0x20000024   Data           1  delay.o(.data)
    fac_ms                                   0x20000026   Data           2  delay.o(.data)
    .data                                    0x20000028   Section        4  usart.o(.data)
    .data                                    0x2000002c   Section        2  adc.o(.data)
    .data                                    0x2000002e   Section        4  lcd.o(.data)
    .data                                    0x20000034   Section       16  ldc1000.o(.data)
    .data                                    0x20000044   Section       64  pid.o(.data)
    .bss                                     0x20000084   Section       14  lcd.o(.bss)
    .bss                                     0x20000094   Section       96  libspace.o(.bss)
    HEAP                                     0x200000f8   Section      512  startup_stm32f10x_hd.o(HEAP)
    Heap_Mem                                 0x200000f8   Data         512  startup_stm32f10x_hd.o(HEAP)
    STACK                                    0x200002f8   Section     1024  startup_stm32f10x_hd.o(STACK)
    Stack_Mem                                0x200002f8   Data        1024  startup_stm32f10x_hd.o(STACK)
    __initial_sp                             0x200006f8   Data           0  startup_stm32f10x_hd.o(STACK)

    Global Symbols

    Symbol Name                              Value     Ov Type        Size  Object(Section)

    BuildAttributes$$THM_ISAv4$P$D$K$B$S$PE$A:L22UL41UL21$X:L11$S22US41US21$IEEE1$IW$USESV6$~STKCKD$USESV7$~SHL$OSPACE$ROPI$EBA8$UX$STANDARDLIB$REQ8$PRES8$EABIv2 0x00000000   Number         0  anon$$obj.o ABSOLUTE
    __ARM_use_no_argv                        0x00000000   Number         0  main.o ABSOLUTE
    _printf_flags                            0x00000000   Number         0  printf_stubs.o ABSOLUTE
    _printf_return_value                     0x00000000   Number         0  printf_stubs.o ABSOLUTE
    _printf_sizespec                         0x00000000   Number         0  printf_stubs.o ABSOLUTE
    _printf_widthprec                        0x00000000   Number         0  printf_stubs.o ABSOLUTE
    __ARM_exceptions_init                     - Undefined Weak Reference
    __alloca_initialize                       - Undefined Weak Reference
    __arm_preinit_                            - Undefined Weak Reference
    __cpp_initialize__aeabi_                  - Undefined Weak Reference
    __cxa_finalize                            - Undefined Weak Reference
    __rt_locale                               - Undefined Weak Reference
    __sigvec_lookup                           - Undefined Weak Reference
    _atexit_init                              - Undefined Weak Reference
    _call_atexit_fns                          - Undefined Weak Reference
    _clock_init                               - Undefined Weak Reference
    _fp_trap_init                             - Undefined Weak Reference
    _fp_trap_shutdown                         - Undefined Weak Reference
    _get_lc_collate                           - Undefined Weak Reference
    _get_lc_ctype                             - Undefined Weak Reference
    _get_lc_monetary                          - Undefined Weak Reference
    _get_lc_numeric                           - Undefined Weak Reference
    _get_lc_time                              - Undefined Weak Reference
    _getenv_init                              - Undefined Weak Reference
    _handle_redirection                       - Undefined Weak Reference
    _init_alloc                               - Undefined Weak Reference
    _init_user_alloc                          - Undefined Weak Reference
    _initio                                   - Undefined Weak Reference
    _mutex_acquire                            - Undefined Weak Reference
    _mutex_release                            - Undefined Weak Reference
    _printf_truncate_signed                   - Undefined Weak Reference
    _printf_truncate_unsigned                 - Undefined Weak Reference
    _rand_init                                - Undefined Weak Reference
    _signal_finish                            - Undefined Weak Reference
    _signal_init                              - Undefined Weak Reference
    _terminate_alloc                          - Undefined Weak Reference
    _terminate_user_alloc                     - Undefined Weak Reference
    _terminateio                              - Undefined Weak Reference
    __Vectors_Size                           0x00000130   Number         0  startup_stm32f10x_hd.o ABSOLUTE
    __Vectors                                0x08000000   Data           4  startup_stm32f10x_hd.o(RESET)
    __Vectors_End                            0x08000130   Data           0  startup_stm32f10x_hd.o(RESET)
    __main                                   0x08000131   Thumb Code     8  __main.o(!!!main)
    __scatterload                            0x08000139   Thumb Code     0  __scatter.o(!!!scatter)
    __scatterload_rt2                        0x08000139   Thumb Code    44  __scatter.o(!!!scatter)
    __scatterload_rt2_thumb_only             0x08000139   Thumb Code     0  __scatter.o(!!!scatter)
    __scatterload_null                       0x08000147   Thumb Code     0  __scatter.o(!!!scatter)
    __scatterload_copy                       0x0800016d   Thumb Code    26  __scatter_copy.o(!!handler_copy)
    __scatterload_zeroinit                   0x08000189   Thumb Code    28  __scatter_zi.o(!!handler_zi)
    _printf_d                                0x080001a5   Thumb Code     0  _printf_d.o(.ARM.Collect$$_printf_percent$$00000009)
    _printf_percent                          0x080001a5   Thumb Code     0  _printf_percent.o(.ARM.Collect$$_printf_percent$$00000000)
    _printf_x                                0x080001ab   Thumb Code     0  _printf_x.o(.ARM.Collect$$_printf_percent$$0000000C)
    _printf_percent_end                      0x080001b1   Thumb Code     0  _printf_percent_end.o(.ARM.Collect$$_printf_percent$$00000017)
    __rt_lib_init                            0x080001b5   Thumb Code     0  libinit.o(.ARM.Collect$$libinit$$00000000)
    __rt_lib_init_alloca_1                   0x080001b7   Thumb Code     0  libinit2.o(.ARM.Collect$$libinit$$0000002E)
    __rt_lib_init_argv_1                     0x080001b7   Thumb Code     0  libinit2.o(.ARM.Collect$$libinit$$0000002C)
    __rt_lib_init_atexit_1                   0x080001b7   Thumb Code     0  libinit2.o(.ARM.Collect$$libinit$$0000001B)
    __rt_lib_init_clock_1                    0x080001b7   Thumb Code     0  libinit2.o(.ARM.Collect$$libinit$$00000021)
    __rt_lib_init_cpp_1                      0x080001b7   Thumb Code     0  libinit2.o(.ARM.Collect$$libinit$$00000032)
    __rt_lib_init_exceptions_1               0x080001b7   Thumb Code     0  libinit2.o(.ARM.Collect$$libinit$$00000030)
    __rt_lib_init_fp_1                       0x080001b7   Thumb Code     0  libinit2.o(.ARM.Collect$$libinit$$00000002)
    __rt_lib_init_fp_trap_1                  0x080001b7   Thumb Code     0  libinit2.o(.ARM.Collect$$libinit$$0000001F)
    __rt_lib_init_getenv_1                   0x080001b7   Thumb Code     0  libinit2.o(.ARM.Collect$$libinit$$00000023)
    __rt_lib_init_heap_1                     0x080001b7   Thumb Code     0  libinit2.o(.ARM.Collect$$libinit$$0000000A)
    __rt_lib_init_lc_collate_1               0x080001b7   Thumb Code     0  libinit2.o(.ARM.Collect$$libinit$$00000011)
    __rt_lib_init_lc_ctype_1                 0x080001b7   Thumb Code     0  libinit2.o(.ARM.Collect$$libinit$$00000013)
    __rt_lib_init_lc_monetary_1              0x080001b7   Thumb Code     0  libinit2.o(.ARM.Collect$$libinit$$00000015)
    __rt_lib_init_lc_numeric_1               0x080001b7   Thumb Code     0  libinit2.o(.ARM.Collect$$libinit$$00000017)
    __rt_lib_init_lc_time_1                  0x080001b7   Thumb Code     0  libinit2.o(.ARM.Collect$$libinit$$00000019)
    __rt_lib_init_preinit_1                  0x080001b7   Thumb Code     0  libinit2.o(.ARM.Collect$$libinit$$00000004)
    __rt_lib_init_rand_1                     0x080001b7   Thumb Code     0  libinit2.o(.ARM.Collect$$libinit$$0000000E)
    __rt_lib_init_return                     0x080001b7   Thumb Code     0  libinit2.o(.ARM.Collect$$libinit$$00000033)
    __rt_lib_init_signal_1                   0x080001b7   Thumb Code     0  libinit2.o(.ARM.Collect$$libinit$$0000001D)
    __rt_lib_init_stdio_1                    0x080001b7   Thumb Code     0  libinit2.o(.ARM.Collect$$libinit$$00000025)
    __rt_lib_init_user_alloc_1               0x080001b7   Thumb Code     0  libinit2.o(.ARM.Collect$$libinit$$0000000C)
    __rt_lib_shutdown                        0x080001b9   Thumb Code     0  libshutdown.o(.ARM.Collect$$libshutdown$$00000000)
    __rt_lib_shutdown_fp_trap_1              0x080001bb   Thumb Code     0  libshutdown2.o(.ARM.Collect$$libshutdown$$00000006)
    __rt_lib_shutdown_heap_1                 0x080001bb   Thumb Code     0  libshutdown2.o(.ARM.Collect$$libshutdown$$0000000E)
    __rt_lib_shutdown_return                 0x080001bb   Thumb Code     0  libshutdown2.o(.ARM.Collect$$libshutdown$$0000000F)
    __rt_lib_shutdown_signal_1               0x080001bb   Thumb Code     0  libshutdown2.o(.ARM.Collect$$libshutdown$$00000009)
    __rt_lib_shutdown_stdio_1                0x080001bb   Thumb Code     0  libshutdown2.o(.ARM.Collect$$libshutdown$$00000003)
    __rt_lib_shutdown_user_alloc_1           0x080001bb   Thumb Code     0  libshutdown2.o(.ARM.Collect$$libshutdown$$0000000B)
    __rt_entry                               0x080001bd   Thumb Code     0  __rtentry.o(.ARM.Collect$$rtentry$$00000000)
    __rt_entry_presh_1                       0x080001bd   Thumb Code     0  __rtentry2.o(.ARM.Collect$$rtentry$$00000002)
    __rt_entry_sh                            0x080001bd   Thumb Code     0  __rtentry4.o(.ARM.Collect$$rtentry$$00000004)
    __rt_entry_li                            0x080001c3   Thumb Code     0  __rtentry2.o(.ARM.Collect$$rtentry$$0000000A)
    __rt_entry_postsh_1                      0x080001c3   Thumb Code     0  __rtentry2.o(.ARM.Collect$$rtentry$$00000009)
    __rt_entry_main                          0x080001c7   Thumb Code     0  __rtentry2.o(.ARM.Collect$$rtentry$$0000000D)
    __rt_entry_postli_1                      0x080001c7   Thumb Code     0  __rtentry2.o(.ARM.Collect$$rtentry$$0000000C)
    __rt_exit                                0x080001cf   Thumb Code     0  rtexit.o(.ARM.Collect$$rtexit$$00000000)
    __rt_exit_ls                             0x080001d1   Thumb Code     0  rtexit2.o(.ARM.Collect$$rtexit$$00000003)
    __rt_exit_prels_1                        0x080001d1   Thumb Code     0  rtexit2.o(.ARM.Collect$$rtexit$$00000002)
    __rt_exit_exit                           0x080001d5   Thumb Code     0  rtexit2.o(.ARM.Collect$$rtexit$$00000004)
    Reset_Handler                            0x080001dd   Thumb Code     8  startup_stm32f10x_hd.o(.text)
    SysTick_Handler                          0x080001f5   Thumb Code     2  startup_stm32f10x_hd.o(.text)
    ADC1_2_IRQHandler                        0x080001f7   Thumb Code     0  startup_stm32f10x_hd.o(.text)
    ADC3_IRQHandler                          0x080001f7   Thumb Code     0  startup_stm32f10x_hd.o(.text)
    CAN1_RX1_IRQHandler                      0x080001f7   Thumb Code     0  startup_stm32f10x_hd.o(.text)
    CAN1_SCE_IRQHandler                      0x080001f7   Thumb Code     0  startup_stm32f10x_hd.o(.text)
    DMA1_Channel1_IRQHandler                 0x080001f7   Thumb Code     0  startup_stm32f10x_hd.o(.text)
    DMA1_Channel2_IRQHandler                 0x080001f7   Thumb Code     0  startup_stm32f10x_hd.o(.text)
    DMA1_Channel3_IRQHandler                 0x080001f7   Thumb Code     0  startup_stm32f10x_hd.o(.text)
    DMA1_Channel4_IRQHandler                 0x080001f7   Thumb Code     0  startup_stm32f10x_hd.o(.text)
    DMA1_Channel5_IRQHandler                 0x080001f7   Thumb Code     0  startup_stm32f10x_hd.o(.text)
    DMA1_Channel6_IRQHandler                 0x080001f7   Thumb Code     0  startup_stm32f10x_hd.o(.text)
    DMA1_Channel7_IRQHandler                 0x080001f7   Thumb Code     0  startup_stm32f10x_hd.o(.text)
    DMA2_Channel1_IRQHandler                 0x080001f7   Thumb Code     0  startup_stm32f10x_hd.o(.text)
    DMA2_Channel2_IRQHandler                 0x080001f7   Thumb Code     0  startup_stm32f10x_hd.o(.text)
    DMA2_Channel3_IRQHandler                 0x080001f7   Thumb Code     0  startup_stm32f10x_hd.o(.text)
    DMA2_Channel4_5_IRQHandler               0x080001f7   Thumb Code     0  startup_stm32f10x_hd.o(.text)
    EXTI0_IRQHandler                         0x080001f7   Thumb Code     0  startup_stm32f10x_hd.o(.text)
    EXTI15_10_IRQHandler                     0x080001f7   Thumb Code     0  startup_stm32f10x_hd.o(.text)
    EXTI1_IRQHandler                         0x080001f7   Thumb Code     0  startup_stm32f10x_hd.o(.text)
    EXTI2_IRQHandler                         0x080001f7   Thumb Code     0  startup_stm32f10x_hd.o(.text)
    EXTI3_IRQHandler                         0x080001f7   Thumb Code     0  startup_stm32f10x_hd.o(.text)
    EXTI4_IRQHandler                         0x080001f7   Thumb Code     0  startup_stm32f10x_hd.o(.text)
    EXTI9_5_IRQHandler                       0x080001f7   Thumb Code     0  startup_stm32f10x_hd.o(.text)
    FLASH_IRQHandler                         0x080001f7   Thumb Code     0  startup_stm32f10x_hd.o(.text)
    FSMC_IRQHandler                          0x080001f7   Thumb Code     0  startup_stm32f10x_hd.o(.text)
    I2C1_ER_IRQHandler                       0x080001f7   Thumb Code     0  startup_stm32f10x_hd.o(.text)
    I2C1_EV_IRQHandler                       0x080001f7   Thumb Code     0  startup_stm32f10x_hd.o(.text)
    I2C2_ER_IRQHandler                       0x080001f7   Thumb Code     0  startup_stm32f10x_hd.o(.text)
    I2C2_EV_IRQHandler                       0x080001f7   Thumb Code     0  startup_stm32f10x_hd.o(.text)
    PVD_IRQHandler                           0x080001f7   Thumb Code     0  startup_stm32f10x_hd.o(.text)
    RCC_IRQHandler                           0x080001f7   Thumb Code     0  startup_stm32f10x_hd.o(.text)
    RTCAlarm_IRQHandler                      0x080001f7   Thumb Code     0  startup_stm32f10x_hd.o(.text)
    RTC_IRQHandler                           0x080001f7   Thumb Code     0  startup_stm32f10x_hd.o(.text)
    SDIO_IRQHandler                          0x080001f7   Thumb Code     0  startup_stm32f10x_hd.o(.text)
    SPI1_IRQHandler                          0x080001f7   Thumb Code     0  startup_stm32f10x_hd.o(.text)
    SPI2_IRQHandler                          0x080001f7   Thumb Code     0  startup_stm32f10x_hd.o(.text)
    SPI3_IRQHandler                          0x080001f7   Thumb Code     0  startup_stm32f10x_hd.o(.text)
    TAMPER_IRQHandler                        0x080001f7   Thumb Code     0  startup_stm32f10x_hd.o(.text)
    TIM1_BRK_IRQHandler                      0x080001f7   Thumb Code     0  startup_stm32f10x_hd.o(.text)
    TIM1_CC_IRQHandler                       0x080001f7   Thumb Code     0  startup_stm32f10x_hd.o(.text)
    TIM1_TRG_COM_IRQHandler                  0x080001f7   Thumb Code     0  startup_stm32f10x_hd.o(.text)
    TIM1_UP_IRQHandler                       0x080001f7   Thumb Code     0  startup_stm32f10x_hd.o(.text)
    TIM5_IRQHandler                          0x080001f7   Thumb Code     0  startup_stm32f10x_hd.o(.text)
    TIM6_IRQHandler                          0x080001f7   Thumb Code     0  startup_stm32f10x_hd.o(.text)
    TIM7_IRQHandler                          0x080001f7   Thumb Code     0  startup_stm32f10x_hd.o(.text)
    TIM8_BRK_IRQHandler                      0x080001f7   Thumb Code     0  startup_stm32f10x_hd.o(.text)
    TIM8_CC_IRQHandler                       0x080001f7   Thumb Code     0  startup_stm32f10x_hd.o(.text)
    TIM8_TRG_COM_IRQHandler                  0x080001f7   Thumb Code     0  startup_stm32f10x_hd.o(.text)
    TIM8_UP_IRQHandler                       0x080001f7   Thumb Code     0  startup_stm32f10x_hd.o(.text)
    UART4_IRQHandler                         0x080001f7   Thumb Code     0  startup_stm32f10x_hd.o(.text)
    UART5_IRQHandler                         0x080001f7   Thumb Code     0  startup_stm32f10x_hd.o(.text)
    USBWakeUp_IRQHandler                     0x080001f7   Thumb Code     0  startup_stm32f10x_hd.o(.text)
    USB_HP_CAN1_TX_IRQHandler                0x080001f7   Thumb Code     0  startup_stm32f10x_hd.o(.text)
    USB_LP_CAN1_RX0_IRQHandler               0x080001f7   Thumb Code     0  startup_stm32f10x_hd.o(.text)
    WWDG_IRQHandler                          0x080001f7   Thumb Code     0  startup_stm32f10x_hd.o(.text)
    __user_initial_stackheap                 0x080001f9   Thumb Code     0  startup_stm32f10x_hd.o(.text)
    __use_no_semihosting                     0x0800021d   Thumb Code     2  use_no_semi_2.o(.text)
    __2printf                                0x08000221   Thumb Code    20  noretval__2printf.o(.text)
    __2sprintf                               0x08000239   Thumb Code    34  noretval__2sprintf.o(.text)
    _printf_pre_padding                      0x08000261   Thumb Code    44  _printf_pad.o(.text)
    _printf_post_padding                     0x0800028d   Thumb Code    34  _printf_pad.o(.text)
    _printf_int_dec                          0x080002b1   Thumb Code   104  _printf_dec.o(.text)
    _printf_int_hex                          0x08000329   Thumb Code    84  _printf_hex_int.o(.text)
    _printf_longlong_hex                     0x08000329   Thumb Code     0  _printf_hex_int.o(.text)
    __printf                                 0x08000381   Thumb Code   308  __printf_flags_wp.o(.text)
    __use_two_region_memory                  0x080004b9   Thumb Code     2  heapauxi.o(.text)
    __rt_heap_escrow$2region                 0x080004bb   Thumb Code     2  heapauxi.o(.text)
    __rt_heap_expand$2region                 0x080004bd   Thumb Code     2  heapauxi.o(.text)
    __I$use$semihosting                      0x080004bf   Thumb Code     0  use_no_semi.o(.text)
    __use_no_semihosting_swi                 0x080004bf   Thumb Code     2  use_no_semi.o(.text)
    _printf_int_common                       0x080004c1   Thumb Code   178  _printf_intcommon.o(.text)
    _printf_char_common                      0x0800057f   Thumb Code    32  _printf_char_common.o(.text)
    _sputc                                   0x080005a5   Thumb Code    10  _sputc.o(.text)
    _printf_char_file                        0x080005b1   Thumb Code    32  _printf_char_file.o(.text)
    ferror                                   0x080005d5   Thumb Code     8  ferror.o(.text)
    __user_setup_stackheap                   0x080005dd   Thumb Code    74  sys_stackheap_outer.o(.text)
    exit                                     0x08000627   Thumb Code    12  exit.o(.text)
    __user_libspace                          0x08000635   Thumb Code     8  libspace.o(.text)
    __user_perproc_libspace                  0x08000635   Thumb Code     0  libspace.o(.text)
    __user_perthread_libspace                0x08000635   Thumb Code     0  libspace.o(.text)
    ADC_Cmd                                  0x0800063d   Thumb Code    22  stm32f10x_adc.o(i.ADC_Cmd)
    ADC_Configuration                        0x08000655   Thumb Code   164  adc.o(i.ADC_Configuration)
    ADC_DMACmd                               0x08000701   Thumb Code    22  stm32f10x_adc.o(i.ADC_DMACmd)
    ADC_GetCalibrationStatus                 0x08000717   Thumb Code    20  stm32f10x_adc.o(i.ADC_GetCalibrationStatus)
    ADC_GetConversionValue                   0x0800072b   Thumb Code     8  stm32f10x_adc.o(i.ADC_GetConversionValue)
    ADC_GetFlagStatus                        0x08000733   Thumb Code    18  stm32f10x_adc.o(i.ADC_GetFlagStatus)
    ADC_GetResetCalibrationStatus            0x08000745   Thumb Code    20  stm32f10x_adc.o(i.ADC_GetResetCalibrationStatus)
    ADC_Init                                 0x08000759   Thumb Code    70  stm32f10x_adc.o(i.ADC_Init)
    ADC_RegularChannelConfig                 0x080007a9   Thumb Code   184  stm32f10x_adc.o(i.ADC_RegularChannelConfig)
    ADC_ResetCalibration                     0x08000861   Thumb Code    10  stm32f10x_adc.o(i.ADC_ResetCalibration)
    ADC_SoftwareStartConvCmd                 0x0800086b   Thumb Code    22  stm32f10x_adc.o(i.ADC_SoftwareStartConvCmd)
    ADC_StartCalibration                     0x08000881   Thumb Code    10  stm32f10x_adc.o(i.ADC_StartCalibration)
    BusFault_Handler                         0x0800088b   Thumb Code     4  stm32f10x_it.o(i.BusFault_Handler)
    DebugMon_Handler                         0x0800088f   Thumb Code     2  stm32f10x_it.o(i.DebugMon_Handler)
    FLASH_PrefetchBufferCmd                  0x08000891   Thumb Code    22  stm32f10x_flash.o(i.FLASH_PrefetchBufferCmd)
    FLASH_SetLatency                         0x080008ad   Thumb Code    18  stm32f10x_flash.o(i.FLASH_SetLatency)
    FSMC_NORSRAMCmd                          0x080008c5   Thumb Code    46  stm32f10x_fsmc.o(i.FSMC_NORSRAMCmd)
    FSMC_NORSRAMInit                         0x080008f9   Thumb Code   230  stm32f10x_fsmc.o(i.FSMC_NORSRAMInit)
    GPIO_Init                                0x080009df   Thumb Code   278  stm32f10x_gpio.o(i.GPIO_Init)
    GPIO_PinRemapConfig                      0x08000af5   Thumb Code   138  stm32f10x_gpio.o(i.GPIO_PinRemapConfig)
    GPIO_SetBits                             0x08000b85   Thumb Code     4  stm32f10x_gpio.o(i.GPIO_SetBits)
    HardFault_Handler                        0x08000b89   Thumb Code     4  stm32f10x_it.o(i.HardFault_Handler)
    LCD_Clear                                0x08000b8d   Thumb Code   100  lcd.o(i.LCD_Clear)
    LCD_Display_Dir                          0x08000bf9   Thumb Code   444  lcd.o(i.LCD_Display_Dir)
    LCD_Fast_DrawPoint                       0x08000db9   Thumb Code   370  lcd.o(i.LCD_Fast_DrawPoint)
    LCD_Init                                 0x08000f35   Thumb Code 14186  lcd.o(i.LCD_Init)
    LCD_RD_DATA                              0x080046a9   Thumb Code    14  lcd.o(i.LCD_RD_DATA)
    LCD_ReadReg                              0x080046bd   Thumb Code    22  lcd.o(i.LCD_ReadReg)
    LCD_SSD_BackLightSet                     0x080046d5   Thumb Code    80  lcd.o(i.LCD_SSD_BackLightSet)
    LCD_Scan_Dir                             0x08004729   Thumb Code   744  lcd.o(i.LCD_Scan_Dir)
    LCD_SetCursor                            0x08004a15   Thumb Code   418  lcd.o(i.LCD_SetCursor)
    LCD_ShowChar                             0x08004bbd   Thumb Code   272  lcd.o(i.LCD_ShowChar)
    LCD_ShowString                           0x08004ce5   Thumb Code   102  lcd.o(i.LCD_ShowString)
    LCD_WR_DATA                              0x08004d4d   Thumb Code     6  lcd.o(i.LCD_WR_DATA)
    LCD_WR_REG                               0x08004d59   Thumb Code     6  lcd.o(i.LCD_WR_REG)
    LCD_WriteRAM_Prepare                     0x08004d65   Thumb Code    10  lcd.o(i.LCD_WriteRAM_Prepare)
    LCD_WriteReg                             0x08004d79   Thumb Code    10  lcd.o(i.LCD_WriteReg)
    LDC1000_init                             0x08004d89   Thumb Code   114  ldc1000.o(i.LDC1000_init)
    LDC_RP                                   0x08004dfd   Thumb Code    38  ldc1000.o(i.LDC_RP)
    LDC_SPI_Init                             0x08004e2d   Thumb Code   180  ldc1000.o(i.LDC_SPI_Init)
    MemManage_Handler                        0x08004eed   Thumb Code     4  stm32f10x_it.o(i.MemManage_Handler)
    NMI_Handler                              0x08004ef1   Thumb Code     2  stm32f10x_it.o(i.NMI_Handler)
    NVIC_Init                                0x08004ef5   Thumb Code   100  misc.o(i.NVIC_Init)
    NVIC_PriorityGroupConfig                 0x08004f65   Thumb Code    10  misc.o(i.NVIC_PriorityGroupConfig)
    PendSV_Handler                           0x08004f79   Thumb Code     2  stm32f10x_it.o(i.PendSV_Handler)
    RCC_ADCCLKConfig                         0x08004f7d   Thumb Code    18  stm32f10x_rcc.o(i.RCC_ADCCLKConfig)
    RCC_AHBPeriphClockCmd                    0x08004f95   Thumb Code    26  stm32f10x_rcc.o(i.RCC_AHBPeriphClockCmd)
    RCC_APB1PeriphClockCmd                   0x08004fb5   Thumb Code    26  stm32f10x_rcc.o(i.RCC_APB1PeriphClockCmd)
    RCC_APB1PeriphResetCmd                   0x08004fd5   Thumb Code    26  stm32f10x_rcc.o(i.RCC_APB1PeriphResetCmd)
    RCC_APB2PeriphClockCmd                   0x08004ff5   Thumb Code    26  stm32f10x_rcc.o(i.RCC_APB2PeriphClockCmd)
    RCC_APB2PeriphResetCmd                   0x08005015   Thumb Code    26  stm32f10x_rcc.o(i.RCC_APB2PeriphResetCmd)
    RCC_Configuration                        0x08005035   Thumb Code   100  sys.o(i.RCC_Configuration)
    RCC_DeInit                               0x08005099   Thumb Code    64  stm32f10x_rcc.o(i.RCC_DeInit)
    RCC_GetClocksFreq                        0x080050e5   Thumb Code   192  stm32f10x_rcc.o(i.RCC_GetClocksFreq)
    RCC_GetFlagStatus                        0x080051b9   Thumb Code    56  stm32f10x_rcc.o(i.RCC_GetFlagStatus)
    RCC_GetSYSCLKSource                      0x080051f5   Thumb Code    10  stm32f10x_rcc.o(i.RCC_GetSYSCLKSource)
    RCC_HCLKConfig                           0x08005205   Thumb Code    18  stm32f10x_rcc.o(i.RCC_HCLKConfig)
    RCC_HSEConfig                            0x0800521d   Thumb Code    70  stm32f10x_rcc.o(i.RCC_HSEConfig)
    RCC_PCLK1Config                          0x08005269   Thumb Code    18  stm32f10x_rcc.o(i.RCC_PCLK1Config)
    RCC_PCLK2Config                          0x08005281   Thumb Code    20  stm32f10x_rcc.o(i.RCC_PCLK2Config)
    RCC_PLLCmd                               0x08005299   Thumb Code     6  stm32f10x_rcc.o(i.RCC_PLLCmd)
    RCC_PLLConfig                            0x080052a5   Thumb Code    24  stm32f10x_rcc.o(i.RCC_PLLConfig)
    RCC_SYSCLKConfig                         0x080052c1   Thumb Code    18  stm32f10x_rcc.o(i.RCC_SYSCLKConfig)
    RCC_WaitForHSEStartUp                    0x080052d9   Thumb Code    56  stm32f10x_rcc.o(i.RCC_WaitForHSEStartUp)
    SPI1_ReadWriteByte                       0x08005311   Thumb Code    78  ldc1000.o(i.SPI1_ReadWriteByte)
    SPI_Cmd                                  0x08005365   Thumb Code    24  stm32f10x_spi.o(i.SPI_Cmd)
    SPI_I2S_GetFlagStatus                    0x0800537d   Thumb Code    18  stm32f10x_spi.o(i.SPI_I2S_GetFlagStatus)
    SPI_I2S_ReceiveData                      0x0800538f   Thumb Code     6  stm32f10x_spi.o(i.SPI_I2S_ReceiveData)
    SPI_I2S_SendData                         0x08005395   Thumb Code     4  stm32f10x_spi.o(i.SPI_I2S_SendData)
    SPI_Init                                 0x08005399   Thumb Code    60  stm32f10x_spi.o(i.SPI_Init)
    SVC_Handler                              0x080053d5   Thumb Code     2  stm32f10x_it.o(i.SVC_Handler)
    SystemInit                               0x080054c1   Thumb Code    78  system_stm32f10x.o(i.SystemInit)
    TIM1_Configuration                       0x08005521   Thumb Code   174  my_time_conf.o(i.TIM1_Configuration)
    TIM2_IRQHandler                          0x080055d9   Thumb Code   256  stm32f10x_it.o(i.TIM2_IRQHandler)
    TIM3_IRQHandler                          0x08005701   Thumb Code     2  stm32f10x_it.o(i.TIM3_IRQHandler)
    TIM3_PWM_Init                            0x08005705   Thumb Code   274  my_time_conf.o(i.TIM3_PWM_Init)
    TIM4_Configuration                       0x08005825   Thumb Code   126  my_time_conf.o(i.TIM4_Configuration)
    TIM4_IRQHandler                          0x080058ad   Thumb Code     2  stm32f10x_it.o(i.TIM4_IRQHandler)
    TIM5_PWM_Init                            0x080058b1   Thumb Code   138  my_time_conf.o(i.TIM5_PWM_Init)
    TIM8_Configuration                       0x08005945   Thumb Code   118  my_time_conf.o(i.TIM8_Configuration)
    TIM_ARRPreloadConfig                     0x080059c5   Thumb Code    24  stm32f10x_tim.o(i.TIM_ARRPreloadConfig)
    TIM_ClearITPendingBit                    0x080059dd   Thumb Code     6  stm32f10x_tim.o(i.TIM_ClearITPendingBit)
    TIM_Cmd                                  0x080059e3   Thumb Code    24  stm32f10x_tim.o(i.TIM_Cmd)
    TIM_CtrlPWMOutputs                       0x080059fb   Thumb Code    30  stm32f10x_tim.o(i.TIM_CtrlPWMOutputs)
    TIM_DeInit                               0x08005a19   Thumb Code   424  stm32f10x_tim.o(i.TIM_DeInit)
    TIM_ETRClockMode1Config                  0x08005c01   Thumb Code    54  stm32f10x_tim.o(i.TIM_ETRClockMode1Config)
    TIM_ETRConfig                            0x08005c37   Thumb Code    28  stm32f10x_tim.o(i.TIM_ETRConfig)
    TIM_ITConfig                             0x08005c53   Thumb Code    18  stm32f10x_tim.o(i.TIM_ITConfig)
    TIM_ITRxExternalClockConfig              0x08005c65   Thumb Code    24  stm32f10x_tim.o(i.TIM_ITRxExternalClockConfig)
    TIM_OC1Init                              0x08005c7d   Thumb Code   132  stm32f10x_tim.o(i.TIM_OC1Init)
    TIM_OC1PreloadConfig                     0x08005d15   Thumb Code    18  stm32f10x_tim.o(i.TIM_OC1PreloadConfig)
    TIM_OC2Init                              0x08005d29   Thumb Code   154  stm32f10x_tim.o(i.TIM_OC2Init)
    TIM_OC2PreloadConfig                     0x08005dcd   Thumb Code    26  stm32f10x_tim.o(i.TIM_OC2PreloadConfig)
    TIM_OC3Init                              0x08005de9   Thumb Code   150  stm32f10x_tim.o(i.TIM_OC3Init)
    TIM_OC3PreloadConfig                     0x08005e89   Thumb Code    18  stm32f10x_tim.o(i.TIM_OC3PreloadConfig)
    TIM_OC4Init                              0x08005e9d   Thumb Code   114  stm32f10x_tim.o(i.TIM_OC4Init)
    TIM_OC4PreloadConfig                     0x08005f19   Thumb Code    26  stm32f10x_tim.o(i.TIM_OC4PreloadConfig)
    TIM_SelectInputTrigger                   0x08005f33   Thumb Code    18  stm32f10x_tim.o(i.TIM_SelectInputTrigger)
    TIM_SetCompare1                          0x08005f45   Thumb Code     4  stm32f10x_tim.o(i.TIM_SetCompare1)
    TIM_SetCompare2                          0x08005f49   Thumb Code     4  stm32f10x_tim.o(i.TIM_SetCompare2)
    TIM_SetCompare3                          0x08005f4d   Thumb Code     4  stm32f10x_tim.o(i.TIM_SetCompare3)
    TIM_SetCompare4                          0x08005f51   Thumb Code     6  stm32f10x_tim.o(i.TIM_SetCompare4)
    TIM_SetCounter                           0x08005f57   Thumb Code     4  stm32f10x_tim.o(i.TIM_SetCounter)
    TIM_TimeBaseInit                         0x08005f5d   Thumb Code   122  stm32f10x_tim.o(i.TIM_TimeBaseInit)
    Timer2_Init                              0x08006001   Thumb Code   100  my_time_conf.o(i.Timer2_Init)
    USART1_Config                            0x08006065   Thumb Code   146  usart.o(i.USART1_Config)
    USART1_IRQHandler                        0x08006101   Thumb Code    14  stm32f10x_it.o(i.USART1_IRQHandler)
    USART2_Config                            0x08006115   Thumb Code   172  usart.o(i.USART2_Config)
    USART2_IRQHandler                        0x080061c9   Thumb Code    14  stm32f10x_it.o(i.USART2_IRQHandler)
    USART3_IRQHandler                        0x080061dd   Thumb Code    14  stm32f10x_it.o(i.USART3_IRQHandler)
    USART_ClearFlag                          0x080061f1   Thumb Code    18  stm32f10x_usart.o(i.USART_ClearFlag)
    USART_ClearITPendingBit                  0x08006203   Thumb Code    30  stm32f10x_usart.o(i.USART_ClearITPendingBit)
    USART_Cmd                                0x08006221   Thumb Code    24  stm32f10x_usart.o(i.USART_Cmd)
    USART_DeInit                             0x08006239   Thumb Code   134  stm32f10x_usart.o(i.USART_DeInit)
    USART_ITConfig                           0x080062d5   Thumb Code    74  stm32f10x_usart.o(i.USART_ITConfig)
    USART_Init                               0x08006321   Thumb Code   210  stm32f10x_usart.o(i.USART_Init)
    UsageFault_Handler                       0x080063f9   Thumb Code     4  stm32f10x_it.o(i.UsageFault_Handler)
    _is_digit                                0x080063fd   Thumb Code    14  __printf_wp.o(i._is_digit)
    _sys_exit                                0x0800640b   Thumb Code     6  usart.o(i._sys_exit)
    delay_init                               0x08006411   Thumb Code    56  delay.o(i.delay_init)
    delay_ms                                 0x08006451   Thumb Code    56  delay.o(i.delay_ms)
    delay_us                                 0x0800648d   Thumb Code    56  delay.o(i.delay_us)
    dianji1_con                              0x080064c9   Thumb Code    72  dianji.o(i.dianji1_con)
    dianji2_con                              0x08006519   Thumb Code    72  dianji.o(i.dianji2_con)
    fputc                                    0x08006569   Thumb Code    24  usart.o(i.fputc)
    main                                     0x08006585   Thumb Code   162  main.o(i.main)
    pid                                      0x08006645   Thumb Code   256  pid.o(i.pid)
    spi_readByte                             0x0800675d   Thumb Code    38  ldc1000.o(i.spi_readByte)
    spi_writeByte                            0x08006789   Thumb Code    36  ldc1000.o(i.spi_writeByte)
    __aeabi_d2uiz                            0x080067b1   Thumb Code     0  dfixu.o(x$fpl$dfixu)
    _dfixu                                   0x080067b1   Thumb Code    90  dfixu.o(x$fpl$dfixu)
    __aeabi_ui2d                             0x0800680b   Thumb Code     0  dflt_clz.o(x$fpl$dfltu)
    _dfltu                                   0x0800680b   Thumb Code    38  dflt_clz.o(x$fpl$dfltu)
    __aeabi_dmul                             0x08006831   Thumb Code     0  dmul.o(x$fpl$dmul)
    _dmul                                    0x08006831   Thumb Code   332  dmul.o(x$fpl$dmul)
    __fpl_dnaninf                            0x08006985   Thumb Code   156  dnaninf.o(x$fpl$dnaninf)
    __fpl_dretinf                            0x08006a21   Thumb Code    12  dretinf.o(x$fpl$dretinf)
    __aeabi_fadd                             0x08006a2d   Thumb Code     0  faddsub_clz.o(x$fpl$fadd)
    _fadd                                    0x08006a2d   Thumb Code   196  faddsub_clz.o(x$fpl$fadd)
    __fpl_fcmp_Inf                           0x08006af1   Thumb Code    24  fcmpi.o(x$fpl$fcmpinf)
    __aeabi_f2iz                             0x08006b09   Thumb Code     0  ffix.o(x$fpl$ffix)
    _ffix                                    0x08006b09   Thumb Code    54  ffix.o(x$fpl$ffix)
    __aeabi_ui2f                             0x08006b41   Thumb Code     0  fflt_clz.o(x$fpl$ffltu)
    _ffltu                                   0x08006b41   Thumb Code    38  fflt_clz.o(x$fpl$ffltu)
    __aeabi_cfcmple                          0x08006b69   Thumb Code     0  fleqf.o(x$fpl$fleqf)
    _fcmple                                  0x08006b69   Thumb Code   104  fleqf.o(x$fpl$fleqf)
    __fpl_fcmple_InfNaN                      0x08006bbb   Thumb Code     0  fleqf.o(x$fpl$fleqf)
    __aeabi_fmul                             0x08006bd1   Thumb Code     0  fmul.o(x$fpl$fmul)
    _fmul                                    0x08006bd1   Thumb Code   258  fmul.o(x$fpl$fmul)
    __fpl_fnaninf                            0x08006cd3   Thumb Code   140  fnaninf.o(x$fpl$fnaninf)
    __fpl_fretinf                            0x08006d5f   Thumb Code    10  fretinf.o(x$fpl$fretinf)
    __aeabi_cfrcmple                         0x08006d69   Thumb Code     0  frleqf.o(x$fpl$frleqf)
    _frcmple                                 0x08006d69   Thumb Code    98  frleqf.o(x$fpl$frleqf)
    __aeabi_frsub                            0x08006dcb   Thumb Code     0  faddsub_clz.o(x$fpl$frsb)
    _frsb                                    0x08006dcb   Thumb Code    20  faddsub_clz.o(x$fpl$frsb)
    __aeabi_fsub                             0x08006de1   Thumb Code     0  faddsub_clz.o(x$fpl$fsub)
    _fsub                                    0x08006de1   Thumb Code   234  faddsub_clz.o(x$fpl$fsub)
    __I$use$fp                               0x08006eca   Number         0  usenofp.o(x$fpl$usenofp)
    asc2_1206                                0x08006eca   Data        1140  lcd.o(.constdata)
    asc2_1608                                0x0800733e   Data        1520  lcd.o(.constdata)
    asc2_2412                                0x0800792e   Data        3420  lcd.o(.constdata)
    Region$$Table$$Base                      0x080086c4   Number         0  anon$$obj.o(Region$$Table)
    Region$$Table$$Limit                     0x080086e4   Number         0  anon$$obj.o(Region$$Table)
    T                                        0x20000000   Data           4  main.o(.data)
    cishu                                    0x20000004   Data           2  main.o(.data)
    cishu1                                   0x20000006   Data           2  main.o(.data)
    counter                                  0x20000008   Data           1  stm32f10x_it.o(.data)
    sign                                     0x20000009   Data           1  stm32f10x_it.o(.data)
    t                                        0x2000000a   Data           1  stm32f10x_it.o(.data)
    he                                       0x2000000b   Data           1  stm32f10x_it.o(.data)
    time_z                                   0x2000000c   Data           4  stm32f10x_it.o(.data)
    __stdout                                 0x20000028   Data           4  usart.o(.data)
    DATA_ADC                                 0x2000002c   Data           2  adc.o(.data)
    POINT_COLOR                              0x2000002e   Data           2  lcd.o(.data)
    BACK_COLOR                               0x20000030   Data           2  lcd.o(.data)
    proximtyData                             0x20000034   Data           2  ldc1000.o(.data)
    proximtyData1                            0x20000036   Data           3  ldc1000.o(.data)
    Rp1                                      0x2000003a   Data           2  ldc1000.o(.data)
    Fr                                       0x2000003c   Data           4  ldc1000.o(.data)
    Rp2                                      0x20000040   Data           4  ldc1000.o(.data)
    dianji1                                  0x20000044   Data          32  pid.o(.data)
    dianji2                                  0x20000064   Data          32  pid.o(.data)
    lcddev                                   0x20000084   Data          14  lcd.o(.bss)
    __libspace_start                         0x20000094   Data          96  libspace.o(.bss)
    __temporary_stack_top$libspace           0x200000f4   Data           0  libspace.o(.bss)



==============================================================================

Memory Map of the image

  Image Entry point : 0x08000131

  Load Region LR_IROM1 (Base: 0x08000000, Size: 0x00008768, Max: 0x00080000, ABSOLUTE)

    Execution Region ER_IROM1 (Base: 0x08000000, Size: 0x000086e4, Max: 0x00080000, ABSOLUTE)

    Base Addr    Size         Type   Attr      Idx    E Section Name        Object

    0x08000000   0x00000130   Data   RO          368    RESET               startup_stm32f10x_hd.o
    0x08000130   0x00000008   Code   RO         3956  * !!!main             c_w.l(__main.o)
    0x08000138   0x00000034   Code   RO         4170    !!!scatter          c_w.l(__scatter.o)
    0x0800016c   0x0000001a   Code   RO         4172    !!handler_copy      c_w.l(__scatter_copy.o)
    0x08000186   0x00000002   PAD
    0x08000188   0x0000001c   Code   RO         4174    !!handler_zi        c_w.l(__scatter_zi.o)
    0x080001a4   0x00000000   Code   RO         3953    .ARM.Collect$$_printf_percent$$00000000  c_w.l(_printf_percent.o)
    0x080001a4   0x00000006   Code   RO         3952    .ARM.Collect$$_printf_percent$$00000009  c_w.l(_printf_d.o)
    0x080001aa   0x00000006   Code   RO         3951    .ARM.Collect$$_printf_percent$$0000000C  c_w.l(_printf_x.o)
    0x080001b0   0x00000004   Code   RO         4003    .ARM.Collect$$_printf_percent$$00000017  c_w.l(_printf_percent_end.o)
    0x080001b4   0x00000002   Code   RO         4045    .ARM.Collect$$libinit$$00000000  c_w.l(libinit.o)
    0x080001b6   0x00000000   Code   RO         4052    .ARM.Collect$$libinit$$00000002  c_w.l(libinit2.o)
    0x080001b6   0x00000000   Code   RO         4054    .ARM.Collect$$libinit$$00000004  c_w.l(libinit2.o)
    0x080001b6   0x00000000   Code   RO         4057    .ARM.Collect$$libinit$$0000000A  c_w.l(libinit2.o)
    0x080001b6   0x00000000   Code   RO         4059    .ARM.Collect$$libinit$$0000000C  c_w.l(libinit2.o)
    0x080001b6   0x00000000   Code   RO         4061    .ARM.Collect$$libinit$$0000000E  c_w.l(libinit2.o)
    0x080001b6   0x00000000   Code   RO         4064    .ARM.Collect$$libinit$$00000011  c_w.l(libinit2.o)
    0x080001b6   0x00000000   Code   RO         4066    .ARM.Collect$$libinit$$00000013  c_w.l(libinit2.o)
    0x080001b6   0x00000000   Code   RO         4068    .ARM.Collect$$libinit$$00000015  c_w.l(libinit2.o)
    0x080001b6   0x00000000   Code   RO         4070    .ARM.Collect$$libinit$$00000017  c_w.l(libinit2.o)
    0x080001b6   0x00000000   Code   RO         4072    .ARM.Collect$$libinit$$00000019  c_w.l(libinit2.o)
    0x080001b6   0x00000000   Code   RO         4074    .ARM.Collect$$libinit$$0000001B  c_w.l(libinit2.o)
    0x080001b6   0x00000000   Code   RO         4076    .ARM.Collect$$libinit$$0000001D  c_w.l(libinit2.o)
    0x080001b6   0x00000000   Code   RO         4078    .ARM.Collect$$libinit$$0000001F  c_w.l(libinit2.o)
    0x080001b6   0x00000000   Code   RO         4080    .ARM.Collect$$libinit$$00000021  c_w.l(libinit2.o)
    0x080001b6   0x00000000   Code   RO         4082    .ARM.Collect$$libinit$$00000023  c_w.l(libinit2.o)
    0x080001b6   0x00000000   Code   RO         4084    .ARM.Collect$$libinit$$00000025  c_w.l(libinit2.o)
    0x080001b6   0x00000000   Code   RO         4088    .ARM.Collect$$libinit$$0000002C  c_w.l(libinit2.o)
    0x080001b6   0x00000000   Code   RO         4090    .ARM.Collect$$libinit$$0000002E  c_w.l(libinit2.o)
    0x080001b6   0x00000000   Code   RO         4092    .ARM.Collect$$libinit$$00000030  c_w.l(libinit2.o)
    0x080001b6   0x00000000   Code   RO         4094    .ARM.Collect$$libinit$$00000032  c_w.l(libinit2.o)
    0x080001b6   0x00000002   Code   RO         4095    .ARM.Collect$$libinit$$00000033  c_w.l(libinit2.o)
    0x080001b8   0x00000002   Code   RO         4113    .ARM.Collect$$libshutdown$$00000000  c_w.l(libshutdown.o)
    0x080001ba   0x00000000   Code   RO         4124    .ARM.Collect$$libshutdown$$00000003  c_w.l(libshutdown2.o)
    0x080001ba   0x00000000   Code   RO         4127    .ARM.Collect$$libshutdown$$00000006  c_w.l(libshutdown2.o)
    0x080001ba   0x00000000   Code   RO         4130    .ARM.Collect$$libshutdown$$00000009  c_w.l(libshutdown2.o)
    0x080001ba   0x00000000   Code   RO         4132    .ARM.Collect$$libshutdown$$0000000B  c_w.l(libshutdown2.o)
    0x080001ba   0x00000000   Code   RO         4135    .ARM.Collect$$libshutdown$$0000000E  c_w.l(libshutdown2.o)
    0x080001ba   0x00000002   Code   RO         4136    .ARM.Collect$$libshutdown$$0000000F  c_w.l(libshutdown2.o)
    0x080001bc   0x00000000   Code   RO         3994    .ARM.Collect$$rtentry$$00000000  c_w.l(__rtentry.o)
    0x080001bc   0x00000000   Code   RO         4016    .ARM.Collect$$rtentry$$00000002  c_w.l(__rtentry2.o)
    0x080001bc   0x00000006   Code   RO         4028    .ARM.Collect$$rtentry$$00000004  c_w.l(__rtentry4.o)
    0x080001c2   0x00000000   Code   RO         4018    .ARM.Collect$$rtentry$$00000009  c_w.l(__rtentry2.o)
    0x080001c2   0x00000004   Code   RO         4019    .ARM.Collect$$rtentry$$0000000A  c_w.l(__rtentry2.o)
    0x080001c6   0x00000000   Code   RO         4021    .ARM.Collect$$rtentry$$0000000C  c_w.l(__rtentry2.o)
    0x080001c6   0x00000008   Code   RO         4022    .ARM.Collect$$rtentry$$0000000D  c_w.l(__rtentry2.o)
    0x080001ce   0x00000002   Code   RO         4049    .ARM.Collect$$rtexit$$00000000  c_w.l(rtexit.o)
    0x080001d0   0x00000000   Code   RO         4097    .ARM.Collect$$rtexit$$00000002  c_w.l(rtexit2.o)
    0x080001d0   0x00000004   Code   RO         4098    .ARM.Collect$$rtexit$$00000003  c_w.l(rtexit2.o)
    0x080001d4   0x00000006   Code   RO         4099    .ARM.Collect$$rtexit$$00000004  c_w.l(rtexit2.o)
    0x080001da   0x00000002   PAD
    0x080001dc   0x00000040   Code   RO          369    .text               startup_stm32f10x_hd.o
    0x0800021c   0x00000002   Code   RO         3894    .text               c_w.l(use_no_semi_2.o)
    0x0800021e   0x00000002   PAD
    0x08000220   0x00000018   Code   RO         3900    .text               c_w.l(noretval__2printf.o)
    0x08000238   0x00000028   Code   RO         3902    .text               c_w.l(noretval__2sprintf.o)
    0x08000260   0x0000004e   Code   RO         3906    .text               c_w.l(_printf_pad.o)
    0x080002ae   0x00000002   PAD
    0x080002b0   0x00000078   Code   RO         3908    .text               c_w.l(_printf_dec.o)
    0x08000328   0x00000058   Code   RO         3913    .text               c_w.l(_printf_hex_int.o)
    0x08000380   0x00000138   Code   RO         3943    .text               c_w.l(__printf_flags_wp.o)
    0x080004b8   0x00000006   Code   RO         3954    .text               c_w.l(heapauxi.o)
    0x080004be   0x00000002   Code   RO         3992    .text               c_w.l(use_no_semi.o)
    0x080004c0   0x000000b2   Code   RO         3995    .text               c_w.l(_printf_intcommon.o)
    0x08000572   0x00000002   PAD
    0x08000574   0x00000030   Code   RO         3997    .text               c_w.l(_printf_char_common.o)
    0x080005a4   0x0000000a   Code   RO         3999    .text               c_w.l(_sputc.o)
    0x080005ae   0x00000002   PAD
    0x080005b0   0x00000024   Code   RO         4001    .text               c_w.l(_printf_char_file.o)
    0x080005d4   0x00000008   Code   RO         4032    .text               c_w.l(ferror.o)
    0x080005dc   0x0000004a   Code   RO         4036    .text               c_w.l(sys_stackheap_outer.o)
    0x08000626   0x0000000c   Code   RO         4038    .text               c_w.l(exit.o)
    0x08000632   0x00000002   PAD
    0x08000634   0x00000008   Code   RO         4046    .text               c_w.l(libspace.o)
    0x0800063c   0x00000016   Code   RO          452    i.ADC_Cmd           stm32f10x_adc.o
    0x08000652   0x00000002   PAD
    0x08000654   0x000000ac   Code   RO         3557    i.ADC_Configuration  adc.o
    0x08000700   0x00000016   Code   RO          453    i.ADC_DMACmd        stm32f10x_adc.o
    0x08000716   0x00000014   Code   RO          460    i.ADC_GetCalibrationStatus  stm32f10x_adc.o
    0x0800072a   0x00000008   Code   RO          461    i.ADC_GetConversionValue  stm32f10x_adc.o
    0x08000732   0x00000012   Code   RO          463    i.ADC_GetFlagStatus  stm32f10x_adc.o
    0x08000744   0x00000014   Code   RO          466    i.ADC_GetResetCalibrationStatus  stm32f10x_adc.o
    0x08000758   0x00000050   Code   RO          470    i.ADC_Init          stm32f10x_adc.o
    0x080007a8   0x000000b8   Code   RO          474    i.ADC_RegularChannelConfig  stm32f10x_adc.o
    0x08000860   0x0000000a   Code   RO          475    i.ADC_ResetCalibration  stm32f10x_adc.o
    0x0800086a   0x00000016   Code   RO          477    i.ADC_SoftwareStartConvCmd  stm32f10x_adc.o
    0x08000880   0x0000000a   Code   RO          479    i.ADC_StartCalibration  stm32f10x_adc.o
    0x0800088a   0x00000004   Code   RO          152    i.BusFault_Handler  stm32f10x_it.o
    0x0800088e   0x00000002   Code   RO          153    i.DebugMon_Handler  stm32f10x_it.o
    0x08000890   0x0000001c   Code   RO         1278    i.FLASH_PrefetchBufferCmd  stm32f10x_flash.o
    0x080008ac   0x00000018   Code   RO         1283    i.FLASH_SetLatency  stm32f10x_flash.o
    0x080008c4   0x00000034   Code   RO         1446    i.FSMC_NORSRAMCmd   stm32f10x_fsmc.o
    0x080008f8   0x000000e6   Code   RO         1448    i.FSMC_NORSRAMInit  stm32f10x_fsmc.o
    0x080009de   0x00000116   Code   RO         1561    i.GPIO_Init         stm32f10x_gpio.o
    0x08000af4   0x00000090   Code   RO         1563    i.GPIO_PinRemapConfig  stm32f10x_gpio.o
    0x08000b84   0x00000004   Code   RO         1569    i.GPIO_SetBits      stm32f10x_gpio.o
    0x08000b88   0x00000004   Code   RO          154    i.HardFault_Handler  stm32f10x_it.o
    0x08000b8c   0x0000006c   Code   RO         3576    i.LCD_Clear         lcd.o
    0x08000bf8   0x000001c0   Code   RO         3580    i.LCD_Display_Dir   lcd.o
    0x08000db8   0x0000017c   Code   RO         3589    i.LCD_Fast_DrawPoint  lcd.o
    0x08000f34   0x00003774   Code   RO         3591    i.LCD_Init          lcd.o
    0x080046a8   0x00000014   Code   RO         3593    i.LCD_RD_DATA       lcd.o
    0x080046bc   0x00000016   Code   RO         3595    i.LCD_ReadReg       lcd.o
    0x080046d2   0x00000002   PAD
    0x080046d4   0x00000054   Code   RO         3596    i.LCD_SSD_BackLightSet  lcd.o
    0x08004728   0x000002ec   Code   RO         3597    i.LCD_Scan_Dir      lcd.o
    0x08004a14   0x000001a8   Code   RO         3598    i.LCD_SetCursor     lcd.o
    0x08004bbc   0x00000128   Code   RO         3600    i.LCD_ShowChar      lcd.o
    0x08004ce4   0x00000066   Code   RO         3602    i.LCD_ShowString    lcd.o
    0x08004d4a   0x00000002   PAD
    0x08004d4c   0x0000000c   Code   RO         3604    i.LCD_WR_DATA       lcd.o
    0x08004d58   0x0000000c   Code   RO         3605    i.LCD_WR_REG        lcd.o
    0x08004d64   0x00000014   Code   RO         3607    i.LCD_WriteRAM_Prepare  lcd.o
    0x08004d78   0x00000010   Code   RO         3608    i.LCD_WriteReg      lcd.o
    0x08004d88   0x00000072   Code   RO         3802    i.LDC1000_init      ldc1000.o
    0x08004dfa   0x00000002   PAD
    0x08004dfc   0x00000030   Code   RO         3803    i.LDC_RP            ldc1000.o
    0x08004e2c   0x000000c0   Code   RO         3804    i.LDC_SPI_Init      ldc1000.o
    0x08004eec   0x00000004   Code   RO          155    i.MemManage_Handler  stm32f10x_it.o
    0x08004ef0   0x00000002   Code   RO          156    i.NMI_Handler       stm32f10x_it.o
    0x08004ef2   0x00000002   PAD
    0x08004ef4   0x00000070   Code   RO          384    i.NVIC_Init         misc.o
    0x08004f64   0x00000014   Code   RO          385    i.NVIC_PriorityGroupConfig  misc.o
    0x08004f78   0x00000002   Code   RO          157    i.PendSV_Handler    stm32f10x_it.o
    0x08004f7a   0x00000002   PAD
    0x08004f7c   0x00000018   Code   RO         1975    i.RCC_ADCCLKConfig  stm32f10x_rcc.o
    0x08004f94   0x00000020   Code   RO         1976    i.RCC_AHBPeriphClockCmd  stm32f10x_rcc.o
    0x08004fb4   0x00000020   Code   RO         1977    i.RCC_APB1PeriphClockCmd  stm32f10x_rcc.o
    0x08004fd4   0x00000020   Code   RO         1978    i.RCC_APB1PeriphResetCmd  stm32f10x_rcc.o
    0x08004ff4   0x00000020   Code   RO         1979    i.RCC_APB2PeriphClockCmd  stm32f10x_rcc.o
    0x08005014   0x00000020   Code   RO         1980    i.RCC_APB2PeriphResetCmd  stm32f10x_rcc.o
    0x08005034   0x00000064   Code   RO         3545    i.RCC_Configuration  sys.o
    0x08005098   0x0000004c   Code   RO         1986    i.RCC_DeInit        stm32f10x_rcc.o
    0x080050e4   0x000000d4   Code   RO         1987    i.RCC_GetClocksFreq  stm32f10x_rcc.o
    0x080051b8   0x0000003c   Code   RO         1988    i.RCC_GetFlagStatus  stm32f10x_rcc.o
    0x080051f4   0x00000010   Code   RO         1990    i.RCC_GetSYSCLKSource  stm32f10x_rcc.o
    0x08005204   0x00000018   Code   RO         1991    i.RCC_HCLKConfig    stm32f10x_rcc.o
    0x0800521c   0x0000004c   Code   RO         1992    i.RCC_HSEConfig     stm32f10x_rcc.o
    0x08005268   0x00000018   Code   RO         1998    i.RCC_PCLK1Config   stm32f10x_rcc.o
    0x08005280   0x00000018   Code   RO         1999    i.RCC_PCLK2Config   stm32f10x_rcc.o
    0x08005298   0x0000000c   Code   RO         2000    i.RCC_PLLCmd        stm32f10x_rcc.o
    0x080052a4   0x0000001c   Code   RO         2001    i.RCC_PLLConfig     stm32f10x_rcc.o
    0x080052c0   0x00000018   Code   RO         2004    i.RCC_SYSCLKConfig  stm32f10x_rcc.o
    0x080052d8   0x00000038   Code   RO         2006    i.RCC_WaitForHSEStartUp  stm32f10x_rcc.o
    0x08005310   0x00000054   Code   RO         3805    i.SPI1_ReadWriteByte  ldc1000.o
    0x08005364   0x00000018   Code   RO         2456    i.SPI_Cmd           stm32f10x_spi.o
    0x0800537c   0x00000012   Code   RO         2464    i.SPI_I2S_GetFlagStatus  stm32f10x_spi.o
    0x0800538e   0x00000006   Code   RO         2467    i.SPI_I2S_ReceiveData  stm32f10x_spi.o
    0x08005394   0x00000004   Code   RO         2468    i.SPI_I2S_SendData  stm32f10x_spi.o
    0x08005398   0x0000003c   Code   RO         2469    i.SPI_Init          stm32f10x_spi.o
    0x080053d4   0x00000002   Code   RO          158    i.SVC_Handler       stm32f10x_it.o
    0x080053d6   0x00000008   Code   RO          253    i.SetSysClock       system_stm32f10x.o
    0x080053de   0x00000002   PAD
    0x080053e0   0x000000e0   Code   RO          254    i.SetSysClockTo72   system_stm32f10x.o
    0x080054c0   0x00000060   Code   RO          256    i.SystemInit        system_stm32f10x.o
    0x08005520   0x000000b8   Code   RO         3497    i.TIM1_Configuration  my_time_conf.o
    0x080055d8   0x00000128   Code   RO          159    i.TIM2_IRQHandler   stm32f10x_it.o
    0x08005700   0x00000002   Code   RO          160    i.TIM3_IRQHandler   stm32f10x_it.o
    0x08005702   0x00000002   PAD
    0x08005704   0x00000120   Code   RO         3498    i.TIM3_PWM_Init     my_time_conf.o
    0x08005824   0x00000088   Code   RO         3499    i.TIM4_Configuration  my_time_conf.o
    0x080058ac   0x00000002   Code   RO          161    i.TIM4_IRQHandler   stm32f10x_it.o
    0x080058ae   0x00000002   PAD
    0x080058b0   0x00000094   Code   RO         3500    i.TIM5_PWM_Init     my_time_conf.o
    0x08005944   0x00000080   Code   RO         3501    i.TIM8_Configuration  my_time_conf.o
    0x080059c4   0x00000018   Code   RO         2599    i.TIM_ARRPreloadConfig  stm32f10x_tim.o
    0x080059dc   0x00000006   Code   RO         2606    i.TIM_ClearITPendingBit  stm32f10x_tim.o
    0x080059e2   0x00000018   Code   RO         2611    i.TIM_Cmd           stm32f10x_tim.o
    0x080059fa   0x0000001e   Code   RO         2613    i.TIM_CtrlPWMOutputs  stm32f10x_tim.o
    0x08005a18   0x000001e8   Code   RO         2616    i.TIM_DeInit        stm32f10x_tim.o
    0x08005c00   0x00000036   Code   RO         2617    i.TIM_ETRClockMode1Config  stm32f10x_tim.o
    0x08005c36   0x0000001c   Code   RO         2619    i.TIM_ETRConfig     stm32f10x_tim.o
    0x08005c52   0x00000012   Code   RO         2636    i.TIM_ITConfig      stm32f10x_tim.o
    0x08005c64   0x00000018   Code   RO         2637    i.TIM_ITRxExternalClockConfig  stm32f10x_tim.o
    0x08005c7c   0x00000098   Code   RO         2640    i.TIM_OC1Init       stm32f10x_tim.o
    0x08005d14   0x00000012   Code   RO         2643    i.TIM_OC1PreloadConfig  stm32f10x_tim.o
    0x08005d26   0x00000002   PAD
    0x08005d28   0x000000a4   Code   RO         2645    i.TIM_OC2Init       stm32f10x_tim.o
    0x08005dcc   0x0000001a   Code   RO         2648    i.TIM_OC2PreloadConfig  stm32f10x_tim.o
    0x08005de6   0x00000002   PAD
    0x08005de8   0x000000a0   Code   RO         2650    i.TIM_OC3Init       stm32f10x_tim.o
    0x08005e88   0x00000012   Code   RO         2653    i.TIM_OC3PreloadConfig  stm32f10x_tim.o
    0x08005e9a   0x00000002   PAD
    0x08005e9c   0x0000007c   Code   RO         2655    i.TIM_OC4Init       stm32f10x_tim.o
    0x08005f18   0x0000001a   Code   RO         2657    i.TIM_OC4PreloadConfig  stm32f10x_tim.o
    0x08005f32   0x00000012   Code   RO         2664    i.TIM_SelectInputTrigger  stm32f10x_tim.o
    0x08005f44   0x00000004   Code   RO         2672    i.TIM_SetCompare1   stm32f10x_tim.o
    0x08005f48   0x00000004   Code   RO         2673    i.TIM_SetCompare2   stm32f10x_tim.o
    0x08005f4c   0x00000004   Code   RO         2674    i.TIM_SetCompare3   stm32f10x_tim.o
    0x08005f50   0x00000006   Code   RO         2675    i.TIM_SetCompare4   stm32f10x_tim.o
    0x08005f56   0x00000004   Code   RO         2676    i.TIM_SetCounter    stm32f10x_tim.o
    0x08005f5a   0x00000002   PAD
    0x08005f5c   0x000000a4   Code   RO         2682    i.TIM_TimeBaseInit  stm32f10x_tim.o
    0x08006000   0x00000064   Code   RO         3502    i.Timer2_Init       my_time_conf.o
    0x08006064   0x0000009c   Code   RO         3406    i.USART1_Config     usart.o
    0x08006100   0x00000014   Code   RO          162    i.USART1_IRQHandler  stm32f10x_it.o
    0x08006114   0x000000b4   Code   RO         3407    i.USART2_Config     usart.o
    0x080061c8   0x00000014   Code   RO          163    i.USART2_IRQHandler  stm32f10x_it.o
    0x080061dc   0x00000014   Code   RO          164    i.USART3_IRQHandler  stm32f10x_it.o
    0x080061f0   0x00000012   Code   RO         3143    i.USART_ClearFlag   stm32f10x_usart.o
    0x08006202   0x0000001e   Code   RO         3144    i.USART_ClearITPendingBit  stm32f10x_usart.o
    0x08006220   0x00000018   Code   RO         3147    i.USART_Cmd         stm32f10x_usart.o
    0x08006238   0x0000009c   Code   RO         3149    i.USART_DeInit      stm32f10x_usart.o
    0x080062d4   0x0000004a   Code   RO         3153    i.USART_ITConfig    stm32f10x_usart.o
    0x0800631e   0x00000002   PAD
    0x08006320   0x000000d8   Code   RO         3154    i.USART_Init        stm32f10x_usart.o
    0x080063f8   0x00000004   Code   RO          165    i.UsageFault_Handler  stm32f10x_it.o
    0x080063fc   0x0000000e   Code   RO         3941    i._is_digit         c_w.l(__printf_wp.o)
    0x0800640a   0x00000006   Code   RO         3409    i._sys_exit         usart.o
    0x08006410   0x00000040   Code   RO         3377    i.delay_init        delay.o
    0x08006450   0x0000003c   Code   RO         3378    i.delay_ms          delay.o
    0x0800648c   0x0000003c   Code   RO         3379    i.delay_us          delay.o
    0x080064c8   0x00000050   Code   RO         3874    i.dianji1_con       dianji.o
    0x08006518   0x00000050   Code   RO         3875    i.dianji2_con       dianji.o
    0x08006568   0x0000001c   Code   RO         3410    i.fputc             usart.o
    0x08006584   0x000000c0   Code   RO            1    i.main              main.o
    0x08006644   0x00000118   Code   RO         3856    i.pid               pid.o
    0x0800675c   0x0000002c   Code   RO         3807    i.spi_readByte      ldc1000.o
    0x08006788   0x00000028   Code   RO         3808    i.spi_writeByte     ldc1000.o
    0x080067b0   0x0000005a   Code   RO         3958    x$fpl$dfixu         fz_ws.l(dfixu.o)
    0x0800680a   0x00000026   Code   RO         3962    x$fpl$dfltu         fz_ws.l(dflt_clz.o)
    0x08006830   0x00000154   Code   RO         3968    x$fpl$dmul          fz_ws.l(dmul.o)
    0x08006984   0x0000009c   Code   RO         4004    x$fpl$dnaninf       fz_ws.l(dnaninf.o)
    0x08006a20   0x0000000c   Code   RO         4006    x$fpl$dretinf       fz_ws.l(dretinf.o)
    0x08006a2c   0x000000c4   Code   RO         3970    x$fpl$fadd          fz_ws.l(faddsub_clz.o)
    0x08006af0   0x00000018   Code   RO         4008    x$fpl$fcmpinf       fz_ws.l(fcmpi.o)
    0x08006b08   0x00000036   Code   RO         3976    x$fpl$ffix          fz_ws.l(ffix.o)
    0x08006b3e   0x00000002   PAD
    0x08006b40   0x00000026   Code   RO         3980    x$fpl$ffltu         fz_ws.l(fflt_clz.o)
    0x08006b66   0x00000002   PAD
    0x08006b68   0x00000068   Code   RO         3986    x$fpl$fleqf         fz_ws.l(fleqf.o)
    0x08006bd0   0x00000102   Code   RO         3988    x$fpl$fmul          fz_ws.l(fmul.o)
    0x08006cd2   0x0000008c   Code   RO         4010    x$fpl$fnaninf       fz_ws.l(fnaninf.o)
    0x08006d5e   0x0000000a   Code   RO         4012    x$fpl$fretinf       fz_ws.l(fretinf.o)
    0x08006d68   0x00000062   Code   RO         3990    x$fpl$frleqf        fz_ws.l(frleqf.o)
    0x08006dca   0x00000014   Code   RO         3971    x$fpl$frsb          fz_ws.l(faddsub_clz.o)
    0x08006dde   0x00000002   PAD
    0x08006de0   0x000000ea   Code   RO         3972    x$fpl$fsub          fz_ws.l(faddsub_clz.o)
    0x08006eca   0x00000000   Code   RO         4014    x$fpl$usenofp       fz_ws.l(usenofp.o)
    0x08006eca   0x000017c0   Data   RO         3611    .constdata          lcd.o
    0x0800868a   0x00000028   Data   RO         3914    .constdata          c_w.l(_printf_hex_int.o)
    0x080086b2   0x00000011   Data   RO         3944    .constdata          c_w.l(__printf_flags_wp.o)
    0x080086c3   0x00000001   PAD
    0x080086c4   0x00000020   Data   RO         4168    Region$$Table       anon$$obj.o


    Execution Region RW_IRAM1 (Base: 0x20000000, Size: 0x000006f8, Max: 0x00010000, ABSOLUTE)

    Base Addr    Size         Type   Attr      Idx    E Section Name        Object

    0x20000000   0x00000008   Data   RW            3    .data               main.o
    0x20000008   0x00000008   Data   RW          167    .data               stm32f10x_it.o
    0x20000010   0x00000014   Data   RW         2007    .data               stm32f10x_rcc.o
    0x20000024   0x00000004   Data   RW         3380    .data               delay.o
    0x20000028   0x00000004   Data   RW         3412    .data               usart.o
    0x2000002c   0x00000002   Data   RW         3558    .data               adc.o
    0x2000002e   0x00000004   Data   RW         3612    .data               lcd.o
    0x20000032   0x00000002   PAD
    0x20000034   0x00000010   Data   RW         3809    .data               ldc1000.o
    0x20000044   0x00000040   Data   RW         3857    .data               pid.o
    0x20000084   0x0000000e   Zero   RW         3610    .bss                lcd.o
    0x20000092   0x00000002   PAD
    0x20000094   0x00000060   Zero   RW         4047    .bss                c_w.l(libspace.o)
    0x200000f4   0x00000004   PAD
    0x200000f8   0x00000200   Zero   RW          367    HEAP                startup_stm32f10x_hd.o
    0x200002f8   0x00000400   Zero   RW          366    STACK               startup_stm32f10x_hd.o


==============================================================================

Image component sizes


      Code (inc. data)   RO Data    RW Data    ZI Data      Debug   Object Name

       172          8          0          2          0        823   adc.o
       184         16          0          4          0       1635   delay.o
       160         16          0          0          0        928   dianji.o
     16888        184       6080          4         14      19743   lcd.o
       522         38          0         16          0       4003   ldc1000.o
       192         30          0          8          0     251701   main.o
       132         22          0          0          0     215151   misc.o
       984         54          0          0          0       4177   my_time_conf.o
       280         24          0         64          0       1128   pid.o
        64         26        304          0       1536        804   startup_stm32f10x_hd.o
       416         10          0          0          0       8046   stm32f10x_adc.o
        52         12          0          0          0       1013   stm32f10x_flash.o
       282          6          0          0          0       1701   stm32f10x_fsmc.o
       426          6          0          0          0       3149   stm32f10x_gpio.o
       384         58          0          8          0       6465   stm32f10x_it.o
       816        116          0         20          0      11991   stm32f10x_rcc.o
       112          0          0          0          0       3586   stm32f10x_spi.o
      1588        156          0          0          0      14291   stm32f10x_tim.o
       518         28          0          0          0       5185   stm32f10x_usart.o
       100          0          0          0          0        548   sys.o
       328         28          0          0          0      59853   system_stm32f10x.o
       370         22          0          4          0     217742   usart.o

    ----------------------------------------------------------------------
     24998        860       6416        132       1552     833663   Object Totals
         0          0         32          0          0          0   (incl. Generated)
        28          0          0          2          2          0   (incl. Padding)

    ----------------------------------------------------------------------

      Code (inc. data)   RO Data    RW Data    ZI Data      Debug   Library Member Name

         8          0          0          0          0         68   __main.o
       312          4         17          0          0         92   __printf_flags_wp.o
        14          0          0          0          0         68   __printf_wp.o
         0          0          0          0          0          0   __rtentry.o
        12          0          0          0          0          0   __rtentry2.o
         6          0          0          0          0          0   __rtentry4.o
        52          8          0          0          0          0   __scatter.o
        26          0          0          0          0          0   __scatter_copy.o
        28          0          0          0          0          0   __scatter_zi.o
        48          6          0          0          0         96   _printf_char_common.o
        36          4          0          0          0         80   _printf_char_file.o
         6          0          0          0          0          0   _printf_d.o
       120         16          0          0          0         92   _printf_dec.o
        88          4         40          0          0         88   _printf_hex_int.o
       178          0          0          0          0         88   _printf_intcommon.o
        78          0          0          0          0        108   _printf_pad.o
         0          0          0          0          0          0   _printf_percent.o
         4          0          0          0          0          0   _printf_percent_end.o
         6          0          0          0          0          0   _printf_x.o
        10          0          0          0          0         68   _sputc.o
        12          0          0          0          0         72   exit.o
         8          0          0          0          0         68   ferror.o
         6          0          0          0          0        152   heapauxi.o
         2          0          0          0          0          0   libinit.o
         2          0          0          0          0          0   libinit2.o
         2          0          0          0          0          0   libshutdown.o
         2          0          0          0          0          0   libshutdown2.o
         8          4          0          0         96         68   libspace.o
        24          4          0          0          0         84   noretval__2printf.o
        40          6          0          0          0         84   noretval__2sprintf.o
         2          0          0          0          0          0   rtexit.o
        10          0          0          0          0          0   rtexit2.o
        74          0          0          0          0         80   sys_stackheap_outer.o
         2          0          0          0          0         68   use_no_semi.o
         2          0          0          0          0         68   use_no_semi_2.o
        90          4          0          0          0         92   dfixu.o
        38          0          0          0          0         68   dflt_clz.o
       340         12          0          0          0        104   dmul.o
       156          4          0          0          0         92   dnaninf.o
        12          0          0          0          0         68   dretinf.o
       450          8          0          0          0        236   faddsub_clz.o
        24          0          0          0          0         68   fcmpi.o
        54          4          0          0          0         84   ffix.o
        38          0          0          0          0         68   fflt_clz.o
       104          4          0          0          0         84   fleqf.o
       258          4          0          0          0         84   fmul.o
       140          4          0          0          0         84   fnaninf.o
        10          0          0          0          0         68   fretinf.o
        98          0          0          0          0         68   frleqf.o
         0          0          0          0          0          0   usenofp.o

    ----------------------------------------------------------------------
      3060        100         58          0        100       2860   Library Totals
        20          0          1          0          4          0   (incl. Padding)

    ----------------------------------------------------------------------

      Code (inc. data)   RO Data    RW Data    ZI Data      Debug   Library Name

      1228         56         57          0         96       1592   c_w.l
      1812         44          0          0          0       1268   fz_ws.l

    ----------------------------------------------------------------------
      3060        100         58          0        100       2860   Library Totals

    ----------------------------------------------------------------------

==============================================================================


      Code (inc. data)   RO Data    RW Data    ZI Data      Debug   

     28058        960       6474        132       1652     828459   Grand Totals
     28058        960       6474        132       1652     828459   ELF Image Totals
     28058        960       6474        132          0          0   ROM Totals

==============================================================================

    Total RO  Size (Code + RO Data)                34532 (  33.72kB)
    Total RW  Size (RW Data + ZI Data)              1784 (   1.74kB)
    Total ROM Size (Code + RO Data + RW Data)      34664 (  33.85kB)

==============================================================================

